All constraints removed



Field Weights Command WTF     100     100     100 Not supported
FindBestFocus plumbing works!
TRACING        256 RAYS AT WAVELENGTH 1
 CAPFN RAY TRACING COMPLETED
 PERFORMING "CAPFN" CALCULATIONS...
RMSOPD =   0.156104061568143
TRACING        256 RAYS AT WAVELENGTH 1
 CAPFN RAY TRACING COMPLETED
 PERFORMING "CAPFN" CALCULATIONS...
CAUTION MESSAGE ONLY:
PUPIL FUCTION MIGHT NOT BE SAMPLED SUFFICIENTLY
 POSSIBLY USE A DENSER RAY GRID
USE CAUTION INTERPRETING DIFFRACTION BASED RESULTS.
RMSOPD =    63.9891330669648
TRACING        256 RAYS AT WAVELENGTH 1
 CAPFN RAY TRACING COMPLETED
 PERFORMING "CAPFN" CALCULATIONS...
CAUTION MESSAGE ONLY:
PUPIL FUCTION MIGHT NOT BE SAMPLED SUFFICIENTLY
 POSSIBLY USE A DENSER RAY GRID
USE CAUTION INTERPRETING DIFFRACTION BASED RESULTS.
RMSOPD =    28.2186837937507
TRACING        256 RAYS AT WAVELENGTH 1
 CAPFN RAY TRACING COMPLETED
 PERFORMING "CAPFN" CALCULATIONS...
CAUTION MESSAGE ONLY:
PUPIL FUCTION MIGHT NOT BE SAMPLED SUFFICIENTLY
 POSSIBLY USE A DENSER RAY GRID
USE CAUTION INTERPRETING DIFFRACTION BASED RESULTS.
RMSOPD =    8.44434840469699
TRACING        256 RAYS AT WAVELENGTH 1
 CAPFN RAY TRACING COMPLETED
 PERFORMING "CAPFN" CALCULATIONS...
CAUTION MESSAGE ONLY:
PUPIL FUCTION MIGHT NOT BE SAMPLED SUFFICIENTLY
 POSSIBLY USE A DENSER RAY GRID
USE CAUTION INTERPRETING DIFFRACTION BASED RESULTS.
RMSOPD =    20.0868723508152
TRACING        256 RAYS AT WAVELENGTH 1
 CAPFN RAY TRACING COMPLETED
 PERFORMING "CAPFN" CALCULATIONS...
CAUTION MESSAGE ONLY:
PUPIL FUCTION MIGHT NOT BE SAMPLED SUFFICIENTLY
 POSSIBLY USE A DENSER RAY GRID
USE CAUTION INTERPRETING DIFFRACTION BASED RESULTS.
RMSOPD =    1.35105733515722
TRACING        256 RAYS AT WAVELENGTH 1
 CAPFN RAY TRACING COMPLETED
 PERFORMING "CAPFN" CALCULATIONS...
CAUTION MESSAGE ONLY:
PUPIL FUCTION MIGHT NOT BE SAMPLED SUFFICIENTLY
 POSSIBLY USE A DENSER RAY GRID
USE CAUTION INTERPRETING DIFFRACTION BASED RESULTS.
RMSOPD =    1.82056940986048
TRACING        256 RAYS AT WAVELENGTH 1
 CAPFN RAY TRACING COMPLETED
 PERFORMING "CAPFN" CALCULATIONS...
RMSOPD =   0.127139782058288
TRACING        256 RAYS AT WAVELENGTH 1
 CAPFN RAY TRACING COMPLETED
 PERFORMING "CAPFN" CALCULATIONS...
RMSOPD =   0.264311159128653
TRACING        256 RAYS AT WAVELENGTH 1
 CAPFN RAY TRACING COMPLETED
 PERFORMING "CAPFN" CALCULATIONS...
RMSOPD =   0.326334390163587E-01
TRACING        256 RAYS AT WAVELENGTH 1
 CAPFN RAY TRACING COMPLETED
 PERFORMING "CAPFN" CALCULATIONS...
RMSOPD =   0.114800719972704
TRACING        256 RAYS AT WAVELENGTH 1
 CAPFN RAY TRACING COMPLETED
 PERFORMING "CAPFN" CALCULATIONS...
RMSOPD =   0.232744111906697E-01
TRACING        256 RAYS AT WAVELENGTH 1
 CAPFN RAY TRACING COMPLETED
 PERFORMING "CAPFN" CALCULATIONS...
RMSOPD =   0.362992127643601E-01
TRACING        256 RAYS AT WAVELENGTH 1
 CAPFN RAY TRACING COMPLETED
 PERFORMING "CAPFN" CALCULATIONS...
RMSOPD =   0.231475372407752E-01
TRACING        256 RAYS AT WAVELENGTH 1
 CAPFN RAY TRACING COMPLETED
 PERFORMING "CAPFN" CALCULATIONS...
RMSOPD =   0.231453890210566E-01
TRACING        256 RAYS AT WAVELENGTH 1
 CAPFN RAY TRACING COMPLETED
 PERFORMING "CAPFN" CALCULATIONS...
RMSOPD =   0.231440333124511E-01
TRACING        256 RAYS AT WAVELENGTH 1
 CAPFN RAY TRACING COMPLETED
 PERFORMING "CAPFN" CALCULATIONS...
RMSOPD =   0.231440333124511E-01
TRACING        256 RAYS AT WAVELENGTH 1
 CAPFN RAY TRACING COMPLETED
 PERFORMING "CAPFN" CALCULATIONS...
RMSOPD =   0.231440333124511E-01
TRACING        256 RAYS AT WAVELENGTH 1
 CAPFN RAY TRACING COMPLETED
 PERFORMING "CAPFN" CALCULATIONS...
RMSOPD =   0.231442718714943E-01
TRACING        256 RAYS AT WAVELENGTH 1
 CAPFN RAY TRACING COMPLETED
 PERFORMING "CAPFN" CALCULATIONS...
RMSOPD =   0.231440549850170E-01
TRACING        256 RAYS AT WAVELENGTH 1
 CAPFN RAY TRACING COMPLETED
 PERFORMING "CAPFN" CALCULATIONS...
RMSOPD =   0.231440549850170E-01
TRACING        256 RAYS AT WAVELENGTH 1
 CAPFN RAY TRACING COMPLETED
 PERFORMING "CAPFN" CALCULATIONS...
RMSOPD =   0.231440333124511E-01
TRACING        256 RAYS AT WAVELENGTH 1
 CAPFN RAY TRACING COMPLETED
 PERFORMING "CAPFN" CALCULATIONS...
RMSOPD =   0.231440333124511E-01
TRACING        256 RAYS AT WAVELENGTH 1
 CAPFN RAY TRACING COMPLETED
 PERFORMING "CAPFN" CALCULATIONS...
RMSOPD =   0.231440333124511E-01
TRACING        256 RAYS AT WAVELENGTH 1
 CAPFN RAY TRACING COMPLETED
 PERFORMING "CAPFN" CALCULATIONS...
RMSOPD =   0.231440333124511E-01
TRACING        256 RAYS AT WAVELENGTH 1
 CAPFN RAY TRACING COMPLETED
 PERFORMING "CAPFN" CALCULATIONS...
RMSOPD =   0.231440549850170E-01
TRACING        256 RAYS AT WAVELENGTH 1
 CAPFN RAY TRACING COMPLETED
 PERFORMING "CAPFN" CALCULATIONS...
RMSOPD =   0.231440333124511E-01
TRACING        256 RAYS AT WAVELENGTH 1
 CAPFN RAY TRACING COMPLETED
 PERFORMING "CAPFN" CALCULATIONS...
RMSOPD =   0.231440333124511E-01
TRACING        256 RAYS AT WAVELENGTH 1
 CAPFN RAY TRACING COMPLETED
 PERFORMING "CAPFN" CALCULATIONS...
RMSOPD =   0.231440333124511E-01
RMS at best image focus is 0.023
Real SETCLAP Loop
In here and RRAD is 5.87276
          CLEAR APERTURE ASSIGNED TO SURFACE   1
CLEAR APERTURE DIMENSIONS CHANGED AT SURFACE   1
CLEAR APERTURE DIMENSIONS CHANGED AT SURFACE   2
CLEAR APERTURE DIMENSIONS CHANGED AT SURFACE   3
In here and RRAD is 4.00735
          CLEAR APERTURE ASSIGNED TO SURFACE   4
CLEAR APERTURE DIMENSIONS CHANGED AT SURFACE   4
In here and RRAD is 5.27857
          CLEAR APERTURE ASSIGNED TO SURFACE   5
CLEAR APERTURE DIMENSIONS CHANGED AT SURFACE   5
In here and RRAD is 5.60515
          CLEAR APERTURE ASSIGNED TO SURFACE   6
CLEAR APERTURE DIMENSIONS CHANGED AT SURFACE   6

FindBestFocus plumbing works!
TRACING        256 RAYS AT WAVELENGTH 1
 CAPFN RAY TRACING COMPLETED
 PERFORMING "CAPFN" CALCULATIONS...
RMSOPD =   0.156104061577056
TRACING        256 RAYS AT WAVELENGTH 1
 CAPFN RAY TRACING COMPLETED
 PERFORMING "CAPFN" CALCULATIONS...
CAUTION MESSAGE ONLY:
PUPIL FUCTION MIGHT NOT BE SAMPLED SUFFICIENTLY
 POSSIBLY USE A DENSER RAY GRID
USE CAUTION INTERPRETING DIFFRACTION BASED RESULTS.
RMSOPD =    63.9891330700694
TRACING        256 RAYS AT WAVELENGTH 1
 CAPFN RAY TRACING COMPLETED
 PERFORMING "CAPFN" CALCULATIONS...
CAUTION MESSAGE ONLY:
PUPIL FUCTION MIGHT NOT BE SAMPLED SUFFICIENTLY
 POSSIBLY USE A DENSER RAY GRID
USE CAUTION INTERPRETING DIFFRACTION BASED RESULTS.
RMSOPD =    28.2186837951340
TRACING        256 RAYS AT WAVELENGTH 1
 CAPFN RAY TRACING COMPLETED
 PERFORMING "CAPFN" CALCULATIONS...
CAUTION MESSAGE ONLY:
PUPIL FUCTION MIGHT NOT BE SAMPLED SUFFICIENTLY
 POSSIBLY USE A DENSER RAY GRID
USE CAUTION INTERPRETING DIFFRACTION BASED RESULTS.
RMSOPD =    8.44434840511073
TRACING        256 RAYS AT WAVELENGTH 1
 CAPFN RAY TRACING COMPLETED
 PERFORMING "CAPFN" CALCULATIONS...
CAUTION MESSAGE ONLY:
PUPIL FUCTION MIGHT NOT BE SAMPLED SUFFICIENTLY
 POSSIBLY USE A DENSER RAY GRID
USE CAUTION INTERPRETING DIFFRACTION BASED RESULTS.
RMSOPD =    20.0868723517914
TRACING        256 RAYS AT WAVELENGTH 1
 CAPFN RAY TRACING COMPLETED
 PERFORMING "CAPFN" CALCULATIONS...
CAUTION MESSAGE ONLY:
PUPIL FUCTION MIGHT NOT BE SAMPLED SUFFICIENTLY
 POSSIBLY USE A DENSER RAY GRID
USE CAUTION INTERPRETING DIFFRACTION BASED RESULTS.
RMSOPD =    1.35105733522058
TRACING        256 RAYS AT WAVELENGTH 1
 CAPFN RAY TRACING COMPLETED
 PERFORMING "CAPFN" CALCULATIONS...
CAUTION MESSAGE ONLY:
PUPIL FUCTION MIGHT NOT BE SAMPLED SUFFICIENTLY
 POSSIBLY USE A DENSER RAY GRID
USE CAUTION INTERPRETING DIFFRACTION BASED RESULTS.
RMSOPD =    1.82056940995054
TRACING        256 RAYS AT WAVELENGTH 1
 CAPFN RAY TRACING COMPLETED
 PERFORMING "CAPFN" CALCULATIONS...
RMSOPD =   0.127139782065988
TRACING        256 RAYS AT WAVELENGTH 1
 CAPFN RAY TRACING COMPLETED
 PERFORMING "CAPFN" CALCULATIONS...
RMSOPD =   0.264311159139668
TRACING        256 RAYS AT WAVELENGTH 1
 CAPFN RAY TRACING COMPLETED
 PERFORMING "CAPFN" CALCULATIONS...
RMSOPD =   0.326334390162652E-01
TRACING        256 RAYS AT WAVELENGTH 1
 CAPFN RAY TRACING COMPLETED
 PERFORMING "CAPFN" CALCULATIONS...
RMSOPD =   0.114800719976163
TRACING        256 RAYS AT WAVELENGTH 1
 CAPFN RAY TRACING COMPLETED
 PERFORMING "CAPFN" CALCULATIONS...
RMSOPD =   0.232744111919821E-01
TRACING        256 RAYS AT WAVELENGTH 1
 CAPFN RAY TRACING COMPLETED
 PERFORMING "CAPFN" CALCULATIONS...
RMSOPD =   0.362992127670775E-01
TRACING        256 RAYS AT WAVELENGTH 1
 CAPFN RAY TRACING COMPLETED
 PERFORMING "CAPFN" CALCULATIONS...
RMSOPD =   0.231475372413091E-01
TRACING        256 RAYS AT WAVELENGTH 1
 CAPFN RAY TRACING COMPLETED
 PERFORMING "CAPFN" CALCULATIONS...
RMSOPD =   0.231453890210271E-01
TRACING        256 RAYS AT WAVELENGTH 1
 CAPFN RAY TRACING COMPLETED
 PERFORMING "CAPFN" CALCULATIONS...
RMSOPD =   0.231440333110638E-01
TRACING        256 RAYS AT WAVELENGTH 1
 CAPFN RAY TRACING COMPLETED
 PERFORMING "CAPFN" CALCULATIONS...
RMSOPD =   0.231440333110638E-01
TRACING        256 RAYS AT WAVELENGTH 1
 CAPFN RAY TRACING COMPLETED
 PERFORMING "CAPFN" CALCULATIONS...
RMSOPD =   0.231440333110638E-01
TRACING        256 RAYS AT WAVELENGTH 1
 CAPFN RAY TRACING COMPLETED
 PERFORMING "CAPFN" CALCULATIONS...
RMSOPD =   0.231442718712502E-01
TRACING        256 RAYS AT WAVELENGTH 1
 CAPFN RAY TRACING COMPLETED
 PERFORMING "CAPFN" CALCULATIONS...
RMSOPD =   0.231440549848019E-01
TRACING        256 RAYS AT WAVELENGTH 1
 CAPFN RAY TRACING COMPLETED
 PERFORMING "CAPFN" CALCULATIONS...
RMSOPD =   0.231440549848019E-01
TRACING        256 RAYS AT WAVELENGTH 1
 CAPFN RAY TRACING COMPLETED
 PERFORMING "CAPFN" CALCULATIONS...
RMSOPD =   0.231440333110638E-01
TRACING        256 RAYS AT WAVELENGTH 1
 CAPFN RAY TRACING COMPLETED
 PERFORMING "CAPFN" CALCULATIONS...
RMSOPD =   0.231440333110638E-01
TRACING        256 RAYS AT WAVELENGTH 1
 CAPFN RAY TRACING COMPLETED
 PERFORMING "CAPFN" CALCULATIONS...
RMSOPD =   0.231440333110638E-01
TRACING        256 RAYS AT WAVELENGTH 1
 CAPFN RAY TRACING COMPLETED
 PERFORMING "CAPFN" CALCULATIONS...
RMSOPD =   0.231440333110638E-01
TRACING        256 RAYS AT WAVELENGTH 1
 CAPFN RAY TRACING COMPLETED
 PERFORMING "CAPFN" CALCULATIONS...
RMSOPD =   0.231440549848019E-01
TRACING        256 RAYS AT WAVELENGTH 1
 CAPFN RAY TRACING COMPLETED
 PERFORMING "CAPFN" CALCULATIONS...
RMSOPD =   0.231440333110638E-01
TRACING        256 RAYS AT WAVELENGTH 1
 CAPFN RAY TRACING COMPLETED
 PERFORMING "CAPFN" CALCULATIONS...
RMSOPD =   0.231440333110638E-01
TRACING        256 RAYS AT WAVELENGTH 1
 CAPFN RAY TRACING COMPLETED
 PERFORMING "CAPFN" CALCULATIONS...
RMSOPD =   0.231440333110638E-01
RMS at best image focus is 0.023
ENTRANCE PUPIL
DIA       10.0000
THI       6.7224
INFINITE CONJUGATES
EFL       50.0107
BFL       38.5152
FFL       -44.5831
FNO       0.0000
IMG DIS   38.5152
OAL       16.6000
PARAXIAL IMAGE
 HT      8.8182
ANG       10.3644 DEG
ENTRANCE PUPIL
DIA       10.0000
THI       6.7224
EXIT PUPIL
DIA       NaN
THI       NaN

PLEASE WAIT...
PLOT: zoa_plot_1.png 1200x800
