All constraints removed



Field Weights Command WTF     100 Not supported

          RDY          THI     RMD          GLA          CCY     THC     GLC
OBJ:    INFINITY    INFINITY                              100     100     100
001:    50.00000    6.00000               N-SK16_SCH2000 100     100     100
002:    -150.000    18.00000                              100     100     100
STO:    INFINITY    18.00000                              100     100     100
004:    150.00000    6.00000               N-SK16_SCH2000 100     100     100
005:    -60.000    14.27360                              100     100     100
IMG:    INFINITY    0.00000                              100     100     100
___
ASPHERES
# 1 K -0.50000
___
ASPHERES
# 4 K -0.50000
CURRENT LENS DATA LISTING
OSDasdoublet
THE CURRENT LIC IS BLANK
THE CURRENT INI IS BLANK
THE CURRENT LTYPE IS BLANK
UNITS = MILLIMETERS
REF OBJ Y-HT                    REF AP Y-HT         OBJ SF#  REF SF#  IMG SF#
 -0.00000    (  0.000     DG)      3.298                 0        3        6

REF OBJ X-HT                    REF AP X-HT         OBJ SF#  REF SF#  IMG SF#
 -0.00000    (  0.000     DG)      3.298                 0        3        6
 THERE ARE CURRENTLY            1  ANALYSIS FIELD POSITIONS DEFINED
 UNITS ARE DEGREES
POS # =  1 X-VALUE =   0.00000     Y-VALUE =   0.00000
YZ-PLANE FIRST ORDER OPERATING CONDITIONS
  EFL          BFD          F-NUM        LENGTH      GIH
  47.713       14.274       4.7713       62.274     -0.47713E-11
XZ-PLANE FIRST ORDER OPERATING CONDITIONS
  EFL          BFD          F-NUM        LENGTH      GIH
  47.713       14.274       4.7713       62.274     -0.47713E-11
SEMI-APERTURE REFERENCE RAY HEIGHT AT SURFACE #1
SAY(YZ-PLANE IN LENS UNITS) =    0.500000000000000D+01

SEMI-APERTURE REFERENCE RAY HEIGHT AT SURFACE #1
SAX(XZ-PLANE IN LENS UNITS) =    0.500000000000000D+01
NO AUTOFUNC FUNCTION IS CURRENTLY SPECIFIED
WAVL NBR          1            2            3            4            5
WAVELENGTH    0.58756       0.0000       0.0000       0.0000       0.0000
SPECTRAL WT    1.000        0.000        0.000        0.000        0.000
WAVL NBR          6            7            8            9            10
WAVELENGTH     0.0000       0.0000       0.0000       0.0000       0.0000
SPECTRAL WT    0.000        0.000        0.000        0.000        0.000
EVALUATION MODE IS FOCAL
THE CURRENT APERTURE STOP SURFACE IS SURFACE #   3
SPECIAL CONDITIONS

  6           VERTEX
BASIC LENS DATA (RADIUS MODE)

SURF  RADIUS        THICKNESS          MATERIAL          INDEX        V-NUM
  0    0.00000      0.100000E+14         AIR
  1*   50.0000       6.00000     SCH2000 N-SK16          1.62041       0.00
  1*Conic,Asphere
  2   -150.000       18.0000             AIR
  3*   0.00000       18.0000             AIR
  3*REFS,STOP
  4*   150.000       6.00000     SCH2000 N-SK16          1.62041       0.00
  4*Conic,Asphere,Special,Pikup
  5*  -60.0000       14.2736             AIR
  5*Solve
  6    0.00000       0.00000             LAST SURFACE
CONIC AND 4th THROUGH 10th ORDER ASPHERIC DATA
(+) - DESIGNATES A PLANO SURFACE WITH A 2ND ORDER ASPHERIC
TERM IN THE SECOND COLUMN INSTEAD OF A CONIC CONSTANT

SURF   CC/AC           AD            AE            AF            AG
  1 -0.500000      0.100000E-04   0.00000       0.00000       0.00000
  4 -0.500000      0.100000E-04   0.00000       0.00000       0.00000
NO 12th through 20th ORDER ASPHERIC DATA
NO CONIC OR ASPHERIC ANAMORPHIC DATA
NO DEFORMABLE SURFACE DATA
NO TILT AND DECENTER DATA
NO TORIC OR ANAMORPHIC DATA
NO CLEAR APERTURE OR OBSCURATION DATA
REFRACTIVE INDEX DATA (WAVELENGTHS #1 TO #5)

SURF    N1             N2             N3             N4             N5
  0               AIR
  0    1.00000        1.00000        1.00000        1.00000        1.00000
  1 SCH2000       N-SK16
  1    1.62041        1.00000        1.00000        1.00000        1.00000
  2               AIR
  2    1.00000        1.00000        1.00000        1.00000        1.00000
  3               AIR
  3    1.00000        1.00000        1.00000        1.00000        1.00000
  4 SCH2000       N-SK16
  4    1.62041        1.00000        1.00000        1.00000        1.00000
  5               AIR
  5    1.00000        1.00000        1.00000        1.00000        1.00000
  6               LAST SURFACE
  6    1.00000        1.00000        1.00000        1.00000        1.00000
REFRACTIVE INDEX DATA (WAVELENGTHS #6 TO #10)

SURF    N6             N7             N8             N9             N10
  0               AIR
  0    1.00000        1.00000        1.00000        1.00000        1.00000
  1 SCH2000       N-SK16
  1    1.00000        1.00000        1.00000        1.00000        1.00000
  2               AIR
  2    1.00000        1.00000        1.00000        1.00000        1.00000
  3               AIR
  3    1.00000        1.00000        1.00000        1.00000        1.00000
  4 SCH2000       N-SK16
  4    1.00000        1.00000        1.00000        1.00000        1.00000
  5               AIR
  5    1.00000        1.00000        1.00000        1.00000        1.00000
  6               LAST SURFACE
  6    1.00000        1.00000        1.00000        1.00000        1.00000

SURFACE "SPECIFIC GRAVITY (gm/cc)" VALUES

SURF     "SPGR" VALUE (IN CURRENT LENS UNITS)
  0             0.0000000
  1             0.0000000
  2             0.0000000
  3             0.0000000
  4             0.0000000
  5             0.0000000
  6             0.0000000
NO LINEAR DIFFRATION GRATING DATA FOUND
SOLVES

SURF TYPE   PARAMETER       VALUE           SLV DATUM
  5  PY        TH          14.274          0.0000
NO PIKUP DATA
SURFACE TYPE DATA

SURF       SURFACE TYPE
  0           REAL
  1           REAL
  2           REAL
  3           REAL
  4           REAL
  5           REAL
  6           REAL
SURFACE FOOTBLOK DATA

SURF     FOOTBLOK DEFINITION
  0           OFF
  1           OFF
  2           OFF
  3           OFF
  4           OFF
  5           OFF
  6           OFF
SURFACE PIVAXIS DATA

SURF     PIVAXIS DEFINITION
  0           VERTEX
  1           VERTEX
  2           VERTEX
  3           VERTEX
  4           VERTEX
  5           VERTEX
  6           VERTEX
SURFACE (FORCED DUMMY) DATA

SURF     FORCED DUMMY SETTING
  0            NO/OFF
  1            NO/OFF
  2            NO/OFF
  3            NO/OFF
  4            NO/OFF
  5            NO/OFF
  6            NO/OFF

SURFACE "INR" VALUES
"INR" IS THE REFERENCE RADIUS FOR "FRINGE" CALCULATIONS

SURF     "INR" VALUE (IN CURRENT LENS UNITS)
  0             1.0000000
  1             5.0000001
  2             4.7702767
  3             3.2983955
  4             1.8265143
  5             1.4957618
  6            0.47720142E-11
NO MIRROR THICKNESS DATA
NO PRICE DATA
SURFACE COATING NUMBER DATA

SURF    COATING NUMBER
  0     SURFACE NOT COATED
  1     SURFACE NOT COATED
  2     SURFACE NOT COATED
  3     SURFACE NOT COATED
  4     SURFACE NOT COATED
  5     SURFACE NOT COATED
  6     SURFACE NOT COATED
SPECIAL SURFACE DATA
SURFACE =  4  SPECIAL SURFACE TYPE = 2- ON
30 TERM ZERNIKE POLYNOMIAL SURFACE
C(01)=  0.0000     C(02)=  0.0000     C(03)=  0.0000     C(04)=  0.0000
C(05)=  0.0000     C(06)=  0.0000     C(07)=  0.0000     C(08)=  0.0000
C(09)=  0.0000     C(10)=  0.0000     C(11)=  0.0000     C(12)=  0.0000
C(13)=  0.0000     C(14)=  0.0000     C(15)=  0.0000     C(16)=  0.0000
C(17)=  0.0000     C(18)=  0.0000     C(19)=  0.0000     C(20)=  0.0000
C(21)=  0.0000     C(22)=  0.0000     C(23)=  0.0000     C(24)=  0.0000
C(25)=  0.0000     C(26)=  0.0000     C(27)=  0.0000     C(28)=  0.0000
C(29)=  0.0000     C(30)=  0.0000     C(31)=  0.0000     C(32)=  0.0000
C(33)=  0.0000     C(34)=  0.0000     C(35)=  0.0000     C(36)=  0.0000
C(37)=  0.0000     C(38)=  0.0000     C(39)=  0.0000     C(40)=  0.0000
C(41)=  0.0000     C(42)=  0.0000     C(43)=  0.0000     C(44)=  0.0000
C(45)=  0.0000     C(46)=  0.0000     C(47)=  0.0000     C(48)=  0.0000
C(49)=  0.0000     C(50)=  0.0000     C(51)=  0.0000     C(52)=  0.0000
C(53)=  0.0000     C(54)=  0.0000     C(55)=  0.0000     C(56)=  0.0000
C(57)=  0.0000     C(58)=  0.0000     C(59)=  0.0000     C(60)=  0.0000
C(61)=  0.0000     C(62)=  0.0000     C(63)=  0.0000     C(64)=  0.0000
C(65)=  0.0000     C(66)=  0.0000
NO CONFIG DATA

CURRENT CONFIGURATION NUMBER IS   1
Number of tokens is 2
File name to save is ASPHMOD.zoa
All constraints removed



Field Weights Command WTF     100 Not supported

CURRENT LENS DATA LISTING
OSDasdoublet
THE CURRENT LIC IS BLANK
THE CURRENT INI IS BLANK
THE CURRENT LTYPE IS BLANK
UNITS = MILLIMETERS
REF OBJ Y-HT                    REF AP Y-HT         OBJ SF#  REF SF#  IMG SF#
 -0.00000    (  0.000     DG)      3.298                 0        3        6

REF OBJ X-HT                    REF AP X-HT         OBJ SF#  REF SF#  IMG SF#
 -0.00000    (  0.000     DG)      3.298                 0        3        6
 THERE ARE CURRENTLY            1  ANALYSIS FIELD POSITIONS DEFINED
 UNITS ARE DEGREES
POS # =  1 X-VALUE =   0.00000     Y-VALUE =   0.00000
YZ-PLANE FIRST ORDER OPERATING CONDITIONS
  EFL          BFD          F-NUM        LENGTH      GIH
  47.713       14.274       4.7713       62.274     -0.47713E-11
XZ-PLANE FIRST ORDER OPERATING CONDITIONS
  EFL          BFD          F-NUM        LENGTH      GIH
  47.713       14.274       4.7713       62.274     -0.47713E-11
SEMI-APERTURE REFERENCE RAY HEIGHT AT SURFACE #1
SAY(YZ-PLANE IN LENS UNITS) =    0.500000000000000D+01

SEMI-APERTURE REFERENCE RAY HEIGHT AT SURFACE #1
SAX(XZ-PLANE IN LENS UNITS) =    0.500000000000000D+01
NO AUTOFUNC FUNCTION IS CURRENTLY SPECIFIED
WAVL NBR          1            2            3            4            5
WAVELENGTH    0.58756       0.0000       0.0000       0.0000       0.0000
SPECTRAL WT    1.000        0.000        0.000        0.000        0.000
WAVL NBR          6            7            8            9            10
WAVELENGTH     0.0000       0.0000       0.0000       0.0000       0.0000
SPECTRAL WT    0.000        0.000        0.000        0.000        0.000
EVALUATION MODE IS FOCAL
THE CURRENT APERTURE STOP SURFACE IS SURFACE #   3
SPECIAL CONDITIONS

  6           VERTEX
BASIC LENS DATA (RADIUS MODE)

SURF  RADIUS        THICKNESS          MATERIAL          INDEX        V-NUM
  0    0.00000      0.100000E+14         AIR
  1*   50.0000       6.00000     SCH2000 N-SK16          1.62041       0.00
  1*Conic,Asphere
  2   -150.000       18.0000             AIR
  3*   0.00000       18.0000             AIR
  3*REFS,STOP
  4*   150.000       6.00000     SCH2000 N-SK16          1.62041       0.00
  4*Conic,Asphere,Special,Pikup
  5*  -60.0000       14.2736             AIR
  5*Solve
  6    0.00000       0.00000             LAST SURFACE
CONIC AND 4th THROUGH 10th ORDER ASPHERIC DATA
(+) - DESIGNATES A PLANO SURFACE WITH A 2ND ORDER ASPHERIC
TERM IN THE SECOND COLUMN INSTEAD OF A CONIC CONSTANT

SURF   CC/AC           AD            AE            AF            AG
  1 -0.900000      0.300000E-04   0.00000       0.00000       0.00000
  4 -0.900000      0.300000E-04   0.00000       0.00000       0.00000
NO 12th through 20th ORDER ASPHERIC DATA
NO CONIC OR ASPHERIC ANAMORPHIC DATA
NO DEFORMABLE SURFACE DATA
NO TILT AND DECENTER DATA
NO TORIC OR ANAMORPHIC DATA
NO CLEAR APERTURE OR OBSCURATION DATA
REFRACTIVE INDEX DATA (WAVELENGTHS #1 TO #5)

SURF    N1             N2             N3             N4             N5
  0               AIR
  0    1.00000        1.00000        1.00000        1.00000        1.00000
  1 SCH2000       N-SK16
  1    1.62041        1.00000        1.00000        1.00000        1.00000
  2               AIR
  2    1.00000        1.00000        1.00000        1.00000        1.00000
  3               AIR
  3    1.00000        1.00000        1.00000        1.00000        1.00000
  4 SCH2000       N-SK16
  4    1.62041        1.00000        1.00000        1.00000        1.00000
  5               AIR
  5    1.00000        1.00000        1.00000        1.00000        1.00000
  6               LAST SURFACE
  6    1.00000        1.00000        1.00000        1.00000        1.00000
REFRACTIVE INDEX DATA (WAVELENGTHS #6 TO #10)

SURF    N6             N7             N8             N9             N10
  0               AIR
  0    1.00000        1.00000        1.00000        1.00000        1.00000
  1 SCH2000       N-SK16
  1    1.00000        1.00000        1.00000        1.00000        1.00000
  2               AIR
  2    1.00000        1.00000        1.00000        1.00000        1.00000
  3               AIR
  3    1.00000        1.00000        1.00000        1.00000        1.00000
  4 SCH2000       N-SK16
  4    1.00000        1.00000        1.00000        1.00000        1.00000
  5               AIR
  5    1.00000        1.00000        1.00000        1.00000        1.00000
  6               LAST SURFACE
  6    1.00000        1.00000        1.00000        1.00000        1.00000

SURFACE "SPECIFIC GRAVITY (gm/cc)" VALUES

SURF     "SPGR" VALUE (IN CURRENT LENS UNITS)
  0             0.0000000
  1             0.0000000
  2             0.0000000
  3             0.0000000
  4             0.0000000
  5             0.0000000
  6             0.0000000
NO LINEAR DIFFRATION GRATING DATA FOUND
SOLVES

SURF TYPE   PARAMETER       VALUE           SLV DATUM
  5  PY        TH          14.274          0.0000
NO PIKUP DATA
SURFACE TYPE DATA

SURF       SURFACE TYPE
  0           REAL
  1           REAL
  2           REAL
  3           REAL
  4           REAL
  5           REAL
  6           REAL
SURFACE FOOTBLOK DATA

SURF     FOOTBLOK DEFINITION
  0           OFF
  1           OFF
  2           OFF
  3           OFF
  4           OFF
  5           OFF
  6           OFF
SURFACE PIVAXIS DATA

SURF     PIVAXIS DEFINITION
  0           VERTEX
  1           VERTEX
  2           VERTEX
  3           VERTEX
  4           VERTEX
  5           VERTEX
  6           VERTEX
SURFACE (FORCED DUMMY) DATA

SURF     FORCED DUMMY SETTING
  0            NO/OFF
  1            NO/OFF
  2            NO/OFF
  3            NO/OFF
  4            NO/OFF
  5            NO/OFF
  6            NO/OFF

SURFACE "INR" VALUES
"INR" IS THE REFERENCE RADIUS FOR "FRINGE" CALCULATIONS

SURF     "INR" VALUE (IN CURRENT LENS UNITS)
  0             1.0000000
  1             5.0000001
  2             4.7702767
  3             3.2983955
  4             1.8265143
  5             1.4957618
  6            0.47720142E-11
NO MIRROR THICKNESS DATA
NO PRICE DATA
SURFACE COATING NUMBER DATA

SURF    COATING NUMBER
  0     SURFACE NOT COATED
  1     SURFACE NOT COATED
  2     SURFACE NOT COATED
  3     SURFACE NOT COATED
  4     SURFACE NOT COATED
  5     SURFACE NOT COATED
  6     SURFACE NOT COATED
SPECIAL SURFACE DATA
SURFACE =  4  SPECIAL SURFACE TYPE = 2- ON
30 TERM ZERNIKE POLYNOMIAL SURFACE
C(01)=  0.0000     C(02)=  0.0000     C(03)=  0.0000     C(04)=  0.0000
C(05)=  0.0000     C(06)=  0.0000     C(07)=  0.0000     C(08)=  0.0000
C(09)=  0.0000     C(10)=  0.0000     C(11)=  0.0000     C(12)=  0.0000
C(13)=  0.0000     C(14)=  0.0000     C(15)=  0.0000     C(16)=  0.0000
C(17)=  0.0000     C(18)=  0.0000     C(19)=  0.0000     C(20)=  0.0000
C(21)=  0.0000     C(22)=  0.0000     C(23)=  0.0000     C(24)=  0.0000
C(25)=  0.0000     C(26)=  0.0000     C(27)=  0.0000     C(28)=  0.0000
C(29)=  0.0000     C(30)=  0.0000     C(31)=  0.0000     C(32)=  0.0000
C(33)=  0.0000     C(34)=  0.0000     C(35)=  0.0000     C(36)=  0.0000
C(37)=  0.0000     C(38)=  0.0000     C(39)=  0.0000     C(40)=  0.0000
C(41)=  0.0000     C(42)=  0.0000     C(43)=  0.0000     C(44)=  0.0000
C(45)=  0.0000     C(46)=  0.0000     C(47)=  0.0000     C(48)=  0.0000
C(49)=  0.0000     C(50)=  0.0000     C(51)=  0.0000     C(52)=  0.0000
C(53)=  0.0000     C(54)=  0.0000     C(55)=  0.0000     C(56)=  0.0000
C(57)=  0.0000     C(58)=  0.0000     C(59)=  0.0000     C(60)=  0.0000
C(61)=  0.0000     C(62)=  0.0000     C(63)=  0.0000     C(64)=  0.0000
C(65)=  0.0000     C(66)=  0.0000
NO CONFIG DATA

CURRENT CONFIGURATION NUMBER IS   1
Number of tokens is 2
File name to save is ASPHMOD.zoa
All constraints removed



Field Weights Command WTF     100 Not supported

All constraints removed


AUT: no operand defined; minimizing spot size (SPO)
iSpotCalcMethod is 1
Plot Cmd is  FOB    0.0000000000000000          0.0000000000000000; SPOT RECT;RECT 20;SPD 1
iSpotCalcMethod is 1
Plot Cmd is  FOB    0.0000000000000000          0.0000000000000000; SPOT RECT;RECT 20;SPD 1
iSpotCalcMethod is 1
Plot Cmd is  FOB    0.0000000000000000          0.0000000000000000; SPOT RECT;RECT 20;SPD 1
                                                          l
CYCLE NUMBER 0
   ERROR FUNCTION = 25.64891
          RDY          THI     RMD          GLA          CCY     THC     GLC
OBJ:    INFINITY    INFINITY                              100     100     100
STO:    INFINITY    6.00000               N-BK7_SCH2000  100     100     100
002:    -10.000    19.34984                              100     100     100
IMG:    INFINITY    0.00000                              100     100     100
___
ASPHERES
# 2 K 0.00000
                                                          l
Name  Role        Typ  Target              Value               diff
SAS   Constraint  =    0.0000000000000000 -11.5034123169995866 -11.5034123169995866
SPO   Operand          0.0000000000000000   6.7173122498024203   6.7173122498024203
iSpotCalcMethod is 1
Plot Cmd is  FOB    0.0000000000000000          0.0000000000000000; SPOT RECT;RECT 20;SPD 1
iSpotCalcMethod is 1
Plot Cmd is  FOB    0.0000000000000000          0.0000000000000000; SPOT RECT;RECT 20;SPD 1
iSpotCalcMethod is 1
Plot Cmd is  FOB    0.0000000000000000          0.0000000000000000; SPOT RECT;RECT 20;SPD 1
                                                          l
CYCLE NUMBER 1
   ERROR FUNCTION = 25.76572
          RDY          THI     RMD          GLA          CCY     THC     GLC
OBJ:    INFINITY    INFINITY                              100     100     100
STO:    INFINITY    6.00000               N-BK7_SCH2000  100     100     100
002:    -10.000    19.34984                              100     100     100
IMG:    INFINITY    0.00000                              100     100     100
___
ASPHERES
# 2 K 0.00000
                                                          l
Name  Role        Typ  Target              Value               diff
SAS   Constraint  =    0.0000000000000000  -5.7517061584997915  -5.7517061584997915
SPO   Operand          0.0000000000000000   4.7335241453855348   4.7335241453855348
iSpotCalcMethod is 1
Plot Cmd is  FOB    0.0000000000000000          0.0000000000000000; SPOT RECT;RECT 20;SPD 1
iSpotCalcMethod is 1
Plot Cmd is  FOB    0.0000000000000000          0.0000000000000000; SPOT RECT;RECT 20;SPD 1
iSpotCalcMethod is 1
Plot Cmd is  FOB    0.0000000000000000          0.0000000000000000; SPOT RECT;RECT 20;SPD 1
                                                          l
CYCLE NUMBER 2
   ERROR FUNCTION = 26.99042
          RDY          THI     RMD          GLA          CCY     THC     GLC
OBJ:    INFINITY    INFINITY                              100     100     100
STO:    INFINITY    6.00000               N-BK7_SCH2000  100     100     100
002:    -10.000    19.34984                              100     100     100
IMG:    INFINITY    0.00000                              100     100     100
___
ASPHERES
# 2 K 0.00000
                                                          l
Name  Role        Typ  Target              Value               diff
SAS   Constraint  =    0.0000000000000000  -2.8758530792498944  -2.8758530792498944
SPO   Operand          0.0000000000000000   4.9920006760242748   4.9920006760242748
iSpotCalcMethod is 1
Plot Cmd is  FOB    0.0000000000000000          0.0000000000000000; SPOT RECT;RECT 20;SPD 1
iSpotCalcMethod is 1
Plot Cmd is  FOB    0.0000000000000000          0.0000000000000000; SPOT RECT;RECT 20;SPD 1
iSpotCalcMethod is 1
Plot Cmd is  FOB    0.0000000000000000          0.0000000000000000; SPOT RECT;RECT 20;SPD 1
                                                          l
CYCLE NUMBER 3
   ERROR FUNCTION = 21.66743
          RDY          THI     RMD          GLA          CCY     THC     GLC
OBJ:    INFINITY    INFINITY                              100     100     100
STO:    INFINITY    6.00000               N-BK7_SCH2000  100     100     100
002:    -10.000    19.34984                              100     100     100
IMG:    INFINITY    0.00000                              100     100     100
___
ASPHERES
# 2 K 0.00000
                                                          l
Name  Role        Typ  Target              Value               diff
SAS   Constraint  =    0.0000000000000000  -1.4379265396249463  -1.4379265396249463
SPO   Operand          0.0000000000000000   6.4421995168698976   6.4421995168698976
iSpotCalcMethod is 1
Plot Cmd is  FOB    0.0000000000000000          0.0000000000000000; SPOT RECT;RECT 20;SPD 1
iSpotCalcMethod is 1
Plot Cmd is  FOB    0.0000000000000000          0.0000000000000000; SPOT RECT;RECT 20;SPD 1
iSpotCalcMethod is 1
Plot Cmd is  FOB    0.0000000000000000          0.0000000000000000; SPOT RECT;RECT 20;SPD 1
                                                          l
CYCLE NUMBER 4
   ERROR FUNCTION = 9.79666
          RDY          THI     RMD          GLA          CCY     THC     GLC
OBJ:    INFINITY    INFINITY                              100     100     100
STO:    INFINITY    6.00000               N-BK7_SCH2000  100     100     100
002:    -10.000    19.34984                              100     100     100
IMG:    INFINITY    0.00000                              100     100     100
___
ASPHERES
# 2 K 0.00000
                                                          l
Name  Role        Typ  Target              Value               diff
SAS   Constraint  =    0.0000000000000000  -0.7189632698124740  -0.7189632698124740
SPO   Operand          0.0000000000000000   4.7802665656790975   4.7802665656790975
iSpotCalcMethod is 1
Plot Cmd is  FOB    0.0000000000000000          0.0000000000000000; SPOT RECT;RECT 20;SPD 1
iSpotCalcMethod is 1
Plot Cmd is  FOB    0.0000000000000000          0.0000000000000000; SPOT RECT;RECT 20;SPD 1
iSpotCalcMethod is 1
Plot Cmd is  FOB    0.0000000000000000          0.0000000000000000; SPOT RECT;RECT 20;SPD 1
iSpotCalcMethod is 1
Plot Cmd is  FOB    0.0000000000000000          0.0000000000000000; SPOT RECT;RECT 20;SPD 1
                                                          l
CYCLE NUMBER 5
   ERROR FUNCTION = 9.46700
          RDY          THI     RMD          GLA          CCY     THC     GLC
OBJ:    INFINITY    INFINITY                              100     100     100
STO:    INFINITY    6.00000               N-BK7_SCH2000  100     100     100
002:    -10.000    19.34984                              100     100     100
IMG:    INFINITY    0.00000                              100     100     100
___
ASPHERES
# 2 K 0.00000
                                                          l
Name  Role        Typ  Target              Value               diff
SAS   Constraint  =    0.0000000000000000  -0.6830151063218511  -0.6830151063218511
SPO   Operand          0.0000000000000000   4.7248326309697894   4.7248326309697894
iSpotCalcMethod is 1
Plot Cmd is  FOB    0.0000000000000000          0.0000000000000000; SPOT RECT;RECT 20;SPD 1
iSpotCalcMethod is 1
Plot Cmd is  FOB    0.0000000000000000          0.0000000000000000; SPOT RECT;RECT 20;SPD 1
iSpotCalcMethod is 1
Plot Cmd is  FOB    0.0000000000000000          0.0000000000000000; SPOT RECT;RECT 20;SPD 1
iSpotCalcMethod is 1
Plot Cmd is  FOB    0.0000000000000000          0.0000000000000000; SPOT RECT;RECT 20;SPD 1
iSpotCalcMethod is 1
Plot Cmd is  FOB    0.0000000000000000          0.0000000000000000; SPOT RECT;RECT 20;SPD 1
                                                          l
CYCLE NUMBER 6
   ERROR FUNCTION = 9.43630
          RDY          THI     RMD          GLA          CCY     THC     GLC
OBJ:    INFINITY    INFINITY                              100     100     100
STO:    INFINITY    6.00000               N-BK7_SCH2000  100     100     100
002:    -10.000    19.34984                              100     100     100
IMG:    INFINITY    0.00000                              100     100     100
___
ASPHERES
# 2 K 0.00000
                                                          l
Name  Role        Typ  Target              Value               diff
SAS   Constraint  =    0.0000000000000000  -0.6796000307902418  -0.6796000307902418
SPO   Operand          0.0000000000000000   4.7196259417824784   4.7196259417824784
iSpotCalcMethod is 1
Plot Cmd is  FOB    0.0000000000000000          0.0000000000000000; SPOT RECT;RECT 20;SPD 1
iSpotCalcMethod is 1
Plot Cmd is  FOB    0.0000000000000000          0.0000000000000000; SPOT RECT;RECT 20;SPD 1
iSpotCalcMethod is 1
Plot Cmd is  FOB    0.0000000000000000          0.0000000000000000; SPOT RECT;RECT 20;SPD 1
iSpotCalcMethod is 1
Plot Cmd is  FOB    0.0000000000000000          0.0000000000000000; SPOT RECT;RECT 20;SPD 1
iSpotCalcMethod is 1
Plot Cmd is  FOB    0.0000000000000000          0.0000000000000000; SPOT RECT;RECT 20;SPD 1
iSpotCalcMethod is 1
Plot Cmd is  FOB    0.0000000000000000          0.0000000000000000; SPOT RECT;RECT 20;SPD 1
                                                          l
CYCLE NUMBER 7
   ERROR FUNCTION = 9.43325
          RDY          THI     RMD          GLA          CCY     THC     GLC
OBJ:    INFINITY    INFINITY                              100     100     100
STO:    INFINITY    6.00000               N-BK7_SCH2000  100     100     100
002:    -10.000    19.34984                              100     100     100
IMG:    INFINITY    0.00000                              100     100     100
___
ASPHERES
# 2 K 0.00000
                                                          l
Name  Role        Typ  Target              Value               diff
SAS   Constraint  =    0.0000000000000000  -0.6792602307748467  -0.6792602307748467
SPO   Operand          0.0000000000000000   4.7191084282354314   4.7191084282354314
iSpotCalcMethod is 1
Plot Cmd is  FOB    0.0000000000000000          0.0000000000000000; SPOT RECT;RECT 20;SPD 1
iSpotCalcMethod is 1
Plot Cmd is  FOB    0.0000000000000000          0.0000000000000000; SPOT RECT;RECT 20;SPD 1
iSpotCalcMethod is 1
Plot Cmd is  FOB    0.0000000000000000          0.0000000000000000; SPOT RECT;RECT 20;SPD 1
iSpotCalcMethod is 1
Plot Cmd is  FOB    0.0000000000000000          0.0000000000000000; SPOT RECT;RECT 20;SPD 1
iSpotCalcMethod is 1
Plot Cmd is  FOB    0.0000000000000000          0.0000000000000000; SPOT RECT;RECT 20;SPD 1
iSpotCalcMethod is 1
Plot Cmd is  FOB    0.0000000000000000          0.0000000000000000; SPOT RECT;RECT 20;SPD 1
                                                          l
CYCLE NUMBER 8
   ERROR FUNCTION = 9.43020
          RDY          THI     RMD          GLA          CCY     THC     GLC
OBJ:    INFINITY    INFINITY                              100     100     100
STO:    INFINITY    6.00000               N-BK7_SCH2000  100     100     100
002:    -10.000    19.34984                              100     100     100
IMG:    INFINITY    0.00000                              100     100     100
___
ASPHERES
# 2 K 0.00000
                                                          l
Name  Role        Typ  Target              Value               diff
SAS   Constraint  =    0.0000000000000000  -0.6789206006594584  -0.6789206006594584
SPO   Operand          0.0000000000000000   4.7185912730464494   4.7185912730464494
iSpotCalcMethod is 1
Plot Cmd is  FOB    0.0000000000000000          0.0000000000000000; SPOT RECT;RECT 20;SPD 1
iSpotCalcMethod is 1
Plot Cmd is  FOB    0.0000000000000000          0.0000000000000000; SPOT RECT;RECT 20;SPD 1
iSpotCalcMethod is 1
Plot Cmd is  FOB    0.0000000000000000          0.0000000000000000; SPOT RECT;RECT 20;SPD 1
iSpotCalcMethod is 1
Plot Cmd is  FOB    0.0000000000000000          0.0000000000000000; SPOT RECT;RECT 20;SPD 1
iSpotCalcMethod is 1
Plot Cmd is  FOB    0.0000000000000000          0.0000000000000000; SPOT RECT;RECT 20;SPD 1
iSpotCalcMethod is 1
Plot Cmd is  FOB    0.0000000000000000          0.0000000000000000; SPOT RECT;RECT 20;SPD 1
                                                          l
CYCLE NUMBER 9
   ERROR FUNCTION = 9.42716
          RDY          THI     RMD          GLA          CCY     THC     GLC
OBJ:    INFINITY    INFINITY                              100     100     100
STO:    INFINITY    6.00000               N-BK7_SCH2000  100     100     100
002:    -10.000    19.34984                              100     100     100
IMG:    INFINITY    0.00000                              100     100     100
___
ASPHERES
# 2 K 0.00000
                                                          l
Name  Role        Typ  Target              Value               diff
SAS   Constraint  =    0.0000000000000000  -0.6785811403591293  -0.6785811403591293
SPO   Operand          0.0000000000000000   4.7180744758783195   4.7180744758783195
iSpotCalcMethod is 1
Plot Cmd is  FOB    0.0000000000000000          0.0000000000000000; SPOT RECT;RECT 20;SPD 1
iSpotCalcMethod is 1
Plot Cmd is  FOB    0.0000000000000000          0.0000000000000000; SPOT RECT;RECT 20;SPD 1
iSpotCalcMethod is 1
Plot Cmd is  FOB    0.0000000000000000          0.0000000000000000; SPOT RECT;RECT 20;SPD 1
iSpotCalcMethod is 1
Plot Cmd is  FOB    0.0000000000000000          0.0000000000000000; SPOT RECT;RECT 20;SPD 1
iSpotCalcMethod is 1
Plot Cmd is  FOB    0.0000000000000000          0.0000000000000000; SPOT RECT;RECT 20;SPD 1
iSpotCalcMethod is 1
Plot Cmd is  FOB    0.0000000000000000          0.0000000000000000; SPOT RECT;RECT 20;SPD 1
                                                          l
CYCLE NUMBER 10
   ERROR FUNCTION = 9.42411
          RDY          THI     RMD          GLA          CCY     THC     GLC
OBJ:    INFINITY    INFINITY                              100     100     100
STO:    INFINITY    6.00000               N-BK7_SCH2000  100     100     100
002:    -10.000    19.34984                              100     100     100
IMG:    INFINITY    0.00000                              100     100     100
___
ASPHERES
# 2 K 0.00000
                                                          l
Name  Role        Typ  Target              Value               diff
SAS   Constraint  =    0.0000000000000000  -0.6782418497889501  -0.6782418497889501
SPO   Operand          0.0000000000000000   4.7175580363943084   4.7175580363943084
iSpotCalcMethod is 1
Plot Cmd is  FOB    0.0000000000000000          0.0000000000000000; SPOT RECT;RECT 20;SPD 1
iSpotCalcMethod is 1
Plot Cmd is  FOB    0.0000000000000000          0.0000000000000000; SPOT RECT;RECT 20;SPD 1
iSpotCalcMethod is 1
Plot Cmd is  FOB    0.0000000000000000          0.0000000000000000; SPOT RECT;RECT 20;SPD 1
iSpotCalcMethod is 1
Plot Cmd is  FOB    0.0000000000000000          0.0000000000000000; SPOT RECT;RECT 20;SPD 1
iSpotCalcMethod is 1
Plot Cmd is  FOB    0.0000000000000000          0.0000000000000000; SPOT RECT;RECT 20;SPD 1
iSpotCalcMethod is 1
Plot Cmd is  FOB    0.0000000000000000          0.0000000000000000; SPOT RECT;RECT 20;SPD 1
                                                          l
CYCLE NUMBER 11
   ERROR FUNCTION = 9.42107
          RDY          THI     RMD          GLA          CCY     THC     GLC
OBJ:    INFINITY    INFINITY                              100     100     100
STO:    INFINITY    6.00000               N-BK7_SCH2000  100     100     100
002:    -10.000    19.34984                              100     100     100
IMG:    INFINITY    0.00000                              100     100     100
___
ASPHERES
# 2 K 0.00000
                                                          l
Name  Role        Typ  Target              Value               diff
SAS   Constraint  =    0.0000000000000000  -0.6779027288640570  -0.6779027288640570
SPO   Operand          0.0000000000000000   4.7170419542581410   4.7170419542581410
iSpotCalcMethod is 1
Plot Cmd is  FOB    0.0000000000000000          0.0000000000000000; SPOT RECT;RECT 20;SPD 1
iSpotCalcMethod is 1
Plot Cmd is  FOB    0.0000000000000000          0.0000000000000000; SPOT RECT;RECT 20;SPD 1
iSpotCalcMethod is 1
Plot Cmd is  FOB    0.0000000000000000          0.0000000000000000; SPOT RECT;RECT 20;SPD 1
iSpotCalcMethod is 1
Plot Cmd is  FOB    0.0000000000000000          0.0000000000000000; SPOT RECT;RECT 20;SPD 1
iSpotCalcMethod is 1
Plot Cmd is  FOB    0.0000000000000000          0.0000000000000000; SPOT RECT;RECT 20;SPD 1
iSpotCalcMethod is 1
Plot Cmd is  FOB    0.0000000000000000          0.0000000000000000; SPOT RECT;RECT 20;SPD 1
                                                          l
CYCLE NUMBER 12
   ERROR FUNCTION = 9.41804
          RDY          THI     RMD          GLA          CCY     THC     GLC
OBJ:    INFINITY    INFINITY                              100     100     100
STO:    INFINITY    6.00000               N-BK7_SCH2000  100     100     100
002:    -10.000    19.34984                              100     100     100
IMG:    INFINITY    0.00000                              100     100     100
___
ASPHERES
# 2 K 0.00000
                                                          l
Name  Role        Typ  Target              Value               diff
SAS   Constraint  =    0.0000000000000000  -0.6775637774996248  -0.6775637774996248
SPO   Operand          0.0000000000000000   4.7165262291340273   4.7165262291340273
iSpotCalcMethod is 1
Plot Cmd is  FOB    0.0000000000000000          0.0000000000000000; SPOT RECT;RECT 20;SPD 1
iSpotCalcMethod is 1
Plot Cmd is  FOB    0.0000000000000000          0.0000000000000000; SPOT RECT;RECT 20;SPD 1
iSpotCalcMethod is 1
Plot Cmd is  FOB    0.0000000000000000          0.0000000000000000; SPOT RECT;RECT 20;SPD 1
iSpotCalcMethod is 1
Plot Cmd is  FOB    0.0000000000000000          0.0000000000000000; SPOT RECT;RECT 20;SPD 1
iSpotCalcMethod is 1
Plot Cmd is  FOB    0.0000000000000000          0.0000000000000000; SPOT RECT;RECT 20;SPD 1
iSpotCalcMethod is 1
Plot Cmd is  FOB    0.0000000000000000          0.0000000000000000; SPOT RECT;RECT 20;SPD 1
                                                          l
CYCLE NUMBER 13
   ERROR FUNCTION = 9.41500
          RDY          THI     RMD          GLA          CCY     THC     GLC
OBJ:    INFINITY    INFINITY                              100     100     100
STO:    INFINITY    6.00000               N-BK7_SCH2000  100     100     100
002:    -10.000    19.34984                              100     100     100
IMG:    INFINITY    0.00000                              100     100     100
___
ASPHERES
# 2 K 0.00000
                                                          l
Name  Role        Typ  Target              Value               diff
SAS   Constraint  =    0.0000000000000000  -0.6772249956108743  -0.6772249956108743
SPO   Operand          0.0000000000000000   4.7160108606866320   4.7160108606866320
iSpotCalcMethod is 1
Plot Cmd is  FOB    0.0000000000000000          0.0000000000000000; SPOT RECT;RECT 20;SPD 1
iSpotCalcMethod is 1
Plot Cmd is  FOB    0.0000000000000000          0.0000000000000000; SPOT RECT;RECT 20;SPD 1
iSpotCalcMethod is 1
Plot Cmd is  FOB    0.0000000000000000          0.0000000000000000; SPOT RECT;RECT 20;SPD 1
iSpotCalcMethod is 1
Plot Cmd is  FOB    0.0000000000000000          0.0000000000000000; SPOT RECT;RECT 20;SPD 1
iSpotCalcMethod is 1
Plot Cmd is  FOB    0.0000000000000000          0.0000000000000000; SPOT RECT;RECT 20;SPD 1
iSpotCalcMethod is 1
Plot Cmd is  FOB    0.0000000000000000          0.0000000000000000; SPOT RECT;RECT 20;SPD 1
iSpotCalcMethod is 1
Plot Cmd is  FOB    0.0000000000000000          0.0000000000000000; SPOT RECT;RECT 20;SPD 1
                                                          l
CYCLE NUMBER 14
   ERROR FUNCTION = 9.41470
          RDY          THI     RMD          GLA          CCY     THC     GLC
OBJ:    INFINITY    INFINITY                              100     100     100
STO:    INFINITY    6.00000               N-BK7_SCH2000  100     100     100
002:    -10.000    19.34984                              100     100     100
IMG:    INFINITY    0.00000                              100     100     100
___
ASPHERES
# 2 K 0.00000
                                                          l
Name  Role        Typ  Target              Value               diff
SAS   Constraint  =    0.0000000000000000  -0.6771911343610953  -0.6771911343610953
SPO   Operand          0.0000000000000000   4.7159593550385477   4.7159593550385477
iSpotCalcMethod is 1
Plot Cmd is  FOB    0.0000000000000000          0.0000000000000000; SPOT RECT;RECT 20;SPD 1
iSpotCalcMethod is 1
Plot Cmd is  FOB    0.0000000000000000          0.0000000000000000; SPOT RECT;RECT 20;SPD 1
iSpotCalcMethod is 1
Plot Cmd is  FOB    0.0000000000000000          0.0000000000000000; SPOT RECT;RECT 20;SPD 1
iSpotCalcMethod is 1
Plot Cmd is  FOB    0.0000000000000000          0.0000000000000000; SPOT RECT;RECT 20;SPD 1
iSpotCalcMethod is 1
Plot Cmd is  FOB    0.0000000000000000          0.0000000000000000; SPOT RECT;RECT 20;SPD 1
iSpotCalcMethod is 1
Plot Cmd is  FOB    0.0000000000000000          0.0000000000000000; SPOT RECT;RECT 20;SPD 1
iSpotCalcMethod is 1
Plot Cmd is  FOB    0.0000000000000000          0.0000000000000000; SPOT RECT;RECT 20;SPD 1
                                                          l
CYCLE NUMBER 15
   ERROR FUNCTION = 9.41440
          RDY          THI     RMD          GLA          CCY     THC     GLC
OBJ:    INFINITY    INFINITY                              100     100     100
STO:    INFINITY    6.00000               N-BK7_SCH2000  100     100     100
002:    -10.000    19.34984                              100     100     100
IMG:    INFINITY    0.00000                              100     100     100
___
ASPHERES
# 2 K 0.00000
                                                          l
Name  Role        Typ  Target              Value               diff
SAS   Constraint  =    0.0000000000000000  -0.6771572748043737  -0.6771572748043737
SPO   Operand          0.0000000000000000   4.7159078529519425   4.7159078529519425
iSpotCalcMethod is 1
Plot Cmd is  FOB    0.0000000000000000          0.0000000000000000; SPOT RECT;RECT 20;SPD 1
iSpotCalcMethod is 1
Plot Cmd is  FOB    0.0000000000000000          0.0000000000000000; SPOT RECT;RECT 20;SPD 1
iSpotCalcMethod is 1
Plot Cmd is  FOB    0.0000000000000000          0.0000000000000000; SPOT RECT;RECT 20;SPD 1
iSpotCalcMethod is 1
Plot Cmd is  FOB    0.0000000000000000          0.0000000000000000; SPOT RECT;RECT 20;SPD 1
iSpotCalcMethod is 1
Plot Cmd is  FOB    0.0000000000000000          0.0000000000000000; SPOT RECT;RECT 20;SPD 1
iSpotCalcMethod is 1
Plot Cmd is  FOB    0.0000000000000000          0.0000000000000000; SPOT RECT;RECT 20;SPD 1
iSpotCalcMethod is 1
Plot Cmd is  FOB    0.0000000000000000          0.0000000000000000; SPOT RECT;RECT 20;SPD 1
                                                          l
CYCLE NUMBER 16
   ERROR FUNCTION = 9.41409
          RDY          THI     RMD          GLA          CCY     THC     GLC
OBJ:    INFINITY    INFINITY                              100     100     100
STO:    INFINITY    6.00000               N-BK7_SCH2000  100     100     100
002:    -10.000    19.34984                              100     100     100
IMG:    INFINITY    0.00000                              100     100     100
___
ASPHERES
# 2 K 0.00000
                                                          l
Name  Role        Typ  Target              Value               diff
SAS   Constraint  =    0.0000000000000000  -0.6771234169406338  -0.6771234169406338
SPO   Operand          0.0000000000000000   4.7158563544264798   4.7158563544264798
iSpotCalcMethod is 1
Plot Cmd is  FOB    0.0000000000000000          0.0000000000000000; SPOT RECT;RECT 20;SPD 1
iSpotCalcMethod is 1
Plot Cmd is  FOB    0.0000000000000000          0.0000000000000000; SPOT RECT;RECT 20;SPD 1
iSpotCalcMethod is 1
Plot Cmd is  FOB    0.0000000000000000          0.0000000000000000; SPOT RECT;RECT 20;SPD 1
iSpotCalcMethod is 1
Plot Cmd is  FOB    0.0000000000000000          0.0000000000000000; SPOT RECT;RECT 20;SPD 1
iSpotCalcMethod is 1
Plot Cmd is  FOB    0.0000000000000000          0.0000000000000000; SPOT RECT;RECT 20;SPD 1
iSpotCalcMethod is 1
Plot Cmd is  FOB    0.0000000000000000          0.0000000000000000; SPOT RECT;RECT 20;SPD 1
iSpotCalcMethod is 1
Plot Cmd is  FOB    0.0000000000000000          0.0000000000000000; SPOT RECT;RECT 20;SPD 1
                                                          l
CYCLE NUMBER 17
   ERROR FUNCTION = 9.41379
          RDY          THI     RMD          GLA          CCY     THC     GLC
OBJ:    INFINITY    INFINITY                              100     100     100
STO:    INFINITY    6.00000               N-BK7_SCH2000  100     100     100
002:    -10.000    19.34984                              100     100     100
IMG:    INFINITY    0.00000                              100     100     100
___
ASPHERES
# 2 K 0.00000
                                                          l
Name  Role        Typ  Target              Value               diff
SAS   Constraint  =    0.0000000000000000  -0.6770895607697880  -0.6770895607697880
SPO   Operand          0.0000000000000000   4.7158048594618398   4.7158048594618398
iSpotCalcMethod is 1
Plot Cmd is  FOB    0.0000000000000000          0.0000000000000000; SPOT RECT;RECT 20;SPD 1
iSpotCalcMethod is 1
Plot Cmd is  FOB    0.0000000000000000          0.0000000000000000; SPOT RECT;RECT 20;SPD 1
iSpotCalcMethod is 1
Plot Cmd is  FOB    0.0000000000000000          0.0000000000000000; SPOT RECT;RECT 20;SPD 1
iSpotCalcMethod is 1
Plot Cmd is  FOB    0.0000000000000000          0.0000000000000000; SPOT RECT;RECT 20;SPD 1
iSpotCalcMethod is 1
Plot Cmd is  FOB    0.0000000000000000          0.0000000000000000; SPOT RECT;RECT 20;SPD 1
iSpotCalcMethod is 1
Plot Cmd is  FOB    0.0000000000000000          0.0000000000000000; SPOT RECT;RECT 20;SPD 1
iSpotCalcMethod is 1
Plot Cmd is  FOB    0.0000000000000000          0.0000000000000000; SPOT RECT;RECT 20;SPD 1
iSpotCalcMethod is 1
Plot Cmd is  FOB    0.0000000000000000          0.0000000000000000; SPOT RECT;RECT 20;SPD 1
                                                          l
CYCLE NUMBER 18
   ERROR FUNCTION = 9.41376
          RDY          THI     RMD          GLA          CCY     THC     GLC
OBJ:    INFINITY    INFINITY                              100     100     100
STO:    INFINITY    6.00000               N-BK7_SCH2000  100     100     100
002:    -10.000    19.34984                              100     100     100
IMG:    INFINITY    0.00000                              100     100     100
___
ASPHERES
# 2 K 0.00000
                                                          l
Name  Role        Typ  Target              Value               diff
SAS   Constraint  =    0.0000000000000000  -0.6770861753219825  -0.6770861753219825
SPO   Operand          0.0000000000000000   4.7157997102770643   4.7157997102770643
iSpotCalcMethod is 1
Plot Cmd is  FOB    0.0000000000000000          0.0000000000000000; SPOT RECT;RECT 20;SPD 1
iSpotCalcMethod is 1
Plot Cmd is  FOB    0.0000000000000000          0.0000000000000000; SPOT RECT;RECT 20;SPD 1
iSpotCalcMethod is 1
Plot Cmd is  FOB    0.0000000000000000          0.0000000000000000; SPOT RECT;RECT 20;SPD 1
iSpotCalcMethod is 1
Plot Cmd is  FOB    0.0000000000000000          0.0000000000000000; SPOT RECT;RECT 20;SPD 1
iSpotCalcMethod is 1
Plot Cmd is  FOB    0.0000000000000000          0.0000000000000000; SPOT RECT;RECT 20;SPD 1
iSpotCalcMethod is 1
Plot Cmd is  FOB    0.0000000000000000          0.0000000000000000; SPOT RECT;RECT 20;SPD 1
iSpotCalcMethod is 1
Plot Cmd is  FOB    0.0000000000000000          0.0000000000000000; SPOT RECT;RECT 20;SPD 1
iSpotCalcMethod is 1
Plot Cmd is  FOB    0.0000000000000000          0.0000000000000000; SPOT RECT;RECT 20;SPD 1
                                                          l
CYCLE NUMBER 19
   ERROR FUNCTION = 9.41373
          RDY          THI     RMD          GLA          CCY     THC     GLC
OBJ:    INFINITY    INFINITY                              100     100     100
STO:    INFINITY    6.00000               N-BK7_SCH2000  100     100     100
002:    -10.000    19.34984                              100     100     100
IMG:    INFINITY    0.00000                              100     100     100
___
ASPHERES
# 2 K 0.00000
                                                          l
Name  Role        Typ  Target              Value               diff
SAS   Constraint  =    0.0000000000000000  -0.6770827898911070  -0.6770827898911070
SPO   Operand          0.0000000000000000   4.7157945611278969   4.7157945611278969
iSpotCalcMethod is 1
Plot Cmd is  FOB    0.0000000000000000          0.0000000000000000; SPOT RECT;RECT 20;SPD 1
iSpotCalcMethod is 1
Plot Cmd is  FOB    0.0000000000000000          0.0000000000000000; SPOT RECT;RECT 20;SPD 1
iSpotCalcMethod is 1
Plot Cmd is  FOB    0.0000000000000000          0.0000000000000000; SPOT RECT;RECT 20;SPD 1
iSpotCalcMethod is 1
Plot Cmd is  FOB    0.0000000000000000          0.0000000000000000; SPOT RECT;RECT 20;SPD 1
iSpotCalcMethod is 1
Plot Cmd is  FOB    0.0000000000000000          0.0000000000000000; SPOT RECT;RECT 20;SPD 1
iSpotCalcMethod is 1
Plot Cmd is  FOB    0.0000000000000000          0.0000000000000000; SPOT RECT;RECT 20;SPD 1
iSpotCalcMethod is 1
Plot Cmd is  FOB    0.0000000000000000          0.0000000000000000; SPOT RECT;RECT 20;SPD 1
iSpotCalcMethod is 1
Plot Cmd is  FOB    0.0000000000000000          0.0000000000000000; SPOT RECT;RECT 20;SPD 1
                                                          l
CYCLE NUMBER 20
   ERROR FUNCTION = 9.41370
          RDY          THI     RMD          GLA          CCY     THC     GLC
OBJ:    INFINITY    INFINITY                              100     100     100
STO:    INFINITY    6.00000               N-BK7_SCH2000  100     100     100
002:    -10.000    19.34984                              100     100     100
IMG:    INFINITY    0.00000                              100     100     100
___
ASPHERES
# 2 K 0.00000
                                                          l
Name  Role        Typ  Target              Value               diff
SAS   Constraint  =    0.0000000000000000  -0.6770794044771582  -0.6770794044771582
SPO   Operand          0.0000000000000000   4.7157894120143276   4.7157894120143276
iSpotCalcMethod is 1
Plot Cmd is  FOB    0.0000000000000000          0.0000000000000000; SPOT RECT;RECT 20;SPD 1
iSpotCalcMethod is 1
Plot Cmd is  FOB    0.0000000000000000          0.0000000000000000; SPOT RECT;RECT 20;SPD 1
iSpotCalcMethod is 1
Plot Cmd is  FOB    0.0000000000000000          0.0000000000000000; SPOT RECT;RECT 20;SPD 1
iSpotCalcMethod is 1
Plot Cmd is  FOB    0.0000000000000000          0.0000000000000000; SPOT RECT;RECT 20;SPD 1
iSpotCalcMethod is 1
Plot Cmd is  FOB    0.0000000000000000          0.0000000000000000; SPOT RECT;RECT 20;SPD 1
iSpotCalcMethod is 1
Plot Cmd is  FOB    0.0000000000000000          0.0000000000000000; SPOT RECT;RECT 20;SPD 1
iSpotCalcMethod is 1
Plot Cmd is  FOB    0.0000000000000000          0.0000000000000000; SPOT RECT;RECT 20;SPD 1
iSpotCalcMethod is 1
Plot Cmd is  FOB    0.0000000000000000          0.0000000000000000; SPOT RECT;RECT 20;SPD 1
                                                          l
CYCLE NUMBER 21
   ERROR FUNCTION = 9.41367
          RDY          THI     RMD          GLA          CCY     THC     GLC
OBJ:    INFINITY    INFINITY                              100     100     100
STO:    INFINITY    6.00000               N-BK7_SCH2000  100     100     100
002:    -10.000    19.34984                              100     100     100
IMG:    INFINITY    0.00000                              100     100     100
___
ASPHERES
# 2 K 0.00000
                                                          l
Name  Role        Typ  Target              Value               diff
SAS   Constraint  =    0.0000000000000000  -0.6770760190801359  -0.6770760190801359
SPO   Operand          0.0000000000000000   4.7157842629363609   4.7157842629363609
iSpotCalcMethod is 1
Plot Cmd is  FOB    0.0000000000000000          0.0000000000000000; SPOT RECT;RECT 20;SPD 1
iSpotCalcMethod is 1
Plot Cmd is  FOB    0.0000000000000000          0.0000000000000000; SPOT RECT;RECT 20;SPD 1
iSpotCalcMethod is 1
Plot Cmd is  FOB    0.0000000000000000          0.0000000000000000; SPOT RECT;RECT 20;SPD 1
iSpotCalcMethod is 1
Plot Cmd is  FOB    0.0000000000000000          0.0000000000000000; SPOT RECT;RECT 20;SPD 1
iSpotCalcMethod is 1
Plot Cmd is  FOB    0.0000000000000000          0.0000000000000000; SPOT RECT;RECT 20;SPD 1
iSpotCalcMethod is 1
Plot Cmd is  FOB    0.0000000000000000          0.0000000000000000; SPOT RECT;RECT 20;SPD 1
iSpotCalcMethod is 1
Plot Cmd is  FOB    0.0000000000000000          0.0000000000000000; SPOT RECT;RECT 20;SPD 1
iSpotCalcMethod is 1
Plot Cmd is  FOB    0.0000000000000000          0.0000000000000000; SPOT RECT;RECT 20;SPD 1
iSpotCalcMethod is 1
Plot Cmd is  FOB    0.0000000000000000          0.0000000000000000; SPOT RECT;RECT 20;SPD 1
                                                          l
CYCLE NUMBER 22
   ERROR FUNCTION = 9.41367
          RDY          THI     RMD          GLA          CCY     THC     GLC
OBJ:    INFINITY    INFINITY                              100     100     100
STO:    INFINITY    6.00000               N-BK7_SCH2000  100     100     100
002:    -10.000    19.34984                              100     100     100
IMG:    INFINITY    0.00000                              100     100     100
___
ASPHERES
# 2 K 0.00000
                                                          l
Name  Role        Typ  Target              Value               diff
SAS   Constraint  =    0.0000000000000000  -0.6770756805421260  -0.6770756805421260
SPO   Operand          0.0000000000000000   4.7157837480316847   4.7157837480316847
iSpotCalcMethod is 1
Plot Cmd is  FOB    0.0000000000000000          0.0000000000000000; SPOT RECT;RECT 20;SPD 1
iSpotCalcMethod is 1
Plot Cmd is  FOB    0.0000000000000000          0.0000000000000000; SPOT RECT;RECT 20;SPD 1
iSpotCalcMethod is 1
Plot Cmd is  FOB    0.0000000000000000          0.0000000000000000; SPOT RECT;RECT 20;SPD 1
iSpotCalcMethod is 1
Plot Cmd is  FOB    0.0000000000000000          0.0000000000000000; SPOT RECT;RECT 20;SPD 1
iSpotCalcMethod is 1
Plot Cmd is  FOB    0.0000000000000000          0.0000000000000000; SPOT RECT;RECT 20;SPD 1
iSpotCalcMethod is 1
Plot Cmd is  FOB    0.0000000000000000          0.0000000000000000; SPOT RECT;RECT 20;SPD 1
iSpotCalcMethod is 1
Plot Cmd is  FOB    0.0000000000000000          0.0000000000000000; SPOT RECT;RECT 20;SPD 1
iSpotCalcMethod is 1
Plot Cmd is  FOB    0.0000000000000000          0.0000000000000000; SPOT RECT;RECT 20;SPD 1
iSpotCalcMethod is 1
Plot Cmd is  FOB    0.0000000000000000          0.0000000000000000; SPOT RECT;RECT 20;SPD 1
                                                          l
CYCLE NUMBER 23
   ERROR FUNCTION = 9.41366
          RDY          THI     RMD          GLA          CCY     THC     GLC
OBJ:    INFINITY    INFINITY                              100     100     100
STO:    INFINITY    6.00000               N-BK7_SCH2000  100     100     100
002:    -10.000    19.34984                              100     100     100
IMG:    INFINITY    0.00000                              100     100     100
___
ASPHERES
# 2 K 0.00000
                                                          l
Name  Role        Typ  Target              Value               diff
SAS   Constraint  =    0.0000000000000000  -0.6770753420042880  -0.6770753420042880
SPO   Operand          0.0000000000000000   4.7157832331273610   4.7157832331273610
iSpotCalcMethod is 1
Plot Cmd is  FOB    0.0000000000000000          0.0000000000000000; SPOT RECT;RECT 20;SPD 1
iSpotCalcMethod is 1
Plot Cmd is  FOB    0.0000000000000000          0.0000000000000000; SPOT RECT;RECT 20;SPD 1
iSpotCalcMethod is 1
Plot Cmd is  FOB    0.0000000000000000          0.0000000000000000; SPOT RECT;RECT 20;SPD 1
iSpotCalcMethod is 1
Plot Cmd is  FOB    0.0000000000000000          0.0000000000000000; SPOT RECT;RECT 20;SPD 1
iSpotCalcMethod is 1
Plot Cmd is  FOB    0.0000000000000000          0.0000000000000000; SPOT RECT;RECT 20;SPD 1
iSpotCalcMethod is 1
Plot Cmd is  FOB    0.0000000000000000          0.0000000000000000; SPOT RECT;RECT 20;SPD 1
iSpotCalcMethod is 1
Plot Cmd is  FOB    0.0000000000000000          0.0000000000000000; SPOT RECT;RECT 20;SPD 1
iSpotCalcMethod is 1
Plot Cmd is  FOB    0.0000000000000000          0.0000000000000000; SPOT RECT;RECT 20;SPD 1
iSpotCalcMethod is 1
Plot Cmd is  FOB    0.0000000000000000          0.0000000000000000; SPOT RECT;RECT 20;SPD 1
                                                          l
CYCLE NUMBER 24
   ERROR FUNCTION = 9.41366
          RDY          THI     RMD          GLA          CCY     THC     GLC
OBJ:    INFINITY    INFINITY                              100     100     100
STO:    INFINITY    6.00000               N-BK7_SCH2000  100     100     100
002:    -10.000    19.34984                              100     100     100
IMG:    INFINITY    0.00000                              100     100     100
___
ASPHERES
# 2 K 0.00000
                                                          l
Name  Role        Typ  Target              Value               diff
SAS   Constraint  =    0.0000000000000000  -0.6770750034666183  -0.6770750034666183
SPO   Operand          0.0000000000000000   4.7157827182233962   4.7157827182233962
iSpotCalcMethod is 1
Plot Cmd is  FOB    0.0000000000000000          0.0000000000000000; SPOT RECT;RECT 20;SPD 1
iSpotCalcMethod is 1
Plot Cmd is  FOB    0.0000000000000000          0.0000000000000000; SPOT RECT;RECT 20;SPD 1
iSpotCalcMethod is 1
Plot Cmd is  FOB    0.0000000000000000          0.0000000000000000; SPOT RECT;RECT 20;SPD 1
iSpotCalcMethod is 1
Plot Cmd is  FOB    0.0000000000000000          0.0000000000000000; SPOT RECT;RECT 20;SPD 1
iSpotCalcMethod is 1
Plot Cmd is  FOB    0.0000000000000000          0.0000000000000000; SPOT RECT;RECT 20;SPD 1
iSpotCalcMethod is 1
Plot Cmd is  FOB    0.0000000000000000          0.0000000000000000; SPOT RECT;RECT 20;SPD 1
iSpotCalcMethod is 1
Plot Cmd is  FOB    0.0000000000000000          0.0000000000000000; SPOT RECT;RECT 20;SPD 1
iSpotCalcMethod is 1
Plot Cmd is  FOB    0.0000000000000000          0.0000000000000000; SPOT RECT;RECT 20;SPD 1
iSpotCalcMethod is 1
Plot Cmd is  FOB    0.0000000000000000          0.0000000000000000; SPOT RECT;RECT 20;SPD 1
                                                          l
CYCLE NUMBER 25
   ERROR FUNCTION = 9.41366
          RDY          THI     RMD          GLA          CCY     THC     GLC
OBJ:    INFINITY    INFINITY                              100     100     100
STO:    INFINITY    6.00000               N-BK7_SCH2000  100     100     100
002:    -10.000    19.34984                              100     100     100
IMG:    INFINITY    0.00000                              100     100     100
___
ASPHERES
# 2 K 0.00000
                                                          l
Name  Role        Typ  Target              Value               diff
SAS   Constraint  =    0.0000000000000000  -0.6770746649291172  -0.6770746649291172
SPO   Operand          0.0000000000000000   4.7157822033197832   4.7157822033197832
AUT: done after 26 iterations, status: More than max_iter iterations in slsqp
CURRENT LENS DATA LISTING
New Lens From Template
THE CURRENT LIC IS BLANK
THE CURRENT INI IS BLANK
THE CURRENT LTYPE IS BLANK
UNITS = MILLIMETERS
REF OBJ Y-HT                    REF AP Y-HT         OBJ SF#  REF SF#  IMG SF#
 -0.00000    (  0.000     DG)      10.00                 0        1        3

REF OBJ X-HT                    REF AP X-HT         OBJ SF#  REF SF#  IMG SF#
-0.174551E+12(  1.000     DG)      10.00                 0        1        3
 THERE ARE CURRENTLY            1  ANALYSIS FIELD POSITIONS DEFINED
 UNITS ARE DEGREES
POS # =  1 X-VALUE =   0.00000     Y-VALUE =   0.00000
YZ-PLANE FIRST ORDER OPERATING CONDITIONS
  EFL          BFD          F-NUM        LENGTH      GIH
  19.350       19.350      0.96749       25.350     -0.19350E-11
XZ-PLANE FIRST ORDER OPERATING CONDITIONS
  EFL          BFD          F-NUM        LENGTH      GIH
  19.350       19.350      0.96749       25.350      0.33775
SEMI-APERTURE REFERENCE RAY HEIGHT AT SURFACE #1
SAY(YZ-PLANE IN LENS UNITS) =    0.100000000000000D+02

SEMI-APERTURE REFERENCE RAY HEIGHT AT SURFACE #1
SAX(XZ-PLANE IN LENS UNITS) =    0.100000000000000D+02
NO AUTOFUNC FUNCTION IS CURRENTLY SPECIFIED
WAVL NBR          1            2            3            4            5
WAVELENGTH    0.58756       0.0000       0.0000       0.0000       0.0000
SPECTRAL WT    1.000        0.000        0.000        0.000        0.000
WAVL NBR          6            7            8            9            10
WAVELENGTH     0.0000       0.0000       0.0000       0.0000       0.0000
SPECTRAL WT    0.000        0.000        0.000        0.000        0.000
EVALUATION MODE IS FOCAL
THE CURRENT APERTURE STOP SURFACE IS SURFACE #   1
SPECIAL CONDITIONS

  3           VERTEX
BASIC LENS DATA (RADIUS MODE)

SURF  RADIUS        THICKNESS          MATERIAL          INDEX        V-NUM
  0    0.00000      0.100000E+14         AIR
  1*   0.00000       6.00000     SCH2000 N-BK7           1.51680       0.00
  1*REFS,STOP
  2*  -10.0000       19.3498             AIR
  2*Asphere,Solve
  3    0.00000       0.00000             LAST SURFACE
CONIC AND 4th THROUGH 10th ORDER ASPHERIC DATA
(+) - DESIGNATES A PLANO SURFACE WITH A 2ND ORDER ASPHERIC
TERM IN THE SECOND COLUMN INSTEAD OF A CONIC CONSTANT

SURF   CC/AC           AD            AE            AF            AG
  2   0.00000      0.270658E-03   0.00000       0.00000       0.00000
NO 12th through 20th ORDER ASPHERIC DATA
NO CONIC OR ASPHERIC ANAMORPHIC DATA
NO DEFORMABLE SURFACE DATA
NO TILT AND DECENTER DATA
NO TORIC OR ANAMORPHIC DATA
NO CLEAR APERTURE OR OBSCURATION DATA
REFRACTIVE INDEX DATA (WAVELENGTHS #1 TO #5)

SURF    N1             N2             N3             N4             N5
  0               AIR
  0    1.00000        1.00000        1.00000        1.00000        1.00000
  1 SCH2000       N-BK7
  1    1.51680        1.00000        1.00000        1.00000        1.00000
  2               AIR
  2    1.00000        1.00000        1.00000        1.00000        1.00000
  3               LAST SURFACE
  3    1.00000        1.00000        1.00000        1.00000        1.00000
REFRACTIVE INDEX DATA (WAVELENGTHS #6 TO #10)

SURF    N6             N7             N8             N9             N10
  0               AIR
  0    1.00000        1.00000        1.00000        1.00000        1.00000
  1 SCH2000       N-BK7
  1    1.00000        1.00000        1.00000        1.00000        1.00000
  2               AIR
  2    1.00000        1.00000        1.00000        1.00000        1.00000
  3               LAST SURFACE
  3    1.00000        1.00000        1.00000        1.00000        1.00000

SURFACE "SPECIFIC GRAVITY (gm/cc)" VALUES

SURF     "SPGR" VALUE (IN CURRENT LENS UNITS)
  0             0.0000000
  1             0.0000000
  2             0.0000000
  3             0.0000000
NO LINEAR DIFFRATION GRATING DATA FOUND
SOLVES

SURF TYPE   PARAMETER       VALUE           SLV DATUM
  2  PY        TH          19.350          0.0000
NO PIKUP DATA
SURFACE TYPE DATA

SURF       SURFACE TYPE
  0           REAL
  1           REAL
  2           REAL
  3           REAL
SURFACE FOOTBLOK DATA

SURF     FOOTBLOK DEFINITION
  0           OFF
  1           OFF
  2           OFF
  3           OFF
SURFACE PIVAXIS DATA

SURF     PIVAXIS DEFINITION
  0           VERTEX
  1           VERTEX
  2           VERTEX
  3           VERTEX
SURFACE (FORCED DUMMY) DATA

SURF     FORCED DUMMY SETTING
  0            NO/OFF
  1            NO/OFF
  2            NO/OFF
  3            NO/OFF

SURFACE "INR" VALUES
"INR" IS THE REFERENCE RADIUS FOR "FRINGE" CALCULATIONS

SURF     "INR" VALUE (IN CURRENT LENS UNITS)
  0            0.17455065E+12
  1             10.000000
  2             10.069047
  3            0.33775278
NO MIRROR THICKNESS DATA
NO PRICE DATA
SURFACE COATING NUMBER DATA

SURF    COATING NUMBER
  0     SURFACE NOT COATED
  1     SURFACE NOT COATED
  2     SURFACE NOT COATED
  3     SURFACE NOT COATED
NO SPECIAL SURFACE DATA
NO CONFIG DATA

CURRENT CONFIGURATION NUMBER IS   1
