All constraints removed


CMD LEVEL


ENTRANCE PUPIL
DIA       6.0000
THI       3.0552
INFINITE CONJUGATES
EFL       22.2176
BFL       16.8552
FFL       -15.1497
FNO       2.7818
IMG DIS   16.8552
OAL       7.2000
PARAXIAL IMAGE
 HT      7.7829
ANG       21.8920 DEG
ENTRANCE PUPIL
DIA       6.0000
THI       3.0552
EXIT PUPIL
DIA       5.5009
THI       -3.5142
ENTRANCE PUPIL
DIA       6.0000
THI       3.0552
INFINITE CONJUGATES
EFL       16.6905
BFL       -0.0000
FFL       -15.1497
FNO       2.7818
IMG DIS   0.0000
OAL       24.0552
PARAXIAL IMAGE
 HT      7.7829
ANG       29.1416 DEG
ENTRANCE PUPIL
DIA       6.0000
THI       3.0552
EXIT PUPIL
DIA       5.5009
THI       -15.3021
All constraints removed


CMD LEVEL


ENTRANCE PUPIL
DIA       6.0000
THI       3.0552
INFINITE CONJUGATES
EFL       22.2176
BFL       16.8552
FFL       -15.1497
FNO       2.7818
IMG DIS   16.8552
OAL       7.2000
PARAXIAL IMAGE
 HT      7.7829
ANG       21.8920 DEG
ENTRANCE PUPIL
DIA       6.0000
THI       3.0552
EXIT PUPIL
DIA       5.5009
THI       -3.5142
ENTRANCE PUPIL
DIA       6.0000
THI       3.0552
INFINITE CONJUGATES
EFL       16.6905
BFL       -0.0000
FFL       -15.1497
FNO       2.7818
IMG DIS   0.0000
OAL       24.0552
PARAXIAL IMAGE
 HT      7.7829
ANG       29.1416 DEG
ENTRANCE PUPIL
DIA       6.0000
THI       3.0552
EXIT PUPIL
DIA       5.5009
THI       -15.3021
