All constraints removed


CMD LEVEL




Model Glass Entered! 415.470
STROUT is MODEL D415.470,1.41500                ,47.00000
ENTRANCE PUPIL
DIA       6.0000
THI       3.0149
INFINITE CONJUGATES
EFL       23.7650
BFL       17.7837
FFL       -16.4484
FNO       2.9114
IMG DIS   17.7837
OAL       7.2000
PARAXIAL IMAGE
 HT      8.1458
ANG       0.3819
ENTRANCE PUPIL
DIA       6.0000
THI       3.0149
EXIT PUPIL
DIA       5.3851
THI       -3.5459
ENTRANCE PUPIL
DIA       6.0000
THI       3.0149
INFINITE CONJUGATES
EFL       17.4686
BFL       -0.0000
FFL       -16.4484
FNO       2.9114
IMG DIS   0.0000
OAL       24.9837
PARAXIAL IMAGE
 HT      8.1458
ANG       0.5196
ENTRANCE PUPIL
DIA       6.0000
THI       3.0149
EXIT PUPIL
DIA       5.3851
THI       -15.6785
All constraints removed


CMD LEVEL




Model Glass Entered! 415.470
STROUT is MODEL D415.470,1.41500                ,47.00000
ENTRANCE PUPIL
DIA       6.0000
THI       3.0149
INFINITE CONJUGATES
EFL       23.7650
BFL       17.7837
FFL       -16.4484
FNO       2.9114
IMG DIS   17.7837
OAL       7.2000
PARAXIAL IMAGE
 HT      8.1458
ANG       0.3819
ENTRANCE PUPIL
DIA       6.0000
THI       3.0149
EXIT PUPIL
DIA       5.3851
THI       -3.5459
ENTRANCE PUPIL
DIA       6.0000
THI       3.0149
INFINITE CONJUGATES
EFL       17.4686
BFL       -0.0000
FFL       -16.4484
FNO       2.9114
IMG DIS   0.0000
OAL       24.9837
PARAXIAL IMAGE
 HT      8.1458
ANG       0.5196
ENTRANCE PUPIL
DIA       6.0000
THI       3.0149
EXIT PUPIL
DIA       5.3851
THI       -15.6785
