All constraints removed




ENTRANCE PUPIL
DIA       6.0000
THI       3.0552
INFINITE CONJUGATES
EFL       28.4495
BFL       25.1830
FFL       -19.7006
FNO       3.3572
IMG DIS   25.1830
OAL       3.6000
PARAXIAL IMAGE
 HT      9.3929
ANG       21.3704 DEG
ENTRANCE PUPIL
DIA       6.0000
THI       3.0552
EXIT PUPIL
DIA       5.3111
THI       0.0000
ENTRANCE PUPIL
DIA       6.0000
THI       3.0552
INFINITE CONJUGATES
EFL       28.4495
BFL       25.1830
FFL       -19.7006
FNO       3.3572
IMG DIS   25.1830
OAL       3.6000
PARAXIAL IMAGE
 HT      9.3929
ANG       21.3704 DEG
ENTRANCE PUPIL
DIA       6.0000
THI       3.0552
EXIT PUPIL
DIA       5.3111
THI       0.0000
All constraints removed




ENTRANCE PUPIL
DIA       6.0000
THI       3.0552
INFINITE CONJUGATES
EFL       28.4495
BFL       25.1830
FFL       -19.7006
FNO       3.3572
IMG DIS   25.1830
OAL       3.6000
PARAXIAL IMAGE
 HT      9.3929
ANG       21.3704 DEG
ENTRANCE PUPIL
DIA       6.0000
THI       3.0552
EXIT PUPIL
DIA       5.3111
THI       0.0000
ENTRANCE PUPIL
DIA       6.0000
THI       3.0552
INFINITE CONJUGATES
EFL       28.4495
BFL       25.1830
FFL       -19.7006
FNO       3.3572
IMG DIS   25.1830
OAL       3.6000
PARAXIAL IMAGE
 HT      9.3929
ANG       21.3704 DEG
ENTRANCE PUPIL
DIA       6.0000
THI       3.0552
EXIT PUPIL
DIA       5.3111
THI       0.0000
