All constraints removed






Field Weights Command WTF     100     100     100 Not supported
ENGINETEST: surfaces 8, input rays 20
TILT FLAGS: 0 0 0 0 0 0 0 0
DECENTER FLAGS: 0 0 0 0 0 0 0 0
SURFACES WITH GLOBAL DATA: 0, FORONEL PIVOT PATH: F
TRNSF2: cases 140, not bit-identical 0
BAKONE: cases 20, not bit-identical 0
FORONEL: cases 20, not bit-identical 0
CACHEK: cases 249704, mismatches 0
HITSUR: cases 4992, skipped 0, mismatches 0
AIM SETUP: reference surface 3, clap type 0, multi clap 0, aplanatic F, flip X F, flip Y F, orient F, clap decentered or tilted F, surface 1 curved T, surface 1 conic F, ray aiming T, last surface thickness F
AIMTARGET: cases 137390, mismatches 0
GETZEE1: cases 1800, mismatches 0
RAYDERIV: cases 144, mismatches 0
NEWDEL: cases 792, mismatches 0
MISSREF: cases 240948, mismatches 0
ADJLAST: cases 1260, mismatches 0
ENGINETEST: PASS
All constraints removed






Field Weights Command WTF     100     100     100 Not supported

ENGINETEST: surfaces 8, input rays 20
TILT FLAGS: 0 0 0 0 0 0 0 0
DECENTER FLAGS: 0 1 0 1 0 0 0 0
SURFACES WITH GLOBAL DATA: 0, FORONEL PIVOT PATH: F
TRNSF2: cases 140, not bit-identical 0
BAKONE: cases 20, not bit-identical 0
FORONEL: cases 20, not bit-identical 0
CACHEK: cases 249704, mismatches 0
HITSUR: cases 4992, skipped 0, mismatches 0
AIM SETUP: reference surface 3, clap type 0, multi clap 0, aplanatic F, flip X F, flip Y F, orient F, clap decentered or tilted F, surface 1 curved T, surface 1 conic F, ray aiming T, last surface thickness F
AIMTARGET: cases 137390, mismatches 0
GETZEE1: cases 1800, mismatches 0
RAYDERIV: cases 144, mismatches 0
NEWDEL: cases 792, mismatches 0
MISSREF: cases 240948, mismatches 0
ADJLAST: cases 1260, mismatches 0
ENGINETEST: PASS
All constraints removed






Field Weights Command WTF     100     100     100 Not supported

ENGINETEST: surfaces 8, input rays 20
TILT FLAGS: 0 1 0 1 0 0 0 0
DECENTER FLAGS: 0 0 0 1 0 0 0 0
SURFACES WITH GLOBAL DATA: 1, FORONEL PIVOT PATH: F
TRNSF2: cases 140, not bit-identical 0
BAKONE: cases 20, not bit-identical 0
FORONEL: cases 20, not bit-identical 0
CACHEK: cases 249704, mismatches 0
HITSUR: cases 4992, skipped 0, mismatches 0
AIM SETUP: reference surface 3, clap type 0, multi clap 0, aplanatic F, flip X F, flip Y F, orient F, clap decentered or tilted F, surface 1 curved T, surface 1 conic F, ray aiming T, last surface thickness F
AIMTARGET: cases 137390, mismatches 0
GETZEE1: cases 1800, mismatches 0
RAYDERIV: cases 144, mismatches 0
NEWDEL: cases 792, mismatches 0
MISSREF: cases 240948, mismatches 0
ADJLAST: cases 1260, mismatches 0
ENGINETEST: PASS
All constraints removed






Field Weights Command WTF     100     100     100 Not supported

ENGINETEST: surfaces 8, input rays 20
TILT FLAGS: 0 -1 0 -1 0 0 0 0
DECENTER FLAGS: 0 1 0 1 0 0 0 0
SURFACES WITH GLOBAL DATA: 0, FORONEL PIVOT PATH: F
TRNSF2: cases 140, not bit-identical 0
BAKONE: cases 20, not bit-identical 0
FORONEL: cases 20, not bit-identical 0
CACHEK: cases 249704, mismatches 0
HITSUR: cases 4992, skipped 0, mismatches 0
AIM SETUP: reference surface 3, clap type 0, multi clap 0, aplanatic F, flip X F, flip Y F, orient F, clap decentered or tilted F, surface 1 curved T, surface 1 conic F, ray aiming T, last surface thickness F
AIMTARGET: cases 137390, mismatches 0
GETZEE1: cases 1800, mismatches 0
RAYDERIV: cases 144, mismatches 0
NEWDEL: cases 792, mismatches 0
MISSREF: cases 240948, mismatches 0
ADJLAST: cases 1260, mismatches 0
ENGINETEST: PASS
All constraints removed






Field Weights Command WTF     100     100     100 Not supported

ENGINETEST: surfaces 8, input rays 20
TILT FLAGS: 0 0 0 4 0 0 0 0
DECENTER FLAGS: 0 0 0 1 0 0 0 0
SURFACES WITH GLOBAL DATA: 0, FORONEL PIVOT PATH: F
TRNSF2: cases 140, not bit-identical 0
BAKONE: cases 20, not bit-identical 0
FORONEL: cases 20, not bit-identical 0
CACHEK: cases 249704, mismatches 0
HITSUR: cases 4992, skipped 0, mismatches 0
AIM SETUP: reference surface 3, clap type 0, multi clap 0, aplanatic F, flip X F, flip Y F, orient F, clap decentered or tilted F, surface 1 curved T, surface 1 conic F, ray aiming T, last surface thickness F
AIMTARGET: cases 137390, mismatches 0
GETZEE1: cases 1800, mismatches 0
RAYDERIV: cases 144, mismatches 0
NEWDEL: cases 792, mismatches 0
MISSREF: cases 240948, mismatches 0
ADJLAST: cases 1260, mismatches 0
ENGINETEST: PASS
All constraints removed






Field Weights Command WTF     100     100     100 Not supported

ENGINETEST: surfaces 8, input rays 20
TILT FLAGS: 0 0 0 5 0 0 0 0
DECENTER FLAGS: 0 0 0 1 0 0 0 0
SURFACES WITH GLOBAL DATA: 0, FORONEL PIVOT PATH: F
TRNSF2: cases 140, not bit-identical 0
BAKONE: cases 20, not bit-identical 0
FORONEL: cases 20, not bit-identical 0
CACHEK: cases 249704, mismatches 0
HITSUR: cases 4992, skipped 0, mismatches 0
AIM SETUP: reference surface 3, clap type 0, multi clap 0, aplanatic F, flip X F, flip Y F, orient F, clap decentered or tilted F, surface 1 curved T, surface 1 conic F, ray aiming T, last surface thickness F
AIMTARGET: cases 137390, mismatches 0
GETZEE1: cases 1800, mismatches 0
RAYDERIV: cases 144, mismatches 0
NEWDEL: cases 792, mismatches 0
MISSREF: cases 240948, mismatches 0
ADJLAST: cases 1260, mismatches 0
ENGINETEST: PASS
All constraints removed






Field Weights Command WTF     100     100     100 Not supported

ENGINETEST: surfaces 8, input rays 20
TILT FLAGS: 0 0 0 7 0 0 0 0
DECENTER FLAGS: 0 0 0 1 0 0 0 0
SURFACES WITH GLOBAL DATA: 0, FORONEL PIVOT PATH: F
TRNSF2: cases 140, not bit-identical 0
BAKONE: cases 20, not bit-identical 0
FORONEL: cases 20, not bit-identical 0
CACHEK: cases 249704, mismatches 0
HITSUR: cases 4992, skipped 0, mismatches 0
AIM SETUP: reference surface 3, clap type 0, multi clap 0, aplanatic F, flip X F, flip Y F, orient F, clap decentered or tilted F, surface 1 curved T, surface 1 conic F, ray aiming T, last surface thickness F
AIMTARGET: cases 137390, mismatches 0
GETZEE1: cases 1800, mismatches 0
RAYDERIV: cases 144, mismatches 0
NEWDEL: cases 792, mismatches 0
MISSREF: cases 240948, mismatches 0
ADJLAST: cases 1260, mismatches 0
ENGINETEST: PASS
All constraints removed






Field Weights Command WTF     100     100     100 Not supported

ENGINETEST: surfaces 8, input rays 20
TILT FLAGS: 0 0 0 0 0 2 0 0
DECENTER FLAGS: 0 0 0 0 0 0 0 0
SURFACES WITH GLOBAL DATA: 0, FORONEL PIVOT PATH: F
TRNSF2: cases 140, not bit-identical 0
BAKONE: cases 20, not bit-identical 0
FORONEL: cases 20, not bit-identical 0
CACHEK: cases 249704, mismatches 0
HITSUR: cases 4992, skipped 0, mismatches 0
AIM SETUP: reference surface 3, clap type 0, multi clap 0, aplanatic F, flip X F, flip Y F, orient F, clap decentered or tilted F, surface 1 curved T, surface 1 conic F, ray aiming T, last surface thickness F
AIMTARGET: cases 137390, mismatches 0
GETZEE1: cases 1800, mismatches 0
RAYDERIV: cases 144, mismatches 0
NEWDEL: cases 792, mismatches 0
MISSREF: cases 240948, mismatches 0
ADJLAST: cases 1260, mismatches 0
ENGINETEST: PASS
All constraints removed






Field Weights Command WTF     100     100     100 Not supported

ENGINETEST: surfaces 8, input rays 20
TILT FLAGS: 0 0 0 0 0 3 0 0
DECENTER FLAGS: 0 0 0 0 0 0 0 0
SURFACES WITH GLOBAL DATA: 0, FORONEL PIVOT PATH: F
TRNSF2: cases 140, not bit-identical 0
BAKONE: cases 20, not bit-identical 0
FORONEL: cases 20, not bit-identical 0
CACHEK: cases 249704, mismatches 0
HITSUR: cases 4992, skipped 0, mismatches 0
AIM SETUP: reference surface 3, clap type 0, multi clap 0, aplanatic F, flip X F, flip Y F, orient F, clap decentered or tilted F, surface 1 curved T, surface 1 conic F, ray aiming T, last surface thickness F
AIMTARGET: cases 137390, mismatches 0
GETZEE1: cases 1800, mismatches 0
RAYDERIV: cases 144, mismatches 0
NEWDEL: cases 792, mismatches 0
MISSREF: cases 240948, mismatches 0
ADJLAST: cases 1260, mismatches 0
ENGINETEST: PASS
All constraints removed






Field Weights Command WTF     100     100     100 Not supported

ENGINETEST: surfaces 8, input rays 20
TILT FLAGS: 0 0 0 1 0 0 0 0
DECENTER FLAGS: 0 0 0 1 0 0 0 0
SURFACES WITH GLOBAL DATA: 0, FORONEL PIVOT PATH: F
TRNSF2: cases 140, not bit-identical 0
BAKONE: cases 20, not bit-identical 0
FORONEL: cases 20, not bit-identical 0
CACHEK: cases 249704, mismatches 0
HITSUR: cases 4992, skipped 0, mismatches 0
AIM SETUP: reference surface 3, clap type 0, multi clap 0, aplanatic F, flip X F, flip Y F, orient F, clap decentered or tilted F, surface 1 curved T, surface 1 conic F, ray aiming T, last surface thickness F
AIMTARGET: cases 137390, mismatches 0
GETZEE1: cases 1800, mismatches 0
RAYDERIV: cases 144, mismatches 0
NEWDEL: cases 792, mismatches 0
MISSREF: cases 240948, mismatches 0
ADJLAST: cases 1260, mismatches 0
ENGINETEST: PASS
All constraints removed






Field Weights Command WTF     100     100     100 Not supported

ENGINETEST: surfaces 8, input rays 20
TILT FLAGS: 0 1 0 0 0 0 0 0
DECENTER FLAGS: 0 1 0 0 0 0 0 0
SURFACES WITH GLOBAL DATA: 0, FORONEL PIVOT PATH: T
TRNSF2: cases 140, not bit-identical 0
BAKONE: cases 20, not bit-identical 0
FORONEL: cases 20, not bit-identical 0
CACHEK: cases 249704, mismatches 0
HITSUR: cases 4992, skipped 0, mismatches 0
AIM SETUP: reference surface 3, clap type 0, multi clap 0, aplanatic F, flip X F, flip Y F, orient F, clap decentered or tilted F, surface 1 curved T, surface 1 conic F, ray aiming T, last surface thickness F
AIMTARGET: cases 137390, mismatches 0
GETZEE1: cases 1800, mismatches 0
RAYDERIV: cases 144, mismatches 0
NEWDEL: cases 792, mismatches 0
MISSREF: cases 240948, mismatches 0
ADJLAST: cases 1260, mismatches 0
ENGINETEST: PASS
All constraints removed






Field Weights Command WTF     100     100     100 Not supported

ENGINETEST: surfaces 8, input rays 20
TILT FLAGS: 0 -1 0 0 0 0 0 0
DECENTER FLAGS: 0 1 0 0 0 0 0 0
SURFACES WITH GLOBAL DATA: 0, FORONEL PIVOT PATH: T
TRNSF2: cases 140, not bit-identical 0
BAKONE: cases 20, not bit-identical 0
FORONEL: cases 20, not bit-identical 0
CACHEK: cases 249704, mismatches 0
HITSUR: cases 4992, skipped 0, mismatches 0
AIM SETUP: reference surface 3, clap type 0, multi clap 0, aplanatic F, flip X F, flip Y F, orient F, clap decentered or tilted F, surface 1 curved T, surface 1 conic F, ray aiming T, last surface thickness F
AIMTARGET: cases 137390, mismatches 0
GETZEE1: cases 1800, mismatches 0
RAYDERIV: cases 144, mismatches 0
NEWDEL: cases 792, mismatches 0
MISSREF: cases 240948, mismatches 0
ADJLAST: cases 1260, mismatches 0
ENGINETEST: PASS
All constraints removed






Field Weights Command WTF     100     100     100 Not supported

ENGINETEST: surfaces 8, input rays 20
TILT FLAGS: 0 1 -1 4 5 7 1 0
DECENTER FLAGS: 0 0 1 1 1 1 1 0
SURFACES WITH GLOBAL DATA: 1, FORONEL PIVOT PATH: F
TRNSF2: cases 140, not bit-identical 0
BAKONE: cases 20, not bit-identical 0
FORONEL: cases 20, not bit-identical 0
CACHEK: cases 249704, mismatches 0
HITSUR: cases 4992, skipped 0, mismatches 0
AIM SETUP: reference surface 3, clap type 0, multi clap 0, aplanatic F, flip X F, flip Y F, orient F, clap decentered or tilted F, surface 1 curved T, surface 1 conic F, ray aiming T, last surface thickness F
AIMTARGET: cases 137390, mismatches 0
GETZEE1: cases 1800, mismatches 0
RAYDERIV: cases 144, mismatches 0
NEWDEL: cases 792, mismatches 0
MISSREF: cases 240948, mismatches 0
ADJLAST: cases 1260, mismatches 0
ENGINETEST: PASS
All constraints removed






Field Weights Command WTF     100     100     100 Not supported

ENGINETEST: surfaces 8, input rays 20
TILT FLAGS: 0 0 0 0 0 0 0 0
DECENTER FLAGS: 0 0 0 0 0 0 0 0
SURFACES WITH GLOBAL DATA: 0, FORONEL PIVOT PATH: F
TRNSF2: cases 140, not bit-identical 0
BAKONE: cases 20, not bit-identical 0
FORONEL: cases 20, not bit-identical 0
CACHEK: cases 249704, mismatches 0
HITSUR: cases 4992, skipped 0, mismatches 0
AIM SETUP: reference surface 3, clap type 0, multi clap 0, aplanatic F, flip X F, flip Y F, orient F, clap decentered or tilted F, surface 1 curved T, surface 1 conic F, ray aiming T, last surface thickness F
AIMTARGET: cases 137390, mismatches 0
GETZEE1: cases 1800, mismatches 0
RAYDERIV: cases 144, mismatches 0
NEWDEL: cases 792, mismatches 0
MISSREF: cases 240948, mismatches 0
ADJLAST: cases 210, mismatches 0
ENGINETEST: PASS
All constraints removed






Field Weights Command WTF     100     100     100 Not supported

ENGINETEST: surfaces 8, input rays 20
TILT FLAGS: 0 0 0 0 0 0 0 0
DECENTER FLAGS: 0 0 0 0 0 0 0 0
SURFACES WITH GLOBAL DATA: 0, FORONEL PIVOT PATH: F
TRNSF2: cases 140, not bit-identical 0
BAKONE: cases 20, not bit-identical 0
FORONEL: cases 20, not bit-identical 0
CACHEK: cases 249704, mismatches 0
HITSUR: cases 4992, skipped 0, mismatches 0
AIM SETUP: reference surface 3, clap type 0, multi clap 0, aplanatic F, flip X F, flip Y F, orient F, clap decentered or tilted F, surface 1 curved T, surface 1 conic F, ray aiming T, last surface thickness F
AIMTARGET: cases 137390, mismatches 0
GETZEE1: cases 1800, mismatches 0
RAYDERIV: cases 144, mismatches 0
NEWDEL: cases 792, mismatches 0
MISSREF: cases 240948, mismatches 0
ADJLAST: cases 210, mismatches 0
ENGINETEST: PASS
All constraints removed






Field Weights Command WTF     100     100     100 Not supported

ENGINETEST: surfaces 8, input rays 20
TILT FLAGS: 0 0 0 0 0 0 0 0
DECENTER FLAGS: 0 0 0 0 0 0 0 0
SURFACES WITH GLOBAL DATA: 0, FORONEL PIVOT PATH: F
TRNSF2: cases 140, not bit-identical 0
BAKONE: cases 20, not bit-identical 0
FORONEL: cases 20, not bit-identical 0
CACHEK: cases 249704, mismatches 0
HITSUR: cases 4992, skipped 0, mismatches 0
AIM SETUP: reference surface 3, clap type 0, multi clap 0, aplanatic F, flip X F, flip Y F, orient F, clap decentered or tilted F, surface 1 curved T, surface 1 conic F, ray aiming T, last surface thickness F
AIMTARGET: cases 137390, mismatches 0
GETZEE1: cases 1800, mismatches 0
RAYDERIV: cases 144, mismatches 0
NEWDEL: cases 792, mismatches 0
MISSREF: cases 240948, mismatches 0
ADJLAST: cases 210, mismatches 0
ENGINETEST: PASS
All constraints removed






Field Weights Command WTF     100     100     100 Not supported

ENGINETEST: surfaces 8, input rays 20
TILT FLAGS: 0 0 0 0 0 0 0 0
DECENTER FLAGS: 0 0 0 0 0 0 0 0
SURFACES WITH GLOBAL DATA: 0, FORONEL PIVOT PATH: F
TRNSF2: cases 140, not bit-identical 0
BAKONE: cases 20, not bit-identical 0
FORONEL: cases 20, not bit-identical 0
CACHEK: cases 249704, mismatches 0
HITSUR: cases 4992, skipped 0, mismatches 0
AIM SETUP: reference surface 3, clap type 0, multi clap 0, aplanatic F, flip X F, flip Y F, orient F, clap decentered or tilted F, surface 1 curved T, surface 1 conic F, ray aiming T, last surface thickness F
AIMTARGET: cases 137390, mismatches 0
GETZEE1: cases 1800, mismatches 0
RAYDERIV: cases 144, mismatches 0
NEWDEL: cases 792, mismatches 0
MISSREF: cases 240948, mismatches 0
ADJLAST: cases 840, mismatches 0
ENGINETEST: PASS
All constraints removed






Field Weights Command WTF     100     100     100 Not supported

ENGINETEST: surfaces 8, input rays 20
TILT FLAGS: 0 0 0 0 0 0 0 0
DECENTER FLAGS: 0 0 0 0 0 0 0 0
SURFACES WITH GLOBAL DATA: 0, FORONEL PIVOT PATH: F
TRNSF2: cases 140, not bit-identical 0
BAKONE: cases 20, not bit-identical 0
FORONEL: cases 20, not bit-identical 0
CACHEK: cases 249704, mismatches 0
HITSUR: cases 4992, skipped 0, mismatches 0
AIM SETUP: reference surface 3, clap type 0, multi clap 0, aplanatic F, flip X F, flip Y F, orient F, clap decentered or tilted F, surface 1 curved T, surface 1 conic F, ray aiming T, last surface thickness F
AIMTARGET: cases 137390, mismatches 0
GETZEE1: cases 1800, mismatches 0
RAYDERIV: cases 144, mismatches 0
NEWDEL: cases 792, mismatches 0
MISSREF: cases 240948, mismatches 0
ADJLAST: cases 420, mismatches 0
ENGINETEST: PASS
All constraints removed






Field Weights Command WTF     100     100     100 Not supported

ENGINETEST: surfaces 8, input rays 20
TILT FLAGS: 0 0 0 0 0 0 0 0
DECENTER FLAGS: 0 0 0 0 0 0 0 0
SURFACES WITH GLOBAL DATA: 0, FORONEL PIVOT PATH: F
TRNSF2: cases 140, not bit-identical 0
BAKONE: cases 20, not bit-identical 0
FORONEL: cases 20, not bit-identical 0
CACHEK: cases 249704, mismatches 0
HITSUR: cases 4992, skipped 0, mismatches 0
AIM SETUP: reference surface 3, clap type 0, multi clap 0, aplanatic F, flip X F, flip Y F, orient F, clap decentered or tilted F, surface 1 curved T, surface 1 conic F, ray aiming T, last surface thickness F
AIMTARGET: cases 137390, mismatches 0
GETZEE1: cases 1800, mismatches 0
RAYDERIV: cases 144, mismatches 0
NEWDEL: cases 792, mismatches 0
MISSREF: cases 240948, mismatches 0
ADJLAST: cases 420, mismatches 0
ENGINETEST: PASS
All constraints removed






Field Weights Command WTF     100     100     100 Not supported

ENGINETEST: surfaces 8, input rays 20
TILT FLAGS: 0 0 0 0 0 0 0 0
DECENTER FLAGS: 0 0 0 0 0 0 0 0
SURFACES WITH GLOBAL DATA: 0, FORONEL PIVOT PATH: F
TRNSF2: cases 140, not bit-identical 0
BAKONE: cases 20, not bit-identical 0
FORONEL: cases 20, not bit-identical 0
CACHEK: cases 249704, mismatches 0
HITSUR: cases 4992, skipped 0, mismatches 0
AIM SETUP: reference surface 3, clap type 0, multi clap 0, aplanatic F, flip X F, flip Y F, orient F, clap decentered or tilted F, surface 1 curved T, surface 1 conic F, ray aiming T, last surface thickness F
AIMTARGET: cases 137390, mismatches 0
GETZEE1: cases 1800, mismatches 0
RAYDERIV: cases 144, mismatches 0
NEWDEL: cases 792, mismatches 0
MISSREF: cases 240948, mismatches 0
ADJLAST: cases 210, mismatches 0
ENGINETEST: PASS
All constraints removed






Field Weights Command WTF     100     100     100 Not supported

ENGINETEST: surfaces 8, input rays 20
TILT FLAGS: 0 0 0 0 0 0 0 0
DECENTER FLAGS: 0 0 0 0 0 0 0 0
SURFACES WITH GLOBAL DATA: 0, FORONEL PIVOT PATH: F
TRNSF2: cases 140, not bit-identical 0
BAKONE: cases 20, not bit-identical 0
FORONEL: cases 20, not bit-identical 0
CACHEK: cases 249704, mismatches 0
HITSUR: cases 4992, skipped 0, mismatches 0
AIM SETUP: reference surface 3, clap type 0, multi clap 0, aplanatic F, flip X F, flip Y F, orient F, clap decentered or tilted F, surface 1 curved T, surface 1 conic F, ray aiming T, last surface thickness F
AIMTARGET: cases 137390, mismatches 0
GETZEE1: cases 1800, mismatches 0
RAYDERIV: cases 144, mismatches 0
NEWDEL: cases 792, mismatches 0
MISSREF: cases 240948, mismatches 0
ADJLAST: cases 0, mismatches 0
ENGINETEST: PASS
All constraints removed






Field Weights Command WTF     100     100     100 Not supported

ENGINETEST: surfaces 8, input rays 20
TILT FLAGS: 0 0 0 0 0 0 0 0
DECENTER FLAGS: 0 0 0 0 0 0 0 0
SURFACES WITH GLOBAL DATA: 0, FORONEL PIVOT PATH: F
TRNSF2: cases 140, not bit-identical 0
BAKONE: cases 20, not bit-identical 0
FORONEL: cases 20, not bit-identical 0
CACHEK: cases 249704, mismatches 0
HITSUR: cases 4992, skipped 0, mismatches 0
AIM SETUP: reference surface 3, clap type 1, multi clap 0, aplanatic F, flip X F, flip Y F, orient F, clap decentered or tilted F, surface 1 curved T, surface 1 conic F, ray aiming T, last surface thickness F
AIMTARGET: cases 137390, mismatches 0
GETZEE1: cases 1800, mismatches 0
RAYDERIV: cases 144, mismatches 0
NEWDEL: cases 792, mismatches 0
MISSREF: cases 240948, mismatches 0
ADJLAST: cases 0, mismatches 0
ENGINETEST: PASS
All constraints removed






Field Weights Command WTF     100     100     100 Not supported

ENGINETEST: surfaces 8, input rays 20
TILT FLAGS: 0 0 0 0 0 0 0 0
DECENTER FLAGS: 0 0 0 0 0 0 0 0
SURFACES WITH GLOBAL DATA: 0, FORONEL PIVOT PATH: F
TRNSF2: cases 140, not bit-identical 0
BAKONE: cases 20, not bit-identical 0
FORONEL: cases 20, not bit-identical 0
CACHEK: cases 249704, mismatches 0
HITSUR: cases 4992, skipped 0, mismatches 0
AIM SETUP: reference surface 3, clap type 0, multi clap 0, aplanatic F, flip X F, flip Y F, orient F, clap decentered or tilted F, surface 1 curved T, surface 1 conic F, ray aiming T, last surface thickness F
AIMTARGET: cases 137390, mismatches 0
GETZEE1: cases 1800, mismatches 0
RAYDERIV: cases 144, mismatches 0
NEWDEL: cases 792, mismatches 0
MISSREF: cases 240948, mismatches 0
ADJLAST: cases 1050, mismatches 0
ENGINETEST: PASS
All constraints removed






Field Weights Command WTF     100     100     100 Not supported

ENGINETEST: surfaces 8, input rays 20
TILT FLAGS: 0 0 0 0 0 0 0 0
DECENTER FLAGS: 0 0 0 0 0 0 0 0
SURFACES WITH GLOBAL DATA: 0, FORONEL PIVOT PATH: F
TRNSF2: cases 140, not bit-identical 0
BAKONE: cases 20, not bit-identical 0
FORONEL: cases 20, not bit-identical 0
CACHEK: cases 278516, mismatches 0
HITSUR: cases 4992, skipped 0, mismatches 0
AIM SETUP: reference surface 3, clap type 0, multi clap 0, aplanatic F, flip X F, flip Y F, orient F, clap decentered or tilted F, surface 1 curved T, surface 1 conic F, ray aiming T, last surface thickness F
AIMTARGET: cases 137390, mismatches 0
GETZEE1: cases 1800, mismatches 0
RAYDERIV: cases 144, mismatches 0
NEWDEL: cases 792, mismatches 0
MISSREF: cases 240948, mismatches 0
ADJLAST: cases 1260, mismatches 0
ENGINETEST: PASS
All constraints removed






Field Weights Command WTF     100     100     100 Not supported

ENGINETEST: surfaces 8, input rays 20
TILT FLAGS: 0 0 0 0 0 0 0 0
DECENTER FLAGS: 0 0 0 0 0 0 0 0
SURFACES WITH GLOBAL DATA: 0, FORONEL PIVOT PATH: F
TRNSF2: cases 140, not bit-identical 0
BAKONE: cases 20, not bit-identical 0
FORONEL: cases 20, not bit-identical 0
CACHEK: cases 283318, mismatches 0
HITSUR: cases 4992, skipped 0, mismatches 0
AIM SETUP: reference surface 3, clap type 0, multi clap 0, aplanatic F, flip X F, flip Y F, orient F, clap decentered or tilted F, surface 1 curved T, surface 1 conic F, ray aiming T, last surface thickness F
AIMTARGET: cases 137390, mismatches 0
GETZEE1: cases 1800, mismatches 0
RAYDERIV: cases 144, mismatches 0
NEWDEL: cases 792, mismatches 0
MISSREF: cases 240948, mismatches 0
ADJLAST: cases 420, mismatches 0
ENGINETEST: PASS
All constraints removed



ENGINETEST: surfaces 62, input rays 20
TILT FLAGS: 0 0 0 0 0 0 0 0 0 0 0 0 0 0 0 0 0 0 0 0 0 0 0 0 0 0 0 0 0 0 0 0 0 0 0 0 0 0 0 0 0 0 0 0 0 0 0 0 0 0 0 0 0 0 0 0 0 0 0 0 0 0
DECENTER FLAGS: 0 0 0 0 0 0 0 0 0 0 0 0 0 0 0 0 0 0 0 0 0 0 0 0 0 0 0 0 0 0 0 0 0 0 0 0 0 0 0 0 0 0 0 0 0 0 0 0 0 0 0 0 0 0 0 0 0 0 0 0 0 0
SURFACES WITH GLOBAL DATA: 0, FORONEL PIVOT PATH: F
TRNSF2: cases 1220, not bit-identical 0
BAKONE: cases 20, not bit-identical 0
FORONEL: cases 20, not bit-identical 0
CACHEK: cases 1935206, mismatches 0
HITSUR: cases 38688, skipped 0, mismatches 0
AIM SETUP: reference surface 41, clap type 1, multi clap 0, aplanatic F, flip X F, flip Y F, orient F, clap decentered or tilted F, surface 1 curved T, surface 1 conic F, ray aiming T, last surface thickness F
AIMTARGET: cases 137390, mismatches 0
GETZEE1: cases 1800, mismatches 0
RAYDERIV: cases 144, mismatches 0
NEWDEL: cases 792, mismatches 0
MISSREF: cases 240948, mismatches 0
ADJLAST: cases 10980, mismatches 0
ENGINETEST: PASS
All constraints removed


ENGINETEST: surfaces 3, input rays 20
TILT FLAGS: 0 0 0
DECENTER FLAGS: 0 0 0
SURFACES WITH GLOBAL DATA: 0, FORONEL PIVOT PATH: F
TRNSF2: cases 40, not bit-identical 0
BAKONE: cases 20, not bit-identical 0
FORONEL: cases 20, not bit-identical 0
CACHEK: cases 93639, mismatches 0
HITSUR: cases 1872, skipped 0, mismatches 0
AIM SETUP: reference surface 1, clap type 0, multi clap 0, aplanatic F, flip X F, flip Y F, orient F, clap decentered or tilted F, surface 1 curved T, surface 1 conic F, ray aiming T, last surface thickness F
AIMTARGET: cases 137390, mismatches 0
GETZEE1: cases 1800, mismatches 0
RAYDERIV: cases 144, mismatches 0
NEWDEL: cases 792, mismatches 0
MISSREF: cases 240948, mismatches 0
ADJLAST: cases 360, mismatches 0
ENGINETEST: PASS
All constraints removed


ENGINETEST: surfaces 3, input rays 20
TILT FLAGS: 0 0 0
DECENTER FLAGS: 0 0 0
SURFACES WITH GLOBAL DATA: 0, FORONEL PIVOT PATH: F
TRNSF2: cases 40, not bit-identical 0
BAKONE: cases 20, not bit-identical 0
FORONEL: cases 20, not bit-identical 0
CACHEK: cases 93639, mismatches 0
HITSUR: cases 1872, skipped 0, mismatches 0
AIM SETUP: reference surface 1, clap type 0, multi clap 0, aplanatic F, flip X F, flip Y F, orient F, clap decentered or tilted F, surface 1 curved T, surface 1 conic F, ray aiming T, last surface thickness F
AIMTARGET: cases 137390, mismatches 0
GETZEE1: cases 1800, mismatches 0
RAYDERIV: cases 144, mismatches 0
NEWDEL: cases 792, mismatches 0
MISSREF: cases 240948, mismatches 0
ADJLAST: cases 360, mismatches 0
ENGINETEST: PASS
All constraints removed


 SURFACE I-1 MUST HAVE A FINITE THICKNESS
 RE-ENTER COMMAND
ENGINETEST: surfaces 3, input rays 20
TILT FLAGS: 0 0 0
DECENTER FLAGS: 0 0 0
SURFACES WITH GLOBAL DATA: 0, FORONEL PIVOT PATH: F
TRNSF2: cases 40, not bit-identical 0
BAKONE: cases 20, not bit-identical 0
FORONEL: cases 20, not bit-identical 0
CACHEK: cases 93639, mismatches 0
HITSUR: cases 1872, skipped 0, mismatches 0
AIM SETUP: reference surface 1, clap type 0, multi clap 0, aplanatic F, flip X F, flip Y F, orient F, clap decentered or tilted F, surface 1 curved T, surface 1 conic F, ray aiming T, last surface thickness F
AIMTARGET: cases 137390, mismatches 0
GETZEE1: cases 1800, mismatches 0
RAYDERIV: cases 144, mismatches 0
NEWDEL: cases 792, mismatches 0
MISSREF: cases 240948, mismatches 0
ADJLAST: cases 360, mismatches 0
ENGINETEST: PASS
All constraints removed






Field Weights Command WTF     100     100     100 Not supported
ENGINETEST: surfaces 9, input rays 20
TILT FLAGS: 0 0 0 0 0 0 0 0 0
DECENTER FLAGS: 0 0 0 0 0 0 0 0 0
SURFACES WITH GLOBAL DATA: 0, FORONEL PIVOT PATH: F
TRNSF2: cases 160, not bit-identical 0
BAKONE: cases 20, not bit-identical 0
FORONEL: cases 20, not bit-identical 0
CACHEK: cases 280917, mismatches 0
HITSUR: cases 5616, skipped 0, mismatches 0
AIM SETUP: reference surface 3, clap type 0, multi clap 0, aplanatic F, flip X F, flip Y F, orient F, clap decentered or tilted F, surface 1 curved T, surface 1 conic F, ray aiming T, last surface thickness F
AIMTARGET: cases 137390, mismatches 0
GETZEE1: cases 1800, mismatches 0
RAYDERIV: cases 144, mismatches 0
NEWDEL: cases 792, mismatches 0
MISSREF: cases 240948, mismatches 0
ADJLAST: cases 1440, mismatches 0
ENGINETEST: PASS
All constraints removed






Field Weights Command WTF     100     100     100 Not supported
MAG SOLVE DELETED HERE?

ENGINETEST: surfaces 8, input rays 20
TILT FLAGS: 0 0 0 0 0 0 0 0
DECENTER FLAGS: 0 0 0 0 0 0 0 0
SURFACES WITH GLOBAL DATA: 0, FORONEL PIVOT PATH: F
TRNSF2: cases 140, not bit-identical 0
BAKONE: cases 20, not bit-identical 0
FORONEL: cases 20, not bit-identical 0
CACHEK: cases 249704, mismatches 0
HITSUR: cases 4992, skipped 0, mismatches 0
AIM SETUP: reference surface 3, clap type 0, multi clap 0, aplanatic F, flip X F, flip Y F, orient F, clap decentered or tilted F, surface 1 curved T, surface 1 conic F, ray aiming T, last surface thickness F
AIMTARGET: cases 137390, mismatches 0
GETZEE1: cases 1800, mismatches 0
RAYDERIV: cases 144, mismatches 0
NEWDEL: cases 792, mismatches 0
MISSREF: cases 240948, mismatches 0
ADJLAST: cases 1260, mismatches 0
ENGINETEST: PASS
All constraints removed






Field Weights Command WTF     100     100     100 Not supported

ENGINETEST: surfaces 8, input rays 20
TILT FLAGS: 0 0 0 0 0 0 0 0
DECENTER FLAGS: 0 0 0 0 0 0 0 0
SURFACES WITH GLOBAL DATA: 0, FORONEL PIVOT PATH: F
TRNSF2: cases 140, not bit-identical 0
BAKONE: cases 20, not bit-identical 0
FORONEL: cases 20, not bit-identical 0
CACHEK: cases 249704, mismatches 0
HITSUR: cases 2496, skipped 4, mismatches 0
AIM SETUP: reference surface 3, clap type 0, multi clap 0, aplanatic F, flip X F, flip Y F, orient F, clap decentered or tilted F, surface 1 curved T, surface 1 conic F, ray aiming T, last surface thickness F
AIMTARGET: cases 137390, mismatches 0
GETZEE1: cases 1800, mismatches 0
RAYDERIV: cases 144, mismatches 0
NEWDEL: cases 792, mismatches 0
MISSREF: cases 240948, mismatches 0
ADJLAST: cases 0, mismatches 0
ENGINETEST: PASS
All constraints removed






Field Weights Command WTF     100     100     100 Not supported
ENGINETEST: surfaces 9, input rays 20
TILT FLAGS: 0 0 0 0 0 0 0 0 0
DECENTER FLAGS: 0 0 0 0 0 0 0 0 0
SURFACES WITH GLOBAL DATA: 0, FORONEL PIVOT PATH: F
TRNSF2: cases 160, not bit-identical 0
BAKONE: cases 20, not bit-identical 0
FORONEL: cases 20, not bit-identical 0
CACHEK: cases 280917, mismatches 0
HITSUR: cases 0, skipped 8, mismatches 0
AIM SETUP: reference surface 3, clap type 0, multi clap 0, aplanatic F, flip X F, flip Y F, orient F, clap decentered or tilted F, surface 1 curved T, surface 1 conic F, ray aiming T, last surface thickness F
AIMTARGET: cases 137390, mismatches 0
GETZEE1: cases 1800, mismatches 0
RAYDERIV: cases 144, mismatches 0
NEWDEL: cases 792, mismatches 0
MISSREF: cases 240948, mismatches 0
ADJLAST: cases 1440, mismatches 0
ENGINETEST: PASS
All constraints removed






Field Weights Command WTF     100     100     100 Not supported

ENGINETEST: surfaces 8, input rays 20
TILT FLAGS: 0 0 0 0 0 0 0 0
DECENTER FLAGS: 0 0 0 0 0 0 0 0
SURFACES WITH GLOBAL DATA: 0, FORONEL PIVOT PATH: F
TRNSF2: cases 140, not bit-identical 0
BAKONE: cases 20, not bit-identical 0
FORONEL: cases 20, not bit-identical 0
CACHEK: cases 249704, mismatches 0
HITSUR: cases 4368, skipped 1, mismatches 0
AIM SETUP: reference surface 3, clap type 0, multi clap 0, aplanatic F, flip X F, flip Y F, orient F, clap decentered or tilted F, surface 1 curved T, surface 1 conic F, ray aiming T, last surface thickness F
AIMTARGET: cases 137390, mismatches 0
GETZEE1: cases 1800, mismatches 0
RAYDERIV: cases 144, mismatches 0
NEWDEL: cases 792, mismatches 0
MISSREF: cases 240948, mismatches 0
ADJLAST: cases 1260, mismatches 0
ENGINETEST: PASS
All constraints removed






Field Weights Command WTF     100     100     100 Not supported

ENGINETEST: surfaces 8, input rays 20
TILT FLAGS: 0 0 0 0 0 0 0 0
DECENTER FLAGS: 0 0 0 0 0 0 0 0
SURFACES WITH GLOBAL DATA: 0, FORONEL PIVOT PATH: F
TRNSF2: cases 140, not bit-identical 0
BAKONE: cases 20, not bit-identical 0
FORONEL: cases 20, not bit-identical 0
CACHEK: cases 249704, mismatches 0
HITSUR: cases 4992, skipped 0, mismatches 0
AIM SETUP: reference surface 3, clap type 1, multi clap 0, aplanatic F, flip X F, flip Y F, orient F, clap decentered or tilted F, surface 1 curved T, surface 1 conic F, ray aiming T, last surface thickness F
AIMTARGET: cases 137390, mismatches 0
GETZEE1: cases 1800, mismatches 0
RAYDERIV: cases 144, mismatches 0
NEWDEL: cases 792, mismatches 0
MISSREF: cases 240948, mismatches 0
ADJLAST: cases 1260, mismatches 0
ENGINETEST: PASS
All constraints removed






Field Weights Command WTF     100     100     100 Not supported

ENGINETEST: surfaces 8, input rays 20
TILT FLAGS: 0 0 0 0 0 0 0 0
DECENTER FLAGS: 0 0 0 0 0 0 0 0
SURFACES WITH GLOBAL DATA: 0, FORONEL PIVOT PATH: F
TRNSF2: cases 140, not bit-identical 0
BAKONE: cases 20, not bit-identical 0
FORONEL: cases 20, not bit-identical 0
CACHEK: cases 249704, mismatches 0
HITSUR: cases 4992, skipped 0, mismatches 0
AIM SETUP: reference surface 3, clap type 1, multi clap 0, aplanatic T, flip X F, flip Y F, orient F, clap decentered or tilted F, surface 1 curved T, surface 1 conic F, ray aiming F, last surface thickness F
AIMTARGET: cases 137390, mismatches 0
GETZEE1: cases 1800, mismatches 0
RAYDERIV: cases 144, mismatches 0
NEWDEL: cases 792, mismatches 0
MISSREF: cases 240948, mismatches 0
ADJLAST: cases 840, mismatches 0
ENGINETEST: PASS
All constraints removed






Field Weights Command WTF     100     100     100 Not supported

ENGINETEST: surfaces 8, input rays 20
TILT FLAGS: 0 0 0 0 0 0 0 0
DECENTER FLAGS: 0 0 0 0 0 0 0 0
SURFACES WITH GLOBAL DATA: 0, FORONEL PIVOT PATH: F
TRNSF2: cases 140, not bit-identical 0
BAKONE: cases 20, not bit-identical 0
FORONEL: cases 20, not bit-identical 0
CACHEK: cases 249704, mismatches 0
HITSUR: cases 4992, skipped 0, mismatches 0
AIM SETUP: reference surface 3, clap type 1, multi clap 0, aplanatic T, flip X F, flip Y F, orient F, clap decentered or tilted F, surface 1 curved T, surface 1 conic F, ray aiming F, last surface thickness F
AIMTARGET: cases 137390, mismatches 0
GETZEE1: cases 1800, mismatches 0
RAYDERIV: cases 144, mismatches 0
NEWDEL: cases 792, mismatches 0
MISSREF: cases 240948, mismatches 0
ADJLAST: cases 630, mismatches 0
ENGINETEST: PASS
All constraints removed






Field Weights Command WTF     100     100     100 Not supported

ENGINETEST: surfaces 8, input rays 20
TILT FLAGS: 0 0 0 0 0 0 0 0
DECENTER FLAGS: 0 0 0 0 0 0 0 0
SURFACES WITH GLOBAL DATA: 0, FORONEL PIVOT PATH: F
TRNSF2: cases 140, not bit-identical 0
BAKONE: cases 20, not bit-identical 0
FORONEL: cases 20, not bit-identical 0
CACHEK: cases 249704, mismatches 0
HITSUR: cases 4992, skipped 0, mismatches 0
AIM SETUP: reference surface 3, clap type 1, multi clap 0, aplanatic T, flip X F, flip Y F, orient F, clap decentered or tilted T, surface 1 curved T, surface 1 conic F, ray aiming F, last surface thickness F
AIMTARGET: cases 137390, mismatches 0
GETZEE1: cases 1800, mismatches 0
RAYDERIV: cases 144, mismatches 0
NEWDEL: cases 792, mismatches 0
MISSREF: cases 240948, mismatches 0
ADJLAST: cases 840, mismatches 0
ENGINETEST: PASS
All constraints removed






Field Weights Command WTF     100     100     100 Not supported

ENGINETEST: surfaces 8, input rays 20
TILT FLAGS: 0 0 0 0 0 0 0 0
DECENTER FLAGS: 0 0 0 0 0 0 0 0
SURFACES WITH GLOBAL DATA: 0, FORONEL PIVOT PATH: F
TRNSF2: cases 140, not bit-identical 0
BAKONE: cases 20, not bit-identical 0
FORONEL: cases 20, not bit-identical 0
CACHEK: cases 249704, mismatches 0
HITSUR: cases 4992, skipped 0, mismatches 0
AIM SETUP: reference surface 3, clap type 2, multi clap 0, aplanatic F, flip X F, flip Y F, orient F, clap decentered or tilted F, surface 1 curved T, surface 1 conic F, ray aiming T, last surface thickness F
AIMTARGET: cases 137390, mismatches 0
GETZEE1: cases 1800, mismatches 0
RAYDERIV: cases 144, mismatches 0
NEWDEL: cases 792, mismatches 0
MISSREF: cases 240948, mismatches 0
ADJLAST: cases 1260, mismatches 0
ENGINETEST: PASS
All constraints removed






Field Weights Command WTF     100     100     100 Not supported

ENGINETEST: surfaces 8, input rays 20
TILT FLAGS: 0 0 0 0 0 0 0 0
DECENTER FLAGS: 0 0 0 0 0 0 0 0
SURFACES WITH GLOBAL DATA: 0, FORONEL PIVOT PATH: F
TRNSF2: cases 140, not bit-identical 0
BAKONE: cases 20, not bit-identical 0
FORONEL: cases 20, not bit-identical 0
CACHEK: cases 249704, mismatches 0
HITSUR: cases 4992, skipped 0, mismatches 0
AIM SETUP: reference surface 3, clap type 2, multi clap 0, aplanatic F, flip X F, flip Y F, orient F, clap decentered or tilted T, surface 1 curved T, surface 1 conic F, ray aiming T, last surface thickness F
AIMTARGET: cases 137390, mismatches 0
GETZEE1: cases 1800, mismatches 0
RAYDERIV: cases 144, mismatches 0
NEWDEL: cases 792, mismatches 0
MISSREF: cases 240948, mismatches 0
ADJLAST: cases 1050, mismatches 0
ENGINETEST: PASS
All constraints removed






Field Weights Command WTF     100     100     100 Not supported

ENGINETEST: surfaces 8, input rays 20
TILT FLAGS: 0 0 0 0 0 0 0 0
DECENTER FLAGS: 0 0 0 0 0 0 0 0
SURFACES WITH GLOBAL DATA: 0, FORONEL PIVOT PATH: F
TRNSF2: cases 140, not bit-identical 0
BAKONE: cases 20, not bit-identical 0
FORONEL: cases 20, not bit-identical 0
CACHEK: cases 249704, mismatches 0
HITSUR: cases 4992, skipped 0, mismatches 0
AIM SETUP: reference surface 3, clap type 3, multi clap 0, aplanatic F, flip X F, flip Y F, orient F, clap decentered or tilted F, surface 1 curved T, surface 1 conic F, ray aiming T, last surface thickness F
AIMTARGET: cases 137390, mismatches 0
GETZEE1: cases 1800, mismatches 0
RAYDERIV: cases 144, mismatches 0
NEWDEL: cases 792, mismatches 0
MISSREF: cases 240948, mismatches 0
ADJLAST: cases 1260, mismatches 0
ENGINETEST: PASS
All constraints removed






Field Weights Command WTF     100     100     100 Not supported

ENGINETEST: surfaces 8, input rays 20
TILT FLAGS: 0 0 0 0 0 0 0 0
DECENTER FLAGS: 0 0 0 0 0 0 0 0
SURFACES WITH GLOBAL DATA: 0, FORONEL PIVOT PATH: F
TRNSF2: cases 140, not bit-identical 0
BAKONE: cases 20, not bit-identical 0
FORONEL: cases 20, not bit-identical 0
CACHEK: cases 249704, mismatches 0
HITSUR: cases 4992, skipped 0, mismatches 0
AIM SETUP: reference surface 3, clap type 3, multi clap 0, aplanatic F, flip X F, flip Y F, orient F, clap decentered or tilted T, surface 1 curved T, surface 1 conic F, ray aiming T, last surface thickness F
AIMTARGET: cases 137390, mismatches 0
GETZEE1: cases 1800, mismatches 0
RAYDERIV: cases 144, mismatches 0
NEWDEL: cases 792, mismatches 0
MISSREF: cases 240948, mismatches 0
ADJLAST: cases 1050, mismatches 0
ENGINETEST: PASS
All constraints removed






Field Weights Command WTF     100     100     100 Not supported

ENGINETEST: surfaces 8, input rays 20
TILT FLAGS: 0 0 0 0 0 0 0 0
DECENTER FLAGS: 0 0 0 0 0 0 0 0
SURFACES WITH GLOBAL DATA: 0, FORONEL PIVOT PATH: F
TRNSF2: cases 140, not bit-identical 0
BAKONE: cases 20, not bit-identical 0
FORONEL: cases 20, not bit-identical 0
CACHEK: cases 249704, mismatches 0
HITSUR: cases 4992, skipped 0, mismatches 0
AIM SETUP: reference surface 3, clap type 4, multi clap 0, aplanatic F, flip X F, flip Y F, orient F, clap decentered or tilted F, surface 1 curved T, surface 1 conic F, ray aiming T, last surface thickness F
AIMTARGET: cases 137390, mismatches 0
GETZEE1: cases 1800, mismatches 0
RAYDERIV: cases 144, mismatches 0
NEWDEL: cases 792, mismatches 0
MISSREF: cases 240948, mismatches 0
ADJLAST: cases 1260, mismatches 0
ENGINETEST: PASS
All constraints removed






Field Weights Command WTF     100     100     100 Not supported

ENGINETEST: surfaces 8, input rays 20
TILT FLAGS: 0 0 0 0 0 0 0 0
DECENTER FLAGS: 0 0 0 0 0 0 0 0
SURFACES WITH GLOBAL DATA: 0, FORONEL PIVOT PATH: F
TRNSF2: cases 140, not bit-identical 0
BAKONE: cases 20, not bit-identical 0
FORONEL: cases 20, not bit-identical 0
CACHEK: cases 249704, mismatches 0
HITSUR: cases 4992, skipped 0, mismatches 0
AIM SETUP: reference surface 3, clap type 5, multi clap 0, aplanatic F, flip X F, flip Y F, orient F, clap decentered or tilted T, surface 1 curved T, surface 1 conic F, ray aiming T, last surface thickness F
AIMTARGET: cases 137390, mismatches 0
GETZEE1: cases 1800, mismatches 0
RAYDERIV: cases 144, mismatches 0
NEWDEL: cases 792, mismatches 0
MISSREF: cases 240948, mismatches 0
ADJLAST: cases 840, mismatches 0
ENGINETEST: PASS
All constraints removed






Field Weights Command WTF     100     100     100 Not supported
ENGINETEST: surfaces 8, input rays 20
TILT FLAGS: 0 0 0 0 0 0 0 0
DECENTER FLAGS: 0 0 0 0 0 0 0 0
SURFACES WITH GLOBAL DATA: 0, FORONEL PIVOT PATH: F
TRNSF2: cases 140, not bit-identical 0
BAKONE: cases 20, not bit-identical 0
FORONEL: cases 20, not bit-identical 0
CACHEK: cases 249704, mismatches 0
HITSUR: cases 4992, skipped 0, mismatches 0
AIM SETUP: reference surface 3, clap type 0, multi clap 0, aplanatic F, flip X T, flip Y F, orient F, clap decentered or tilted F, surface 1 curved T, surface 1 conic F, ray aiming T, last surface thickness F
AIMTARGET: cases 137390, mismatches 0
GETZEE1: cases 1800, mismatches 0
RAYDERIV: cases 144, mismatches 0
NEWDEL: cases 792, mismatches 0
MISSREF: cases 240948, mismatches 0
ADJLAST: cases 1260, mismatches 0
ENGINETEST: PASS
All constraints removed






Field Weights Command WTF     100     100     100 Not supported

ENGINETEST: surfaces 8, input rays 20
TILT FLAGS: 0 0 0 0 0 0 0 0
DECENTER FLAGS: 0 0 0 0 0 0 0 0
SURFACES WITH GLOBAL DATA: 0, FORONEL PIVOT PATH: F
TRNSF2: cases 140, not bit-identical 0
BAKONE: cases 20, not bit-identical 0
FORONEL: cases 20, not bit-identical 0
CACHEK: cases 249704, mismatches 0
HITSUR: cases 4992, skipped 0, mismatches 0
AIM SETUP: reference surface 3, clap type 2, multi clap 0, aplanatic F, flip X F, flip Y T, orient F, clap decentered or tilted F, surface 1 curved T, surface 1 conic F, ray aiming T, last surface thickness F
AIMTARGET: cases 137390, mismatches 0
GETZEE1: cases 1800, mismatches 0
RAYDERIV: cases 144, mismatches 0
NEWDEL: cases 792, mismatches 0
MISSREF: cases 240948, mismatches 0
ADJLAST: cases 1260, mismatches 0
ENGINETEST: PASS
All constraints removed






Field Weights Command WTF     100     100     100 Not supported

ENGINETEST: surfaces 8, input rays 20
TILT FLAGS: 0 0 0 0 0 0 0 0
DECENTER FLAGS: 0 0 0 0 0 0 0 0
SURFACES WITH GLOBAL DATA: 0, FORONEL PIVOT PATH: F
TRNSF2: cases 140, not bit-identical 0
BAKONE: cases 20, not bit-identical 0
FORONEL: cases 20, not bit-identical 0
CACHEK: cases 249704, mismatches 0
HITSUR: cases 4992, skipped 0, mismatches 0
AIM SETUP: reference surface 3, clap type 2, multi clap 0, aplanatic F, flip X T, flip Y T, orient F, clap decentered or tilted T, surface 1 curved T, surface 1 conic F, ray aiming T, last surface thickness F
AIMTARGET: cases 137390, mismatches 0
GETZEE1: cases 1800, mismatches 0
RAYDERIV: cases 144, mismatches 0
NEWDEL: cases 792, mismatches 0
MISSREF: cases 240948, mismatches 0
ADJLAST: cases 1050, mismatches 0
ENGINETEST: PASS
All constraints removed






Field Weights Command WTF     100     100     100 Not supported

ENGINETEST: surfaces 8, input rays 20
TILT FLAGS: 0 0 0 0 0 0 0 0
DECENTER FLAGS: 0 0 0 0 0 0 0 0
SURFACES WITH GLOBAL DATA: 0, FORONEL PIVOT PATH: F
TRNSF2: cases 140, not bit-identical 0
BAKONE: cases 20, not bit-identical 0
FORONEL: cases 20, not bit-identical 0
CACHEK: cases 249704, mismatches 0
HITSUR: cases 4992, skipped 0, mismatches 0
AIM SETUP: reference surface 3, clap type 3, multi clap 0, aplanatic F, flip X F, flip Y F, orient T, clap decentered or tilted F, surface 1 curved T, surface 1 conic F, ray aiming T, last surface thickness F
AIMTARGET: cases 137390, mismatches 0
GETZEE1: cases 1800, mismatches 0
RAYDERIV: cases 144, mismatches 0
NEWDEL: cases 792, mismatches 0
MISSREF: cases 240948, mismatches 0
ADJLAST: cases 1260, mismatches 0
ENGINETEST: PASS
All constraints removed






Field Weights Command WTF     100     100     100 Not supported

ENGINETEST: surfaces 8, input rays 20
TILT FLAGS: 0 0 0 0 0 0 0 0
DECENTER FLAGS: 0 0 0 0 0 0 0 0
SURFACES WITH GLOBAL DATA: 0, FORONEL PIVOT PATH: F
TRNSF2: cases 140, not bit-identical 0
BAKONE: cases 20, not bit-identical 0
FORONEL: cases 20, not bit-identical 0
CACHEK: cases 249704, mismatches 0
HITSUR: cases 4992, skipped 0, mismatches 0
AIM SETUP: reference surface 3, clap type 0, multi clap 0, aplanatic F, flip X F, flip Y F, orient T, clap decentered or tilted F, surface 1 curved T, surface 1 conic F, ray aiming T, last surface thickness F
AIMTARGET: cases 137390, mismatches 0
GETZEE1: cases 1800, mismatches 0
RAYDERIV: cases 144, mismatches 0
NEWDEL: cases 792, mismatches 0
MISSREF: cases 240948, mismatches 0
ADJLAST: cases 1260, mismatches 0
ENGINETEST: PASS
All constraints removed






Field Weights Command WTF     100     100     100 Not supported

ENGINETEST: surfaces 8, input rays 20
TILT FLAGS: 0 0 0 0 0 0 0 0
DECENTER FLAGS: 0 0 0 0 0 0 0 0
SURFACES WITH GLOBAL DATA: 0, FORONEL PIVOT PATH: F
TRNSF2: cases 140, not bit-identical 0
BAKONE: cases 20, not bit-identical 0
FORONEL: cases 20, not bit-identical 0
CACHEK: cases 249704, mismatches 0
HITSUR: cases 4992, skipped 0, mismatches 0
AIM SETUP: reference surface 3, clap type 1, multi clap 0, aplanatic F, flip X F, flip Y F, orient F, clap decentered or tilted F, surface 1 curved T, surface 1 conic F, ray aiming F, last surface thickness F
AIMTARGET: cases 137390, mismatches 0
GETZEE1: cases 1800, mismatches 0
RAYDERIV: cases 144, mismatches 0
NEWDEL: cases 792, mismatches 0
MISSREF: cases 240948, mismatches 0
ADJLAST: cases 840, mismatches 0
ENGINETEST: PASS
All constraints removed






Field Weights Command WTF     100     100     100 Not supported
ENGINETEST: surfaces 8, input rays 20
TILT FLAGS: 0 0 0 0 0 0 0 0
DECENTER FLAGS: 0 0 0 0 0 0 0 0
SURFACES WITH GLOBAL DATA: 0, FORONEL PIVOT PATH: F
TRNSF2: cases 140, not bit-identical 0
BAKONE: cases 20, not bit-identical 0
FORONEL: cases 20, not bit-identical 0
CACHEK: cases 249704, mismatches 0
HITSUR: cases 4992, skipped 0, mismatches 0
AIM SETUP: reference surface 3, clap type 0, multi clap 0, aplanatic F, flip X F, flip Y F, orient F, clap decentered or tilted F, surface 1 curved F, surface 1 conic F, ray aiming T, last surface thickness F
AIMTARGET: cases 137390, mismatches 0
GETZEE1: cases 1800, mismatches 0
RAYDERIV: cases 144, mismatches 0
NEWDEL: cases 792, mismatches 0
MISSREF: cases 240948, mismatches 0
ADJLAST: cases 1260, mismatches 0
ENGINETEST: PASS
All constraints removed






Field Weights Command WTF     100     100     100 Not supported
ENGINETEST: surfaces 8, input rays 20
TILT FLAGS: 0 0 0 0 0 0 0 0
DECENTER FLAGS: 0 0 0 0 0 0 0 0
SURFACES WITH GLOBAL DATA: 0, FORONEL PIVOT PATH: F
TRNSF2: cases 140, not bit-identical 0
BAKONE: cases 20, not bit-identical 0
FORONEL: cases 20, not bit-identical 0
CACHEK: cases 249704, mismatches 0
HITSUR: cases 4992, skipped 0, mismatches 0
AIM SETUP: reference surface 3, clap type 0, multi clap 0, aplanatic F, flip X F, flip Y F, orient F, clap decentered or tilted F, surface 1 curved T, surface 1 conic T, ray aiming T, last surface thickness F
AIMTARGET: cases 137390, mismatches 0
GETZEE1: cases 1800, mismatches 0
RAYDERIV: cases 144, mismatches 0
NEWDEL: cases 792, mismatches 0
MISSREF: cases 240948, mismatches 0
ADJLAST: cases 1260, mismatches 0
ENGINETEST: PASS
All constraints removed






Field Weights Command WTF     100     100     100 Not supported

ENGINETEST: surfaces 8, input rays 20
TILT FLAGS: 0 1 0 0 0 0 0 0
DECENTER FLAGS: 0 1 0 0 0 0 0 0
SURFACES WITH GLOBAL DATA: 0, FORONEL PIVOT PATH: F
TRNSF2: cases 140, not bit-identical 0
BAKONE: cases 20, not bit-identical 0
FORONEL: cases 20, not bit-identical 0
CACHEK: cases 249704, mismatches 0
HITSUR: cases 4992, skipped 0, mismatches 0
AIM SETUP: reference surface 3, clap type 0, multi clap 0, aplanatic F, flip X F, flip Y F, orient F, clap decentered or tilted F, surface 1 curved T, surface 1 conic T, ray aiming T, last surface thickness F
AIMTARGET: cases 137390, mismatches 0
GETZEE1: cases 1800, mismatches 0
RAYDERIV: cases 144, mismatches 0
NEWDEL: cases 792, mismatches 0
MISSREF: cases 240948, mismatches 0
ADJLAST: cases 1260, mismatches 0
ENGINETEST: PASS
All constraints removed






Field Weights Command WTF     100     100     100 Not supported
ENGINETEST: surfaces 8, input rays 20
TILT FLAGS: 0 0 0 0 0 0 0 0
DECENTER FLAGS: 0 0 0 0 0 0 0 0
SURFACES WITH GLOBAL DATA: 0, FORONEL PIVOT PATH: F
TRNSF2: cases 140, not bit-identical 0
BAKONE: cases 20, not bit-identical 0
FORONEL: cases 20, not bit-identical 0
CACHEK: cases 249704, mismatches 0
HITSUR: cases 4992, skipped 0, mismatches 0
AIM SETUP: reference surface 3, clap type 0, multi clap 0, aplanatic F, flip X F, flip Y F, orient F, clap decentered or tilted F, surface 1 curved T, surface 1 conic F, ray aiming T, last surface thickness T
AIMTARGET: cases 137390, mismatches 0
GETZEE1: cases 1800, mismatches 0
RAYDERIV: cases 144, mismatches 0
NEWDEL: cases 792, mismatches 0
MISSREF: cases 240948, mismatches 0
ADJLAST: cases 1260, mismatches 0
ENGINETEST: PASS
All constraints removed






Field Weights Command WTF     100     100     100 Not supported
ENGINETEST: surfaces 8, input rays 20
TILT FLAGS: 0 0 0 0 0 0 0 0
DECENTER FLAGS: 0 0 0 0 0 0 0 0
SURFACES WITH GLOBAL DATA: 0, FORONEL PIVOT PATH: F
TRNSF2: cases 140, not bit-identical 0
BAKONE: cases 20, not bit-identical 0
FORONEL: cases 20, not bit-identical 0
CACHEK: cases 249704, mismatches 0
HITSUR: cases 4992, skipped 0, mismatches 0
AIM SETUP: reference surface 3, clap type 0, multi clap 0, aplanatic F, flip X F, flip Y F, orient F, clap decentered or tilted F, surface 1 curved T, surface 1 conic F, ray aiming T, last surface thickness T
AIMTARGET: cases 137390, mismatches 0
GETZEE1: cases 1800, mismatches 0
RAYDERIV: cases 144, mismatches 0
NEWDEL: cases 792, mismatches 0
MISSREF: cases 240948, mismatches 0
ADJLAST: cases 1260, mismatches 0
ENGINETEST: PASS
