All constraints removed



Field Weights Command WTF     100     100     100 Not supported
All constraints removed


                                                          l
CYCLE NUMBER 0
   ERROR FUNCTION = 0.00000
          RDY          THI     RMD          GLA          CCY     THC     GLC
OBJ:    INFINITY    INFINITY                              100     100
STO:    INFINITY    6.00000               BK7_SCHOTT     100     100
002:    -10.000    19.34984                              100     100
IMG:    INFINITY    0.00000                              100     100
___
ASPHERES
# 2 K -2.29510
                                                          l
Const.   Target              Value              diff
SAS    0.0000000000000000  -0.0284117247435784  -0.0284117247435784
                                                          l
CYCLE NUMBER 1
   ERROR FUNCTION = 0.00000
          RDY          THI     RMD          GLA          CCY     THC     GLC
OBJ:    INFINITY    INFINITY                              100     100
STO:    INFINITY    6.00000               BK7_SCHOTT     100     100
002:    -10.000    19.34984                              100     100
IMG:    INFINITY    0.00000                              100     100
___
ASPHERES
# 2 K -2.29794
                                                          l
Const.   Target              Value              diff
SAS    0.0000000000000000  -0.0142117240106804  -0.0142117240106804
                                                          l
CYCLE NUMBER 2
   ERROR FUNCTION = 0.00000
          RDY          THI     RMD          GLA          CCY     THC     GLC
OBJ:    INFINITY    INFINITY                              100     100
STO:    INFINITY    6.00000               BK7_SCHOTT     100     100
002:    -10.000    19.34984                              100     100
IMG:    INFINITY    0.00000                              100     100
___
ASPHERES
# 2 K -2.29936
                                                          l
Const.   Target              Value              diff
SAS    0.0000000000000000  -0.0071117236442289  -0.0071117236442289
                                                          l
CYCLE NUMBER 3
   ERROR FUNCTION = 0.00000
          RDY          THI     RMD          GLA          CCY     THC     GLC
OBJ:    INFINITY    INFINITY                              100     100
STO:    INFINITY    6.00000               BK7_SCHOTT     100     100
002:    -10.000    19.34984                              100     100
IMG:    INFINITY    0.00000                              100     100
___
ASPHERES
# 2 K -2.29936
                                                          l
Const.   Target              Value              diff
SAS    0.0000000000000000  -0.0071117236442289  -0.0071117236442289
ENTRANCE PUPIL
DIA       20.0000
THI       0.0000
INFINITE CONJUGATES
EFL       19.3498
BFL       19.3498
FFL       -15.3941
FNO       0.9675
IMG DIS   19.3498
OAL       6.0000
PARAXIAL IMAGE
 HT      -0.0000
ANG       -0.0000 DEG
ENTRANCE PUPIL
DIA       20.0000
THI       0.0000
EXIT PUPIL
DIA       25.1392
THI       -4.9722
