
Field Weights Command WTF     100     100     100 Not supported
ENTRANCE PUPIL
DIA       10.0000
THI       6.7224
INFINITE CONJUGATES
EFL       50.0107
BFL       38.5152
FFL       -44.5831
FNO       5.0011
IMG DIS   38.5152
OAL       16.6000
PARAXIAL IMAGE
 HT      8.8182
ANG       10.3644 DEG
ENTRANCE PUPIL
DIA       10.0000
THI       6.7224
EXIT PUPIL
DIA       9.7476
THI       -10.2334
THE CURRENT APERTURE STOP SURFACE IS SURFACE #   3
EVALUATION MODE IS FOCAL
UNITS = MILLIMETERS
CURRENT LENS FILE WAVELENGTHS #1 TO #5 ARE:
    WV(1)         WV(2)         WV(3)         WV(4)         WV(5)
0.5875618      0.000000      0.000000      0.000000      0.000000
CURRENT LENS FILE WAVELENGTHS #6 TO #10 ARE:
    WV(6)         WV(7)         WV(8)         WV(9)         WV(10)
 0.000000      0.000000      0.000000      0.000000      0.000000
REF OBJ Y-HT                    REF AP Y-HT         OBJ SF#  REF SF#  IMG SF#
-0.176327E+13(  10.00     DG)      3.912                 0        3        7

REF OBJ X-HT                    REF AP X-HT         OBJ SF#  REF SF#  IMG SF#
 -0.00000    (  0.000     DG)      3.912                 0        3        7
EFL,BFL AND FFL (YZ AND XZ PLANES) FROM:
SURFACE  1 TO SURFACE  6
FOR A WAVELENGTH OF   0.5876     MICRONS
DATA IS FOR CONFIGURATION  1

EFL(YZ-PLANE) =    50.01073923     MILLIMETERS
BFL(YZ-PLANE) =    38.51521757     MILLIMETERS
FFL(YZ-PLANE) =   -44.58313615     MILLIMETERS
PP1(YZ-PLANE) =    5.427603078     MILLIMETERS
PP2(YZ-PLANE) =   -11.49552165     MILLIMETERS

EFL(XZ-PLANE) =    50.01073923     MILLIMETERS
BFL(XZ-PLANE) =    38.51521757     MILLIMETERS
FFL(XZ-PLANE) =   -44.58313615     MILLIMETERS
PP1(XZ-PLANE) =    5.427603078     MILLIMETERS
PP2(XZ-PLANE) =   -11.49552165     MILLIMETERS
Y-Z PLANE LAGRANGE INVARIANT =  -0.8816349187

X-Z PLANE LAGRANGE INVARIANT =   0.5000000000E-12
SPECIAL CONDITIONS
THE CURRENT LTYPE IS BLANK
   1.0000000000000000
WAVELENGTH #1  =  0.587560    MICRONS
WAVELENGTH #2  =  0.486130    MICRONS
WAVELENGTH #3  =  0.656270    MICRONS
WAVELENGTH #4  =  0.435840    MICRONS
WAVELENGTH #5  =  0.706520    MICRONS
WAVELENGTH #6  =   0.00000    MICRONS
WAVELENGTH #7  =   0.00000    MICRONS
WAVELENGTH #8  =   0.00000    MICRONS
WAVELENGTH #9  =   0.00000    MICRONS
WAVELENGTH #10 =   0.00000    MICRONS
"HEADINGS" IS CURRENTLY SET TO "OFF"
   OSDtriplet
REFRACTIVE INDICES
   GLASS CODE      587.56
   N-SK16_SCH2000     1.62041
   N-F2_SCH2000     1.62005
   N-SK16_SCH2000     1.62041
          MAXIMUM LENS SURFACES =          498
  MAX# ALTERNATE CONFIGURATIONS =           75
"SEED" SETS THE RANDOM NUMBER SEED TO NUMERIC WORD #1
THE CURRENT USER-SPECIFIED SEED =   0.1000000E+02
ECHO IS ON
SPOT DIAGRAM STATISTICS ARE CURRENTLY SET TO "FULL"
AUTOMATIC EXIT PUPIL LOCATION CALCULATION HAS BEEN TRUNED "ON"
AUTOMATIC EXIT PUPIL LOCATION CALCULATION IS IN EFFECT
 THERE ARE CURRENTLY            3  ANALYSIS FIELD POSITIONS DEFINED
 UNITS ARE DEGREES
POS # =  1 X-VALUE =   0.00000     Y-VALUE =   0.00000
POS # =  2 X-VALUE =   0.00000     Y-VALUE =  0.700000
POS # =  3 X-VALUE =   0.00000     Y-VALUE =   1.00000
NO ROOF OR CCR DATA EXISTS FOR
THE CURRENT LENS CONFIGURATION
THE CURRENTLY INSTALLED TESTPLATE LISTS ARE:

"APPLIEDO" FOR APPLIED OPTICS INC.
"BERNOPTS" FOR BERN OPTICS INC.
"BRIGHTEN" FOR BRIGHTEN OPTICS LTD.
"COASTALO" FOR COASTAL OPTICAL SYSTEMS INC.
"COMPUTER" FOR COMPUTER OPTICS INC.
"CONINENT" FOR CONTINENTAL OPTICAL CORP.
"EASTMANK" FOR EASTMAN KODAK COMPANY
"HAROLDJN" FOR HAROLD JOHNSON OPTICAL LABORATORIES INC.
"JANOSTEC" FOR JANOS TECHNOLOGY INC.
"JLWOODOP" FOR J. L. WOOD OPTICAL SYSTEMS
"KREISCHR" FOR KREISCHER OPTICS LTD.
"LIEBMANN" FOR LIEBMANN OPTICAL COMPANY
"LIGHTNIN" FOR LIGHTNING OPTICAL CORPORATION
"MEDIVISN" FOR MEDIVISION OPTICS
"MELLESGR" FOR MELLES GRIOT OPTICAL SYSTEMS
"MODELOPT" FOR MODEL OPTICS INC.
"OPT4RESH" FOR OPTICS FOR RESEARCH
"OPTICOMP" FOR OPTICAL COMPONENTS INC.
"OPTIGFAB" FOR OPTICAL GLASS FABRICATION
"OPTIMAXS" FOR OPTIMAX SYSTEMS INC.
"ROCKYMTN" FOR ROCKY MOUNTAIN INSTRUMENTS
"RODENSTK" FOR RODENSTOCK PROZISIONSOPTIK GMBH
"SILLOPTS" FOR SILL OPTICS GMBH
"SPECIALO" FOR SPECIAL OPTICS
"SPINDLER" FOR SPINDLER & HOYER INC.
"SVGTINLY" FOR SVG-TINSLEY DIVISION
"TOWEROPT" FOR TOWER OPTICAL CORP.
"TROPELCO" FOR TROPEL CORPORATION
"TUCSONOP" FOR TUCSON OPTICAL RESEARCH CORP.
"TWOSIXOP" FOR II-VI CORP.

    CURVATURE FOR M FRINGES OUT OF FLAT
    NUMBER OF FRINGES OUT OF FLAT =    1.000
                    PART DIAMETER =     25.4000     MILLIMETERS
                       WAVELENGTH =   0.5461     MICRONS
   CORRESPONDING SURFCE CURVATURE =    0.338583E-05 /MILLIMETERS

RAYLEIGH RANGE CALCULATION
BEAM WAIST DIAMETER =     2.00000
         WAVELENGTH =    0.587562     MICRON(S)
     RAYLEIGH RANGE =     42774.6     MM(S)
"CUTOFF" CALCULATES "CUTOFF" FREQ.
"SPACE" SETS DIFFRACTION CALCULATION SPACE TO
"O" FOR OBJECT SPACE OR "I" FOR IMAGE SPACE
CURRENT SETTING IS "I"
"ON", "YES", "NO", "OFF" AND "OFFSET" ARE THE ONLY
VALID QUALIFIERS USED WITH "GRID"
RE-ENTER COMMAND
SPOT DIAGRAM REFERENCE SPHERE CENTER REMOVES TILT
SPOT DIAGRAM REFERENCE SPHERE CENTER REMOVES TILT
CURRENT REF. SPHERE X-DISPLACEMENT =    0.000000000
CURRENT REF. SPHERE Y-DISPLACEMENT =    0.000000000
Error:  Can only set constraint in AUT loop!
Error! cmd did not update register
0.00000
NO CONFIG DATA

SURFACE "INR" VALUES
"INR" IS THE REFERENCE RADIUS FOR "FRINGE" CALCULATIONS

SURF     "INR" VALUE (IN CURRENT LENS UNITS)
  0            0.17632698E+13
  1             6.1853492
  2             5.2519126
  3             3.9122255
  4             3.9892475
  5             5.2835694
  6             5.7018301
  7             8.8182427
SURFACE PIVAXIS DATA

SURF     PIVAXIS DEFINITION
  0           VERTEX
  1           VERTEX
  2           VERTEX
  3           VERTEX
  4           VERTEX
  5           VERTEX
  6           VERTEX
  7           VERTEX
CHROMATIC SHIFT IN MICRONS, WAVELENGTH IN MICRONS
ALL SHIFTS REFERENCED TO THE CURRENT CONTROL WAVELENGTH

WAVELENGTH   MARG. Y-SHIFT   CHIEF Y-SHIFT   MARG. X-SHIFT   CHIEF X-SHIFT
 (MICRONS)  (AXIAL MOTION)   (TRANSVERSE)   (AXIAL MOTION)   (TRANSVERSE)
   0.48610     0.00000         0.00000         0.00000         0.00000
   0.58760   -0.167968        -3.92624       -0.167968        0.222668E-11
   0.65630    0.142199        -5.55305        0.142199        0.314929E-11
