All constraints removed






Field Weights Command WTF     100     100     100 Not supported
TEMPORARY CIRCULAR CLEAR APERTURE =   3.912
 HAS BEEN ASSIGNED TO THE REFERENCE SURFACE
 FOR THE CURRENT CAPFN CALCULATIONS
TRACING        256 RAYS AT WAVELENGTH 1
TRACING        256 RAYS AT WAVELENGTH 2
TRACING        256 RAYS AT WAVELENGTH 3
TRACING        256 RAYS AT WAVELENGTH 4
TRACING        256 RAYS AT WAVELENGTH 5
 CAPFN RAY TRACING COMPLETED
TEMPORARY CIRCULAR CLEAR APERTURE =   3.912
 HAS BEEN REMOVED FROM THE REFERENCE SURFACE
 FOR THE CURRENT CAPFN CALCULATIONS
 PERFORMING "CAPFN" CALCULATIONS...
CAUTION MESSAGE ONLY:
(P-V) OPD EXCEEDS 1.0 WAVE,
USE CAUTION INTERPRETING DIFFRACTION BASED RESULTS.
RMSOPD =   0.196001150205262
PTOVOPD =    1.54152976833328
TEMPORARY CIRCULAR CLEAR APERTURE =   3.912
 HAS BEEN ASSIGNED TO THE REFERENCE SURFACE
 FOR THE CURRENT CAPFN CALCULATIONS
TRACING        256 RAYS AT WAVELENGTH 1
TRACING        256 RAYS AT WAVELENGTH 2
TRACING        256 RAYS AT WAVELENGTH 3
TRACING        256 RAYS AT WAVELENGTH 4
TRACING        256 RAYS AT WAVELENGTH 5
 CAPFN RAY TRACING COMPLETED
TEMPORARY CIRCULAR CLEAR APERTURE =   3.912
 HAS BEEN REMOVED FROM THE REFERENCE SURFACE
 FOR THE CURRENT CAPFN CALCULATIONS
 PERFORMING "CAPFN" CALCULATIONS...
CAUTION MESSAGE ONLY:
(P-V) OPD EXCEEDS 1.0 WAVE,
USE CAUTION INTERPRETING DIFFRACTION BASED RESULTS.
RMSOPD =   0.463082475681645
PTOVOPD =    3.09813294884645
TEMPORARY CIRCULAR CLEAR APERTURE =   3.912
 HAS BEEN ASSIGNED TO THE REFERENCE SURFACE
 FOR THE CURRENT CAPFN CALCULATIONS
TRACING        256 RAYS AT WAVELENGTH 1
TRACING        256 RAYS AT WAVELENGTH 2
TRACING        256 RAYS AT WAVELENGTH 3
TRACING        256 RAYS AT WAVELENGTH 4
TRACING        256 RAYS AT WAVELENGTH 5
 CAPFN RAY TRACING COMPLETED
TEMPORARY CIRCULAR CLEAR APERTURE =   3.912
 HAS BEEN REMOVED FROM THE REFERENCE SURFACE
 FOR THE CURRENT CAPFN CALCULATIONS
 PERFORMING "CAPFN" CALCULATIONS...
CAUTION MESSAGE ONLY:
PUPIL FUCTION MIGHT NOT BE SAMPLED SUFFICIENTLY
 POSSIBLY USE A DENSER RAY GRID
USE CAUTION INTERPRETING DIFFRACTION BASED RESULTS.
RMSOPD =   0.784371151962237
PTOVOPD =    4.79308044769754
