THREADS 1
RAYENGINE CHECK
All constraints removed






Field Weights Command WTF     100     100     100 Not supported
TEMPORARY CIRCULAR CLEAR APERTURE =   3.912     X   3.912
 (X x Y), HAS BEEN ASSIGNED TO THE REFERENCE SURFACE
 FOR THE CURRENT SPOT DIAGRAM CALCULATIONS
TRACING         61 RAYS AT WAVELENGTH 1
TRACING         61 RAYS AT WAVELENGTH 2
TRACING         61 RAYS AT WAVELENGTH 3
TRACING         61 RAYS AT WAVELENGTH 4
TRACING         61 RAYS AT WAVELENGTH 5
RAYENGINE CHECK (SPOT): rows 305, mismatches 0
 SPOT DIAGRAM RAY TRACING COMPLETED
TEMPORARY CIRCULAR CLEAR APERTURE =   3.912     X   3.912
 HAS BEEN REMOVED FROM THE REFERENCE SURFACE
 FOR THE CURRENT SPOT DIAGRAM CALCULATIONS
 CALCULATING SPOT DIAGRAM STATISTICS...
SPOT DIAGRAM SUMMARY
RMS SPOT DIAMETER   =  0.8379832618E-02 MILLIMETERS
RMS SPOT SIZE   (X) =  0.5925436469E-02 MILLIMETERS
RMS SPOT SIZE   (Y) =  0.5925436469E-02 MILLIMETERS
X-CENTROID POSITION =   0.000000000     MILLIMETERS
Y-CENTROID POSITION =   0.000000000     MILLIMETERS
CHIEF RAY X-COORD.  =   0.000000000     MILLIMETERS
CHIEF RAY Y-COORD.  =   0.000000000     MILLIMETERS
# RAYS ATTEMPTED    =         61 AT EACH WAVELENGTH
% TRANSMISSION      =   10000.
# RAYS SUCCEDED     =        305 AT ALL WAVELENGTHS
AT WAVELENGTH # = 1,  # RAYS SUCCEDED =         61
AT WAVELENGTH # = 2,  # RAYS SUCCEDED =         61
AT WAVELENGTH # = 3,  # RAYS SUCCEDED =         61
AT WAVELENGTH # = 4,  # RAYS SUCCEDED =         61
AT WAVELENGTH # = 5,  # RAYS SUCCEDED =         61
AT WAVELENGTH # = 6,  # RAYS SUCCEDED =          0
AT WAVELENGTH # = 7,  # RAYS SUCCEDED =          0
AT WAVELENGTH # = 8,  # RAYS SUCCEDED =          0
AT WAVELENGTH # = 9,  # RAYS SUCCEDED =          0
AT WAVELENGTH # = 10, # RAYS SUCCEDED =          0
FOCUS SHIFT FOR BEST RMS SPOT DIAMETER   = -0.1475088230E-01
FOCUS SHIFT FOR BEST RMS SPOT LENGTH (X) = -0.1475088230E-01
FOCUS SHIFT FOR BEST RMS SPOT LENGTH (Y) = -0.1475088230E-01
TEMPORARY CIRCULAR CLEAR APERTURE =   3.912     X   3.912
 (X x Y), HAS BEEN ASSIGNED TO THE REFERENCE SURFACE
 FOR THE CURRENT SPOT DIAGRAM CALCULATIONS
TRACING         61 RAYS AT WAVELENGTH 1
TRACING         61 RAYS AT WAVELENGTH 2
TRACING         61 RAYS AT WAVELENGTH 3
TRACING         61 RAYS AT WAVELENGTH 4
TRACING         61 RAYS AT WAVELENGTH 5
RAYENGINE CHECK (SPOT): rows 305, mismatches 0
 SPOT DIAGRAM RAY TRACING COMPLETED
TEMPORARY CIRCULAR CLEAR APERTURE =   3.912     X   3.912
 HAS BEEN REMOVED FROM THE REFERENCE SURFACE
 FOR THE CURRENT SPOT DIAGRAM CALCULATIONS
 CALCULATING SPOT DIAGRAM STATISTICS...
SPOT DIAGRAM SUMMARY
RMS SPOT DIAMETER   =  0.2132372638E-01 MILLIMETERS
RMS SPOT SIZE   (X) =  0.1877806349E-01 MILLIMETERS
RMS SPOT SIZE   (Y) =  0.1010374380E-01 MILLIMETERS
X-CENTROID POSITION =   0.000000000     MILLIMETERS
Y-CENTROID POSITION =   8.826717068     MILLIMETERS
CHIEF RAY X-COORD.  =   0.000000000     MILLIMETERS
CHIEF RAY Y-COORD.  =   8.823115475     MILLIMETERS
# RAYS ATTEMPTED    =         61 AT EACH WAVELENGTH
% TRANSMISSION      =   9848.1
# RAYS SUCCEDED     =        305 AT ALL WAVELENGTHS
AT WAVELENGTH # = 1,  # RAYS SUCCEDED =         61
AT WAVELENGTH # = 2,  # RAYS SUCCEDED =         61
AT WAVELENGTH # = 3,  # RAYS SUCCEDED =         61
AT WAVELENGTH # = 4,  # RAYS SUCCEDED =         61
AT WAVELENGTH # = 5,  # RAYS SUCCEDED =         61
AT WAVELENGTH # = 6,  # RAYS SUCCEDED =          0
AT WAVELENGTH # = 7,  # RAYS SUCCEDED =          0
AT WAVELENGTH # = 8,  # RAYS SUCCEDED =          0
AT WAVELENGTH # = 9,  # RAYS SUCCEDED =          0
AT WAVELENGTH # = 10, # RAYS SUCCEDED =          0
FOCUS SHIFT FOR BEST RMS SPOT DIAMETER   = -0.1061305184
FOCUS SHIFT FOR BEST RMS SPOT LENGTH (X) = -0.1890427780
FOCUS SHIFT FOR BEST RMS SPOT LENGTH (Y) = -0.2321825870E-01
TEMPORARY CIRCULAR CLEAR APERTURE =   3.912     X   3.912
 (X x Y), HAS BEEN ASSIGNED TO THE REFERENCE SURFACE
 FOR THE CURRENT SPOT DIAGRAM CALCULATIONS
TRACING         61 RAYS AT WAVELENGTH 1
RAYENGINE CHECK (SPOT): engine declined this lens, legacy result kept
 SPOT DIAGRAM RAY TRACING COMPLETED
TEMPORARY CIRCULAR CLEAR APERTURE =   3.912     X   3.912
 HAS BEEN REMOVED FROM THE REFERENCE SURFACE
 FOR THE CURRENT SPOT DIAGRAM CALCULATIONS
 CALCULATING SPOT DIAGRAM STATISTICS...
SPOT DIAGRAM SUMMARY
RMS SPOT DIAMETER   =  0.2458942122E-01 MILLIMETERS
RMS SPOT SIZE   (X) =  0.2323730445E-01 MILLIMETERS
RMS SPOT SIZE   (Y) =  0.8041599234E-02 MILLIMETERS
X-CENTROID POSITION =   0.000000000     MILLIMETERS
Y-CENTROID POSITION =   8.825266612     MILLIMETERS
CHIEF RAY X-COORD.  =   0.000000000     MILLIMETERS
CHIEF RAY Y-COORD.  =   8.823115475     MILLIMETERS
# RAYS ATTEMPTED    =         61 AT EACH WAVELENGTH
% TRANSMISSION      =   98.481
# RAYS SUCCEDED     =         61 AT ALL WAVELENGTHS
AT WAVELENGTH # = 1,  # RAYS SUCCEDED =         61
AT WAVELENGTH # = 2,  # RAYS SUCCEDED =          0
AT WAVELENGTH # = 3,  # RAYS SUCCEDED =          0
AT WAVELENGTH # = 4,  # RAYS SUCCEDED =          0
AT WAVELENGTH # = 5,  # RAYS SUCCEDED =          0
AT WAVELENGTH # = 6,  # RAYS SUCCEDED =          0
AT WAVELENGTH # = 7,  # RAYS SUCCEDED =          0
AT WAVELENGTH # = 8,  # RAYS SUCCEDED =          0
AT WAVELENGTH # = 9,  # RAYS SUCCEDED =          0
AT WAVELENGTH # = 10, # RAYS SUCCEDED =          0
FOCUS SHIFT FOR BEST RMS SPOT DIAMETER   = -0.1627026506
FOCUS SHIFT FOR BEST RMS SPOT LENGTH (X) = -0.2465594752
FOCUS SHIFT FOR BEST RMS SPOT LENGTH (Y) = -0.7884582608E-01
TEMPORARY CIRCULAR CLEAR APERTURE =   3.912     X   3.912
 (X x Y), HAS BEEN ASSIGNED TO THE REFERENCE SURFACE
 FOR THE CURRENT SPOT DIAGRAM CALCULATIONS
TRACING         61 RAYS AT WAVELENGTH 1
TRACING         61 RAYS AT WAVELENGTH 2
TRACING         61 RAYS AT WAVELENGTH 3
TRACING         61 RAYS AT WAVELENGTH 4
TRACING         61 RAYS AT WAVELENGTH 5
RAYENGINE CHECK (SPOT): rows 305, mismatches 0
 SPOT DIAGRAM RAY TRACING COMPLETED
TEMPORARY CIRCULAR CLEAR APERTURE =   3.912     X   3.912
 HAS BEEN REMOVED FROM THE REFERENCE SURFACE
 FOR THE CURRENT SPOT DIAGRAM CALCULATIONS
 CALCULATING SPOT DIAGRAM STATISTICS...
SPOT DIAGRAM SUMMARY
RMS SPOT DIAMETER   =  0.2132372638E-01 MILLIMETERS
RMS SPOT SIZE   (X) =  0.1877806349E-01 MILLIMETERS
RMS SPOT SIZE   (Y) =  0.1010374380E-01 MILLIMETERS
X-CENTROID POSITION =   0.000000000     MILLIMETERS
Y-CENTROID POSITION =   8.826717068     MILLIMETERS
CHIEF RAY X-COORD.  =   0.000000000     MILLIMETERS
CHIEF RAY Y-COORD.  =   8.823115475     MILLIMETERS
# RAYS ATTEMPTED    =         61 AT EACH WAVELENGTH
% TRANSMISSION      =   9848.1
# RAYS SUCCEDED     =        305 AT ALL WAVELENGTHS
AT WAVELENGTH # = 1,  # RAYS SUCCEDED =         61
AT WAVELENGTH # = 2,  # RAYS SUCCEDED =         61
AT WAVELENGTH # = 3,  # RAYS SUCCEDED =         61
AT WAVELENGTH # = 4,  # RAYS SUCCEDED =         61
AT WAVELENGTH # = 5,  # RAYS SUCCEDED =         61
AT WAVELENGTH # = 6,  # RAYS SUCCEDED =          0
AT WAVELENGTH # = 7,  # RAYS SUCCEDED =          0
AT WAVELENGTH # = 8,  # RAYS SUCCEDED =          0
AT WAVELENGTH # = 9,  # RAYS SUCCEDED =          0
AT WAVELENGTH # = 10, # RAYS SUCCEDED =          0
FOCUS SHIFT FOR BEST RMS SPOT DIAMETER   = -0.1061305184
FOCUS SHIFT FOR BEST RMS SPOT LENGTH (X) = -0.1890427780
FOCUS SHIFT FOR BEST RMS SPOT LENGTH (Y) = -0.2321825870E-01
TEMPORARY CIRCULAR CLEAR APERTURE =   3.912     X   3.912
 (X x Y), HAS BEEN ASSIGNED TO THE REFERENCE SURFACE
 FOR THE CURRENT SPOT DIAGRAM CALCULATIONS
TRACING        400 RAYS AT WAVELENGTH 1
TRACING        400 RAYS AT WAVELENGTH 2
TRACING        400 RAYS AT WAVELENGTH 3
TRACING        400 RAYS AT WAVELENGTH 4
TRACING        400 RAYS AT WAVELENGTH 5
RAYENGINE CHECK (SPOT): rows 2000, mismatches 0
 SPOT DIAGRAM RAY TRACING COMPLETED
TEMPORARY CIRCULAR CLEAR APERTURE =   3.912     X   3.912
 HAS BEEN REMOVED FROM THE REFERENCE SURFACE
 FOR THE CURRENT SPOT DIAGRAM CALCULATIONS
 CALCULATING SPOT DIAGRAM STATISTICS...
SPOT DIAGRAM SUMMARY
RMS SPOT DIAMETER   =  0.2199043543E-01 MILLIMETERS
RMS SPOT SIZE   (X) =  0.1937869645E-01 MILLIMETERS
RMS SPOT SIZE   (Y) =  0.1039448770E-01 MILLIMETERS
X-CENTROID POSITION =   0.000000000     MILLIMETERS
Y-CENTROID POSITION =   8.826824757     MILLIMETERS
CHIEF RAY X-COORD.  =   0.000000000     MILLIMETERS
CHIEF RAY Y-COORD.  =   8.823115475     MILLIMETERS
# RAYS ATTEMPTED    =        400 AT EACH WAVELENGTH
% TRANSMISSION      =   9848.1
# RAYS SUCCEDED     =       1380 AT ALL WAVELENGTHS
AT WAVELENGTH # = 1,  # RAYS SUCCEDED =        276
AT WAVELENGTH # = 2,  # RAYS SUCCEDED =        276
AT WAVELENGTH # = 3,  # RAYS SUCCEDED =        276
AT WAVELENGTH # = 4,  # RAYS SUCCEDED =        276
AT WAVELENGTH # = 5,  # RAYS SUCCEDED =        276
AT WAVELENGTH # = 6,  # RAYS SUCCEDED =          0
AT WAVELENGTH # = 7,  # RAYS SUCCEDED =          0
AT WAVELENGTH # = 8,  # RAYS SUCCEDED =          0
AT WAVELENGTH # = 9,  # RAYS SUCCEDED =          0
AT WAVELENGTH # = 10, # RAYS SUCCEDED =          0
FOCUS SHIFT FOR BEST RMS SPOT DIAMETER   = -0.1025242020
FOCUS SHIFT FOR BEST RMS SPOT LENGTH (X) = -0.1855787447
FOCUS SHIFT FOR BEST RMS SPOT LENGTH (Y) = -0.1946965939E-01
TEMPORARY CIRCULAR CLEAR APERTURE =   3.912     X   3.912
 (X x Y), HAS BEEN ASSIGNED TO THE REFERENCE SURFACE
 FOR THE CURRENT SPOT DIAGRAM CALCULATIONS
TRACING        400 RAYS AT WAVELENGTH 1
TRACING        400 RAYS AT WAVELENGTH 2
TRACING        400 RAYS AT WAVELENGTH 3
TRACING        400 RAYS AT WAVELENGTH 4
TRACING        400 RAYS AT WAVELENGTH 5
RAYENGINE CHECK (SPOT): rows 2000, mismatches 0
 SPOT DIAGRAM RAY TRACING COMPLETED
TEMPORARY CIRCULAR CLEAR APERTURE =   3.912     X   3.912
 HAS BEEN REMOVED FROM THE REFERENCE SURFACE
 FOR THE CURRENT SPOT DIAGRAM CALCULATIONS
 CALCULATING SPOT DIAGRAM STATISTICS...
SPOT DIAGRAM SUMMARY
RMS SPOT DIAMETER   =  0.8842423724E-02 MILLIMETERS
RMS SPOT SIZE   (X) =  0.6252537778E-02 MILLIMETERS
RMS SPOT SIZE   (Y) =  0.6252537778E-02 MILLIMETERS
X-CENTROID POSITION =   0.000000000     MILLIMETERS
Y-CENTROID POSITION =   0.000000000     MILLIMETERS
CHIEF RAY X-COORD.  =   0.000000000     MILLIMETERS
CHIEF RAY Y-COORD.  =   0.000000000     MILLIMETERS
# RAYS ATTEMPTED    =        400 AT EACH WAVELENGTH
% TRANSMISSION      =   10000.
# RAYS SUCCEDED     =       1380 AT ALL WAVELENGTHS
AT WAVELENGTH # = 1,  # RAYS SUCCEDED =        276
AT WAVELENGTH # = 2,  # RAYS SUCCEDED =        276
AT WAVELENGTH # = 3,  # RAYS SUCCEDED =        276
AT WAVELENGTH # = 4,  # RAYS SUCCEDED =        276
AT WAVELENGTH # = 5,  # RAYS SUCCEDED =        276
AT WAVELENGTH # = 6,  # RAYS SUCCEDED =          0
AT WAVELENGTH # = 7,  # RAYS SUCCEDED =          0
AT WAVELENGTH # = 8,  # RAYS SUCCEDED =          0
AT WAVELENGTH # = 9,  # RAYS SUCCEDED =          0
AT WAVELENGTH # = 10, # RAYS SUCCEDED =          0
FOCUS SHIFT FOR BEST RMS SPOT DIAMETER   = -0.1347505030E-01
FOCUS SHIFT FOR BEST RMS SPOT LENGTH (X) = -0.1347505030E-01
FOCUS SHIFT FOR BEST RMS SPOT LENGTH (Y) = -0.1347505030E-01
TEMPORARY CIRCULAR CLEAR APERTURE =   3.912     X   3.912
 (X x Y), HAS BEEN ASSIGNED TO THE REFERENCE SURFACE
 FOR THE CURRENT SPOT DIAGRAM CALCULATIONS
TRACING        500 RAYS AT WAVELENGTH 1
TRACING        500 RAYS AT WAVELENGTH 2
TRACING        500 RAYS AT WAVELENGTH 3
TRACING        500 RAYS AT WAVELENGTH 4
TRACING        500 RAYS AT WAVELENGTH 5
RAYENGINE CHECK (SPOT): rows 2500, mismatches 0
 SPOT DIAGRAM RAY TRACING COMPLETED
TEMPORARY CIRCULAR CLEAR APERTURE =   3.912     X   3.912
 HAS BEEN REMOVED FROM THE REFERENCE SURFACE
 FOR THE CURRENT SPOT DIAGRAM CALCULATIONS
 CALCULATING SPOT DIAGRAM STATISTICS...
SPOT DIAGRAM SUMMARY
RMS SPOT DIAMETER   =  0.8970203891E-02 MILLIMETERS
RMS SPOT SIZE   (X) =  0.6173589173E-02 MILLIMETERS
RMS SPOT SIZE   (Y) =  0.6507791835E-02 MILLIMETERS
X-CENTROID POSITION =  0.7834869543E-04 MILLIMETERS
Y-CENTROID POSITION =  0.2199868772E-04 MILLIMETERS
CHIEF RAY X-COORD.  =   0.000000000     MILLIMETERS
CHIEF RAY Y-COORD.  =   0.000000000     MILLIMETERS
# RAYS ATTEMPTED    =        500 AT EACH WAVELENGTH
% TRANSMISSION      =   10000.
# RAYS SUCCEDED     =       1961 AT ALL WAVELENGTHS
AT WAVELENGTH # = 1,  # RAYS SUCCEDED =        395
AT WAVELENGTH # = 2,  # RAYS SUCCEDED =        387
AT WAVELENGTH # = 3,  # RAYS SUCCEDED =        394
AT WAVELENGTH # = 4,  # RAYS SUCCEDED =        382
AT WAVELENGTH # = 5,  # RAYS SUCCEDED =        403
AT WAVELENGTH # = 6,  # RAYS SUCCEDED =          0
AT WAVELENGTH # = 7,  # RAYS SUCCEDED =          0
AT WAVELENGTH # = 8,  # RAYS SUCCEDED =          0
AT WAVELENGTH # = 9,  # RAYS SUCCEDED =          0
AT WAVELENGTH # = 10, # RAYS SUCCEDED =          0
FOCUS SHIFT FOR BEST RMS SPOT DIAMETER   = -0.1126145395E-01
FOCUS SHIFT FOR BEST RMS SPOT LENGTH (X) = -0.1380806072E-01
FOCUS SHIFT FOR BEST RMS SPOT LENGTH (Y) = -0.8714847175E-02
TEMPORARY CIRCULAR CLEAR APERTURE =   3.912     X   3.912
 (X x Y), HAS BEEN ASSIGNED TO THE REFERENCE SURFACE
 FOR THE CURRENT SPOT DIAGRAM CALCULATIONS
TRACING        500 RAYS AT WAVELENGTH 1
TRACING        500 RAYS AT WAVELENGTH 2
TRACING        500 RAYS AT WAVELENGTH 3
TRACING        500 RAYS AT WAVELENGTH 4
TRACING        500 RAYS AT WAVELENGTH 5
RAYENGINE CHECK (SPOT): rows 2500, mismatches 0
 SPOT DIAGRAM RAY TRACING COMPLETED
TEMPORARY CIRCULAR CLEAR APERTURE =   3.912     X   3.912
 HAS BEEN REMOVED FROM THE REFERENCE SURFACE
 FOR THE CURRENT SPOT DIAGRAM CALCULATIONS
 CALCULATING SPOT DIAGRAM STATISTICS...
SPOT DIAGRAM SUMMARY
RMS SPOT DIAMETER   =  0.2206924315E-01 MILLIMETERS
RMS SPOT SIZE   (X) =  0.1926024690E-01 MILLIMETERS
RMS SPOT SIZE   (Y) =  0.1077471031E-01 MILLIMETERS
X-CENTROID POSITION = -0.8851692058E-04 MILLIMETERS
Y-CENTROID POSITION =   8.826851864     MILLIMETERS
CHIEF RAY X-COORD.  =   0.000000000     MILLIMETERS
CHIEF RAY Y-COORD.  =   8.823115475     MILLIMETERS
# RAYS ATTEMPTED    =        500 AT EACH WAVELENGTH
% TRANSMISSION      =   9848.1
# RAYS SUCCEDED     =       1948 AT ALL WAVELENGTHS
AT WAVELENGTH # = 1,  # RAYS SUCCEDED =        386
AT WAVELENGTH # = 2,  # RAYS SUCCEDED =        393
AT WAVELENGTH # = 3,  # RAYS SUCCEDED =        392
AT WAVELENGTH # = 4,  # RAYS SUCCEDED =        389
AT WAVELENGTH # = 5,  # RAYS SUCCEDED =        388
AT WAVELENGTH # = 6,  # RAYS SUCCEDED =          0
AT WAVELENGTH # = 7,  # RAYS SUCCEDED =          0
AT WAVELENGTH # = 8,  # RAYS SUCCEDED =          0
AT WAVELENGTH # = 9,  # RAYS SUCCEDED =          0
AT WAVELENGTH # = 10, # RAYS SUCCEDED =          0
FOCUS SHIFT FOR BEST RMS SPOT DIAMETER   = -0.1007976703
FOCUS SHIFT FOR BEST RMS SPOT LENGTH (X) = -0.1865538700
FOCUS SHIFT FOR BEST RMS SPOT LENGTH (Y) = -0.1504147064E-01
All constraints removed



TRACING         61 RAYS AT WAVELENGTH 1
TRACING         61 RAYS AT WAVELENGTH 2
TRACING         61 RAYS AT WAVELENGTH 3
RAYENGINE CHECK (SPOT): rows 183, mismatches 0
 SPOT DIAGRAM RAY TRACING COMPLETED
 CALCULATING SPOT DIAGRAM STATISTICS...
SPOT DIAGRAM SUMMARY
RMS SPOT DIAMETER   =  0.1340528672E-01 MILLIMETERS
RMS SPOT SIZE   (X) =  0.6502728506E-02 MILLIMETERS
RMS SPOT SIZE   (Y) =  0.1172246706E-01 MILLIMETERS
X-CENTROID POSITION =   0.000000000     MILLIMETERS
Y-CENTROID POSITION =   17.09556561     MILLIMETERS
CHIEF RAY X-COORD.  =   0.000000000     MILLIMETERS
CHIEF RAY Y-COORD.  =   17.09245273     MILLIMETERS
# RAYS ATTEMPTED    =         61 AT EACH WAVELENGTH
% TRANSMISSION      =   56825.
# RAYS SUCCEDED     =        183 AT ALL WAVELENGTHS
AT WAVELENGTH # = 1,  # RAYS SUCCEDED =         61
AT WAVELENGTH # = 2,  # RAYS SUCCEDED =         61
AT WAVELENGTH # = 3,  # RAYS SUCCEDED =         61
AT WAVELENGTH # = 4,  # RAYS SUCCEDED =          0
AT WAVELENGTH # = 5,  # RAYS SUCCEDED =          0
AT WAVELENGTH # = 6,  # RAYS SUCCEDED =          0
AT WAVELENGTH # = 7,  # RAYS SUCCEDED =          0
AT WAVELENGTH # = 8,  # RAYS SUCCEDED =          0
AT WAVELENGTH # = 9,  # RAYS SUCCEDED =          0
AT WAVELENGTH # = 10, # RAYS SUCCEDED =          0
FOCUS SHIFT FOR BEST RMS SPOT DIAMETER   =  0.1558796662E-01
FOCUS SHIFT FOR BEST RMS SPOT LENGTH (X) = -0.2497975117E-01
FOCUS SHIFT FOR BEST RMS SPOT LENGTH (Y) =  0.5615568440E-01
TRACING        576 RAYS AT WAVELENGTH 1
TRACING        576 RAYS AT WAVELENGTH 2
TRACING        576 RAYS AT WAVELENGTH 3
RAYENGINE CHECK (SPOT): rows 1728, mismatches 0
 SPOT DIAGRAM RAY TRACING COMPLETED
 CALCULATING SPOT DIAGRAM STATISTICS...
SPOT DIAGRAM SUMMARY
RMS SPOT DIAMETER   =  0.1428020356E-01 MILLIMETERS
RMS SPOT SIZE   (X) =  0.6637567571E-02 MILLIMETERS
RMS SPOT SIZE   (Y) =  0.1264384872E-01 MILLIMETERS
X-CENTROID POSITION =   0.000000000     MILLIMETERS
Y-CENTROID POSITION =   17.09572073     MILLIMETERS
CHIEF RAY X-COORD.  =   0.000000000     MILLIMETERS
CHIEF RAY Y-COORD.  =   17.09245273     MILLIMETERS
# RAYS ATTEMPTED    =        576 AT EACH WAVELENGTH
% TRANSMISSION      =   56825.
# RAYS SUCCEDED     =       1224 AT ALL WAVELENGTHS
AT WAVELENGTH # = 1,  # RAYS SUCCEDED =        408
AT WAVELENGTH # = 2,  # RAYS SUCCEDED =        408
AT WAVELENGTH # = 3,  # RAYS SUCCEDED =        408
AT WAVELENGTH # = 4,  # RAYS SUCCEDED =          0
AT WAVELENGTH # = 5,  # RAYS SUCCEDED =          0
AT WAVELENGTH # = 6,  # RAYS SUCCEDED =          0
AT WAVELENGTH # = 7,  # RAYS SUCCEDED =          0
AT WAVELENGTH # = 8,  # RAYS SUCCEDED =          0
AT WAVELENGTH # = 9,  # RAYS SUCCEDED =          0
AT WAVELENGTH # = 10, # RAYS SUCCEDED =          0
FOCUS SHIFT FOR BEST RMS SPOT DIAMETER   =  0.1882699250E-01
FOCUS SHIFT FOR BEST RMS SPOT LENGTH (X) = -0.2240767268E-01
FOCUS SHIFT FOR BEST RMS SPOT LENGTH (Y) =  0.6006165767E-01
TRACING        400 RAYS AT WAVELENGTH 1
TRACING        400 RAYS AT WAVELENGTH 2
TRACING        400 RAYS AT WAVELENGTH 3
RAYENGINE CHECK (SPOT): rows 1200, mismatches 0
 SPOT DIAGRAM RAY TRACING COMPLETED
 CALCULATING SPOT DIAGRAM STATISTICS...
SPOT DIAGRAM SUMMARY
RMS SPOT DIAMETER   =  0.1479854694E-01 MILLIMETERS
RMS SPOT SIZE   (X) =  0.6830271471E-02 MILLIMETERS
RMS SPOT SIZE   (Y) =  0.1312799997E-01 MILLIMETERS
X-CENTROID POSITION = -0.6034727547E-04 MILLIMETERS
Y-CENTROID POSITION =   17.09574414     MILLIMETERS
CHIEF RAY X-COORD.  =   0.000000000     MILLIMETERS
CHIEF RAY Y-COORD.  =   17.09245273     MILLIMETERS
# RAYS ATTEMPTED    =        400 AT EACH WAVELENGTH
% TRANSMISSION      =   56968.
# RAYS SUCCEDED     =        964 AT ALL WAVELENGTHS
AT WAVELENGTH # = 1,  # RAYS SUCCEDED =        322
AT WAVELENGTH # = 2,  # RAYS SUCCEDED =        334
AT WAVELENGTH # = 3,  # RAYS SUCCEDED =        308
AT WAVELENGTH # = 4,  # RAYS SUCCEDED =          0
AT WAVELENGTH # = 5,  # RAYS SUCCEDED =          0
AT WAVELENGTH # = 6,  # RAYS SUCCEDED =          0
AT WAVELENGTH # = 7,  # RAYS SUCCEDED =          0
AT WAVELENGTH # = 8,  # RAYS SUCCEDED =          0
AT WAVELENGTH # = 9,  # RAYS SUCCEDED =          0
AT WAVELENGTH # = 10, # RAYS SUCCEDED =          0
FOCUS SHIFT FOR BEST RMS SPOT DIAMETER   =  0.1943446710E-01
FOCUS SHIFT FOR BEST RMS SPOT LENGTH (X) = -0.2314484641E-01
FOCUS SHIFT FOR BEST RMS SPOT LENGTH (Y) =  0.6201378062E-01
All constraints removed



TRACING         61 RAYS AT WAVELENGTH 1
RAYENGINE CHECK (SPOT): rows 61, mismatches 0
 SPOT DIAGRAM RAY TRACING COMPLETED
 CALCULATING SPOT DIAGRAM STATISTICS...
SPOT DIAGRAM SUMMARY
RMS SPOT DIAMETER   =  0.6463805774E-04 MILLIMETERS
RMS SPOT SIZE   (X) =  0.4905248448E-04 MILLIMETERS
RMS SPOT SIZE   (Y) =  0.4209432592E-04 MILLIMETERS
X-CENTROID POSITION =   0.000000000     MILLIMETERS
Y-CENTROID POSITION =  -9.769508887     MILLIMETERS
CHIEF RAY X-COORD.  =   0.000000000     MILLIMETERS
CHIEF RAY Y-COORD.  =  -9.769507415     MILLIMETERS
# RAYS ATTEMPTED    =         61 AT EACH WAVELENGTH
% TRANSMISSION      =   24829.
# RAYS SUCCEDED     =         61 AT ALL WAVELENGTHS
AT WAVELENGTH # = 1,  # RAYS SUCCEDED =         61
AT WAVELENGTH # = 2,  # RAYS SUCCEDED =          0
AT WAVELENGTH # = 3,  # RAYS SUCCEDED =          0
AT WAVELENGTH # = 4,  # RAYS SUCCEDED =          0
AT WAVELENGTH # = 5,  # RAYS SUCCEDED =          0
AT WAVELENGTH # = 6,  # RAYS SUCCEDED =          0
AT WAVELENGTH # = 7,  # RAYS SUCCEDED =          0
AT WAVELENGTH # = 8,  # RAYS SUCCEDED =          0
AT WAVELENGTH # = 9,  # RAYS SUCCEDED =          0
AT WAVELENGTH # = 10, # RAYS SUCCEDED =          0
FOCUS SHIFT FOR BEST RMS SPOT DIAMETER   = -0.3288952283E-04
FOCUS SHIFT FOR BEST RMS SPOT LENGTH (X) = -0.3331775391E-04
FOCUS SHIFT FOR BEST RMS SPOT LENGTH (Y) = -0.3246129174E-04
TRACING      10000 RAYS AT WAVELENGTH 1
RAYENGINE CHECK (SPOT): rows 10000, mismatches 0
 SPOT DIAGRAM RAY TRACING COMPLETED
 CALCULATING SPOT DIAGRAM STATISTICS...
SPOT DIAGRAM SUMMARY
RMS SPOT DIAMETER   =  0.2276749450E-03 MILLIMETERS
RMS SPOT SIZE   (X) =  0.1409309486E-03 MILLIMETERS
RMS SPOT SIZE   (Y) =  0.1788137252E-03 MILLIMETERS
X-CENTROID POSITION =   0.000000000     MILLIMETERS
Y-CENTROID POSITION =  -9.769489681     MILLIMETERS
CHIEF RAY X-COORD.  =   0.000000000     MILLIMETERS
CHIEF RAY Y-COORD.  =  -9.769507415     MILLIMETERS
# RAYS ATTEMPTED    =      10000 AT EACH WAVELENGTH
% TRANSMISSION      =   24829.
# RAYS SUCCEDED     =       7666 AT ALL WAVELENGTHS
AT WAVELENGTH # = 1,  # RAYS SUCCEDED =       7666
AT WAVELENGTH # = 2,  # RAYS SUCCEDED =          0
AT WAVELENGTH # = 3,  # RAYS SUCCEDED =          0
AT WAVELENGTH # = 4,  # RAYS SUCCEDED =          0
AT WAVELENGTH # = 5,  # RAYS SUCCEDED =          0
AT WAVELENGTH # = 6,  # RAYS SUCCEDED =          0
AT WAVELENGTH # = 7,  # RAYS SUCCEDED =          0
AT WAVELENGTH # = 8,  # RAYS SUCCEDED =          0
AT WAVELENGTH # = 9,  # RAYS SUCCEDED =          0
AT WAVELENGTH # = 10, # RAYS SUCCEDED =          0
FOCUS SHIFT FOR BEST RMS SPOT DIAMETER   = -0.7056338958E-04
FOCUS SHIFT FOR BEST RMS SPOT LENGTH (X) = -0.5957514718E-04
FOCUS SHIFT FOR BEST RMS SPOT LENGTH (Y) = -0.8155163199E-04
TRACING        961 RAYS AT WAVELENGTH 1
RAYENGINE CHECK (SPOT): rows 961, mismatches 0
 SPOT DIAGRAM RAY TRACING COMPLETED
 CALCULATING SPOT DIAGRAM STATISTICS...
SPOT DIAGRAM SUMMARY
RMS SPOT DIAMETER   =  0.2851471631E-03 MILLIMETERS
RMS SPOT SIZE   (X) =  0.1829921452E-03 MILLIMETERS
RMS SPOT SIZE   (Y) =  0.2186842001E-03 MILLIMETERS
X-CENTROID POSITION =   0.000000000     MILLIMETERS
Y-CENTROID POSITION =  -9.769485611     MILLIMETERS
CHIEF RAY X-COORD.  =   0.000000000     MILLIMETERS
CHIEF RAY Y-COORD.  =  -9.769507415     MILLIMETERS
# RAYS ATTEMPTED    =        961 AT EACH WAVELENGTH
% TRANSMISSION      =   24829.
# RAYS SUCCEDED     =        709 AT ALL WAVELENGTHS
AT WAVELENGTH # = 1,  # RAYS SUCCEDED =        709
AT WAVELENGTH # = 2,  # RAYS SUCCEDED =          0
AT WAVELENGTH # = 3,  # RAYS SUCCEDED =          0
AT WAVELENGTH # = 4,  # RAYS SUCCEDED =          0
AT WAVELENGTH # = 5,  # RAYS SUCCEDED =          0
AT WAVELENGTH # = 6,  # RAYS SUCCEDED =          0
AT WAVELENGTH # = 7,  # RAYS SUCCEDED =          0
AT WAVELENGTH # = 8,  # RAYS SUCCEDED =          0
AT WAVELENGTH # = 9,  # RAYS SUCCEDED =          0
AT WAVELENGTH # = 10, # RAYS SUCCEDED =          0
FOCUS SHIFT FOR BEST RMS SPOT DIAMETER   = -0.8339660367E-04
FOCUS SHIFT FOR BEST RMS SPOT LENGTH (X) = -0.7275794300E-04
FOCUS SHIFT FOR BEST RMS SPOT LENGTH (Y) = -0.9403526434E-04
TRACING       2000 RAYS AT WAVELENGTH 1
RAYENGINE CHECK (SPOT): rows 2000, mismatches 0
 SPOT DIAGRAM RAY TRACING COMPLETED
 CALCULATING SPOT DIAGRAM STATISTICS...
SPOT DIAGRAM SUMMARY
RMS SPOT DIAMETER   =  0.2330228965E-03 MILLIMETERS
RMS SPOT SIZE   (X) =  0.1435610609E-03 MILLIMETERS
RMS SPOT SIZE   (Y) =  0.1835480648E-03 MILLIMETERS
X-CENTROID POSITION =  0.3370156856E-05 MILLIMETERS
Y-CENTROID POSITION =  -9.769489209     MILLIMETERS
CHIEF RAY X-COORD.  =   0.000000000     MILLIMETERS
CHIEF RAY Y-COORD.  =  -9.769507415     MILLIMETERS
# RAYS ATTEMPTED    =       2000 AT EACH WAVELENGTH
% TRANSMISSION      =   24829.
# RAYS SUCCEDED     =       1574 AT ALL WAVELENGTHS
AT WAVELENGTH # = 1,  # RAYS SUCCEDED =       1574
AT WAVELENGTH # = 2,  # RAYS SUCCEDED =          0
AT WAVELENGTH # = 3,  # RAYS SUCCEDED =          0
AT WAVELENGTH # = 4,  # RAYS SUCCEDED =          0
AT WAVELENGTH # = 5,  # RAYS SUCCEDED =          0
AT WAVELENGTH # = 6,  # RAYS SUCCEDED =          0
AT WAVELENGTH # = 7,  # RAYS SUCCEDED =          0
AT WAVELENGTH # = 8,  # RAYS SUCCEDED =          0
AT WAVELENGTH # = 9,  # RAYS SUCCEDED =          0
AT WAVELENGTH # = 10, # RAYS SUCCEDED =          0
FOCUS SHIFT FOR BEST RMS SPOT DIAMETER   = -0.7397097228E-04
FOCUS SHIFT FOR BEST RMS SPOT LENGTH (X) = -0.6595801538E-04
FOCUS SHIFT FOR BEST RMS SPOT LENGTH (Y) = -0.8198392917E-04
All constraints removed


TEMPORARY CIRCULAR CLEAR APERTURE =   10.00     X   10.00
 (X x Y), HAS BEEN ASSIGNED TO THE REFERENCE SURFACE
 FOR THE CURRENT SPOT DIAGRAM CALCULATIONS
TRACING         61 RAYS AT WAVELENGTH 1
RAYENGINE CHECK (SPOT): rows 61, mismatches 0
 SPOT DIAGRAM RAY TRACING COMPLETED
TEMPORARY CIRCULAR CLEAR APERTURE =   10.00     X   10.00
 HAS BEEN REMOVED FROM THE REFERENCE SURFACE
 FOR THE CURRENT SPOT DIAGRAM CALCULATIONS
 CALCULATING SPOT DIAGRAM STATISTICS...
SPOT DIAGRAM SUMMARY
RMS SPOT DIAMETER   =  0.4486227292E-01 MILLIMETERS
RMS SPOT SIZE   (X) =  0.3172241740E-01 MILLIMETERS
RMS SPOT SIZE   (Y) =  0.3172241740E-01 MILLIMETERS
X-CENTROID POSITION =   0.000000000     MILLIMETERS
Y-CENTROID POSITION =   0.000000000     MILLIMETERS
CHIEF RAY X-COORD.  =   0.000000000     MILLIMETERS
CHIEF RAY Y-COORD.  =   0.000000000     MILLIMETERS
# RAYS ATTEMPTED    =         61 AT EACH WAVELENGTH
% TRANSMISSION      =   100.00
# RAYS SUCCEDED     =         61 AT ALL WAVELENGTHS
AT WAVELENGTH # = 1,  # RAYS SUCCEDED =         61
AT WAVELENGTH # = 2,  # RAYS SUCCEDED =          0
AT WAVELENGTH # = 3,  # RAYS SUCCEDED =          0
AT WAVELENGTH # = 4,  # RAYS SUCCEDED =          0
AT WAVELENGTH # = 5,  # RAYS SUCCEDED =          0
AT WAVELENGTH # = 6,  # RAYS SUCCEDED =          0
AT WAVELENGTH # = 7,  # RAYS SUCCEDED =          0
AT WAVELENGTH # = 8,  # RAYS SUCCEDED =          0
AT WAVELENGTH # = 9,  # RAYS SUCCEDED =          0
AT WAVELENGTH # = 10, # RAYS SUCCEDED =          0
FOCUS SHIFT FOR BEST RMS SPOT DIAMETER   =  0.1579708961
FOCUS SHIFT FOR BEST RMS SPOT LENGTH (X) =  0.1579708961
FOCUS SHIFT FOR BEST RMS SPOT LENGTH (Y) =  0.1579708961
TEMPORARY CIRCULAR CLEAR APERTURE =   10.00     X   10.00
 (X x Y), HAS BEEN ASSIGNED TO THE REFERENCE SURFACE
 FOR THE CURRENT SPOT DIAGRAM CALCULATIONS
TRACING        256 RAYS AT WAVELENGTH 1
RAYENGINE CHECK (SPOT): rows 256, mismatches 0
 SPOT DIAGRAM RAY TRACING COMPLETED
TEMPORARY CIRCULAR CLEAR APERTURE =   10.00     X   10.00
 HAS BEEN REMOVED FROM THE REFERENCE SURFACE
 FOR THE CURRENT SPOT DIAGRAM CALCULATIONS
 CALCULATING SPOT DIAGRAM STATISTICS...
SPOT DIAGRAM SUMMARY
RMS SPOT DIAMETER   =  0.4893704774E-01 MILLIMETERS
RMS SPOT SIZE   (X) =  0.3460371831E-01 MILLIMETERS
RMS SPOT SIZE   (Y) =  0.3460371831E-01 MILLIMETERS
X-CENTROID POSITION =   0.000000000     MILLIMETERS
Y-CENTROID POSITION =   0.000000000     MILLIMETERS
CHIEF RAY X-COORD.  =   0.000000000     MILLIMETERS
CHIEF RAY Y-COORD.  =   0.000000000     MILLIMETERS
# RAYS ATTEMPTED    =        256 AT EACH WAVELENGTH
% TRANSMISSION      =   100.00
# RAYS SUCCEDED     =        172 AT ALL WAVELENGTHS
AT WAVELENGTH # = 1,  # RAYS SUCCEDED =        172
AT WAVELENGTH # = 2,  # RAYS SUCCEDED =          0
AT WAVELENGTH # = 3,  # RAYS SUCCEDED =          0
AT WAVELENGTH # = 4,  # RAYS SUCCEDED =          0
AT WAVELENGTH # = 5,  # RAYS SUCCEDED =          0
AT WAVELENGTH # = 6,  # RAYS SUCCEDED =          0
AT WAVELENGTH # = 7,  # RAYS SUCCEDED =          0
AT WAVELENGTH # = 8,  # RAYS SUCCEDED =          0
AT WAVELENGTH # = 9,  # RAYS SUCCEDED =          0
AT WAVELENGTH # = 10, # RAYS SUCCEDED =          0
FOCUS SHIFT FOR BEST RMS SPOT DIAMETER   =  0.1636604359
FOCUS SHIFT FOR BEST RMS SPOT LENGTH (X) =  0.1636604359
FOCUS SHIFT FOR BEST RMS SPOT LENGTH (Y) =  0.1636604359
TEMPORARY CIRCULAR CLEAR APERTURE =   10.00     X   10.00
 (X x Y), HAS BEEN ASSIGNED TO THE REFERENCE SURFACE
 FOR THE CURRENT SPOT DIAGRAM CALCULATIONS
TRACING        300 RAYS AT WAVELENGTH 1
RAYENGINE CHECK (SPOT): rows 300, mismatches 0
 SPOT DIAGRAM RAY TRACING COMPLETED
TEMPORARY CIRCULAR CLEAR APERTURE =   10.00     X   10.00
 HAS BEEN REMOVED FROM THE REFERENCE SURFACE
 FOR THE CURRENT SPOT DIAGRAM CALCULATIONS
 CALCULATING SPOT DIAGRAM STATISTICS...
SPOT DIAGRAM SUMMARY
RMS SPOT DIAMETER   =  0.5157208156E-01 MILLIMETERS
RMS SPOT SIZE   (X) =  0.3492917870E-01 MILLIMETERS
RMS SPOT SIZE   (Y) =  0.3794248373E-01 MILLIMETERS
X-CENTROID POSITION = -0.9982953674E-03 MILLIMETERS
Y-CENTROID POSITION =  0.1034155073E-02 MILLIMETERS
CHIEF RAY X-COORD.  =   0.000000000     MILLIMETERS
CHIEF RAY Y-COORD.  =   0.000000000     MILLIMETERS
# RAYS ATTEMPTED    =        300 AT EACH WAVELENGTH
% TRANSMISSION      =   100.00
# RAYS SUCCEDED     =        240 AT ALL WAVELENGTHS
AT WAVELENGTH # = 1,  # RAYS SUCCEDED =        240
AT WAVELENGTH # = 2,  # RAYS SUCCEDED =          0
AT WAVELENGTH # = 3,  # RAYS SUCCEDED =          0
AT WAVELENGTH # = 4,  # RAYS SUCCEDED =          0
AT WAVELENGTH # = 5,  # RAYS SUCCEDED =          0
AT WAVELENGTH # = 6,  # RAYS SUCCEDED =          0
AT WAVELENGTH # = 7,  # RAYS SUCCEDED =          0
AT WAVELENGTH # = 8,  # RAYS SUCCEDED =          0
AT WAVELENGTH # = 9,  # RAYS SUCCEDED =          0
AT WAVELENGTH # = 10, # RAYS SUCCEDED =          0
FOCUS SHIFT FOR BEST RMS SPOT DIAMETER   =  0.1682788609
FOCUS SHIFT FOR BEST RMS SPOT LENGTH (X) =  0.1656567125
FOCUS SHIFT FOR BEST RMS SPOT LENGTH (Y) =  0.1709010093
THREADS 2
All constraints removed






Field Weights Command WTF     100     100     100 Not supported
TEMPORARY CIRCULAR CLEAR APERTURE =   3.912     X   3.912
 (X x Y), HAS BEEN ASSIGNED TO THE REFERENCE SURFACE
 FOR THE CURRENT SPOT DIAGRAM CALCULATIONS
TRACING         61 RAYS AT WAVELENGTH 1
TRACING         61 RAYS AT WAVELENGTH 2
TRACING         61 RAYS AT WAVELENGTH 3
TRACING         61 RAYS AT WAVELENGTH 4
TRACING         61 RAYS AT WAVELENGTH 5
RAYENGINE CHECK (SPOT): rows 305, mismatches 0
 SPOT DIAGRAM RAY TRACING COMPLETED
TEMPORARY CIRCULAR CLEAR APERTURE =   3.912     X   3.912
 HAS BEEN REMOVED FROM THE REFERENCE SURFACE
 FOR THE CURRENT SPOT DIAGRAM CALCULATIONS
 CALCULATING SPOT DIAGRAM STATISTICS...
SPOT DIAGRAM SUMMARY
RMS SPOT DIAMETER   =  0.2132372638E-01 MILLIMETERS
RMS SPOT SIZE   (X) =  0.1877806349E-01 MILLIMETERS
RMS SPOT SIZE   (Y) =  0.1010374380E-01 MILLIMETERS
X-CENTROID POSITION =   0.000000000     MILLIMETERS
Y-CENTROID POSITION =   8.826717068     MILLIMETERS
CHIEF RAY X-COORD.  =   0.000000000     MILLIMETERS
CHIEF RAY Y-COORD.  =   8.823115475     MILLIMETERS
# RAYS ATTEMPTED    =         61 AT EACH WAVELENGTH
% TRANSMISSION      =   9848.1
# RAYS SUCCEDED     =        305 AT ALL WAVELENGTHS
AT WAVELENGTH # = 1,  # RAYS SUCCEDED =         61
AT WAVELENGTH # = 2,  # RAYS SUCCEDED =         61
AT WAVELENGTH # = 3,  # RAYS SUCCEDED =         61
AT WAVELENGTH # = 4,  # RAYS SUCCEDED =         61
AT WAVELENGTH # = 5,  # RAYS SUCCEDED =         61
AT WAVELENGTH # = 6,  # RAYS SUCCEDED =          0
AT WAVELENGTH # = 7,  # RAYS SUCCEDED =          0
AT WAVELENGTH # = 8,  # RAYS SUCCEDED =          0
AT WAVELENGTH # = 9,  # RAYS SUCCEDED =          0
AT WAVELENGTH # = 10, # RAYS SUCCEDED =          0
FOCUS SHIFT FOR BEST RMS SPOT DIAMETER   = -0.1061305184
FOCUS SHIFT FOR BEST RMS SPOT LENGTH (X) = -0.1890427780
FOCUS SHIFT FOR BEST RMS SPOT LENGTH (Y) = -0.2321825870E-01
TEMPORARY CIRCULAR CLEAR APERTURE =   3.912     X   3.912
 (X x Y), HAS BEEN ASSIGNED TO THE REFERENCE SURFACE
 FOR THE CURRENT SPOT DIAGRAM CALCULATIONS
TRACING       1600 RAYS AT WAVELENGTH 1
TRACING       1600 RAYS AT WAVELENGTH 2
TRACING       1600 RAYS AT WAVELENGTH 3
TRACING       1600 RAYS AT WAVELENGTH 4
TRACING       1600 RAYS AT WAVELENGTH 5
RAYENGINE CHECK (SPOT): rows 8000, mismatches 0
 SPOT DIAGRAM RAY TRACING COMPLETED
TEMPORARY CIRCULAR CLEAR APERTURE =   3.912     X   3.912
 HAS BEEN REMOVED FROM THE REFERENCE SURFACE
 FOR THE CURRENT SPOT DIAGRAM CALCULATIONS
 CALCULATING SPOT DIAGRAM STATISTICS...
SPOT DIAGRAM SUMMARY
RMS SPOT DIAMETER   =  0.2214342433E-01 MILLIMETERS
RMS SPOT SIZE   (X) =  0.1950471857E-01 MILLIMETERS
RMS SPOT SIZE   (Y) =  0.1048318628E-01 MILLIMETERS
X-CENTROID POSITION =   0.000000000     MILLIMETERS
Y-CENTROID POSITION =   8.826813657     MILLIMETERS
CHIEF RAY X-COORD.  =   0.000000000     MILLIMETERS
CHIEF RAY Y-COORD.  =   8.823115475     MILLIMETERS
# RAYS ATTEMPTED    =       1600 AT EACH WAVELENGTH
% TRANSMISSION      =   9848.1
# RAYS SUCCEDED     =       5920 AT ALL WAVELENGTHS
AT WAVELENGTH # = 1,  # RAYS SUCCEDED =       1184
AT WAVELENGTH # = 2,  # RAYS SUCCEDED =       1184
AT WAVELENGTH # = 3,  # RAYS SUCCEDED =       1184
AT WAVELENGTH # = 4,  # RAYS SUCCEDED =       1184
AT WAVELENGTH # = 5,  # RAYS SUCCEDED =       1184
AT WAVELENGTH # = 6,  # RAYS SUCCEDED =          0
AT WAVELENGTH # = 7,  # RAYS SUCCEDED =          0
AT WAVELENGTH # = 8,  # RAYS SUCCEDED =          0
AT WAVELENGTH # = 9,  # RAYS SUCCEDED =          0
AT WAVELENGTH # = 10, # RAYS SUCCEDED =          0
FOCUS SHIFT FOR BEST RMS SPOT DIAMETER   = -0.1009560382
FOCUS SHIFT FOR BEST RMS SPOT LENGTH (X) = -0.1848927801
FOCUS SHIFT FOR BEST RMS SPOT LENGTH (Y) = -0.1701929621E-01
TEMPORARY CIRCULAR CLEAR APERTURE =   3.912     X   3.912
 (X x Y), HAS BEEN ASSIGNED TO THE REFERENCE SURFACE
 FOR THE CURRENT SPOT DIAGRAM CALCULATIONS
TRACING       1000 RAYS AT WAVELENGTH 1
TRACING       1000 RAYS AT WAVELENGTH 2
TRACING       1000 RAYS AT WAVELENGTH 3
TRACING       1000 RAYS AT WAVELENGTH 4
TRACING       1000 RAYS AT WAVELENGTH 5
RAYENGINE CHECK (SPOT): rows 5000, mismatches 0
 SPOT DIAGRAM RAY TRACING COMPLETED
TEMPORARY CIRCULAR CLEAR APERTURE =   3.912     X   3.912
 HAS BEEN REMOVED FROM THE REFERENCE SURFACE
 FOR THE CURRENT SPOT DIAGRAM CALCULATIONS
 CALCULATING SPOT DIAGRAM STATISTICS...
SPOT DIAGRAM SUMMARY
RMS SPOT DIAMETER   =  0.2222587768E-01 MILLIMETERS
RMS SPOT SIZE   (X) =  0.1950691911E-01 MILLIMETERS
RMS SPOT SIZE   (Y) =  0.1065221788E-01 MILLIMETERS
X-CENTROID POSITION =  0.1946112611E-03 MILLIMETERS
Y-CENTROID POSITION =   8.826790854     MILLIMETERS
CHIEF RAY X-COORD.  =   0.000000000     MILLIMETERS
CHIEF RAY Y-COORD.  =   8.823115475     MILLIMETERS
# RAYS ATTEMPTED    =       1000 AT EACH WAVELENGTH
% TRANSMISSION      =   9848.1
# RAYS SUCCEDED     =       3916 AT ALL WAVELENGTHS
AT WAVELENGTH # = 1,  # RAYS SUCCEDED =        786
AT WAVELENGTH # = 2,  # RAYS SUCCEDED =        773
AT WAVELENGTH # = 3,  # RAYS SUCCEDED =        783
AT WAVELENGTH # = 4,  # RAYS SUCCEDED =        785
AT WAVELENGTH # = 5,  # RAYS SUCCEDED =        789
AT WAVELENGTH # = 6,  # RAYS SUCCEDED =          0
AT WAVELENGTH # = 7,  # RAYS SUCCEDED =          0
AT WAVELENGTH # = 8,  # RAYS SUCCEDED =          0
AT WAVELENGTH # = 9,  # RAYS SUCCEDED =          0
AT WAVELENGTH # = 10, # RAYS SUCCEDED =          0
FOCUS SHIFT FOR BEST RMS SPOT DIAMETER   = -0.9896076420E-01
FOCUS SHIFT FOR BEST RMS SPOT LENGTH (X) = -0.1831199977
FOCUS SHIFT FOR BEST RMS SPOT LENGTH (Y) = -0.1480153069E-01
All constraints removed



TRACING         61 RAYS AT WAVELENGTH 1
TRACING         61 RAYS AT WAVELENGTH 2
TRACING         61 RAYS AT WAVELENGTH 3
RAYENGINE CHECK (SPOT): rows 183, mismatches 0
 SPOT DIAGRAM RAY TRACING COMPLETED
 CALCULATING SPOT DIAGRAM STATISTICS...
SPOT DIAGRAM SUMMARY
RMS SPOT DIAMETER   =  0.1340528672E-01 MILLIMETERS
RMS SPOT SIZE   (X) =  0.6502728506E-02 MILLIMETERS
RMS SPOT SIZE   (Y) =  0.1172246706E-01 MILLIMETERS
X-CENTROID POSITION =   0.000000000     MILLIMETERS
Y-CENTROID POSITION =   17.09556561     MILLIMETERS
CHIEF RAY X-COORD.  =   0.000000000     MILLIMETERS
CHIEF RAY Y-COORD.  =   17.09245273     MILLIMETERS
# RAYS ATTEMPTED    =         61 AT EACH WAVELENGTH
% TRANSMISSION      =   56825.
# RAYS SUCCEDED     =        183 AT ALL WAVELENGTHS
AT WAVELENGTH # = 1,  # RAYS SUCCEDED =         61
AT WAVELENGTH # = 2,  # RAYS SUCCEDED =         61
AT WAVELENGTH # = 3,  # RAYS SUCCEDED =         61
AT WAVELENGTH # = 4,  # RAYS SUCCEDED =          0
AT WAVELENGTH # = 5,  # RAYS SUCCEDED =          0
AT WAVELENGTH # = 6,  # RAYS SUCCEDED =          0
AT WAVELENGTH # = 7,  # RAYS SUCCEDED =          0
AT WAVELENGTH # = 8,  # RAYS SUCCEDED =          0
AT WAVELENGTH # = 9,  # RAYS SUCCEDED =          0
AT WAVELENGTH # = 10, # RAYS SUCCEDED =          0
FOCUS SHIFT FOR BEST RMS SPOT DIAMETER   =  0.1558796662E-01
FOCUS SHIFT FOR BEST RMS SPOT LENGTH (X) = -0.2497975117E-01
FOCUS SHIFT FOR BEST RMS SPOT LENGTH (Y) =  0.5615568440E-01
All constraints removed



TRACING         61 RAYS AT WAVELENGTH 1
RAYENGINE CHECK (SPOT): rows 61, mismatches 0
 SPOT DIAGRAM RAY TRACING COMPLETED
 CALCULATING SPOT DIAGRAM STATISTICS...
SPOT DIAGRAM SUMMARY
RMS SPOT DIAMETER   =  0.6463805774E-04 MILLIMETERS
RMS SPOT SIZE   (X) =  0.4905248448E-04 MILLIMETERS
RMS SPOT SIZE   (Y) =  0.4209432592E-04 MILLIMETERS
X-CENTROID POSITION =   0.000000000     MILLIMETERS
Y-CENTROID POSITION =  -9.769508887     MILLIMETERS
CHIEF RAY X-COORD.  =   0.000000000     MILLIMETERS
CHIEF RAY Y-COORD.  =  -9.769507415     MILLIMETERS
# RAYS ATTEMPTED    =         61 AT EACH WAVELENGTH
% TRANSMISSION      =   24829.
# RAYS SUCCEDED     =         61 AT ALL WAVELENGTHS
AT WAVELENGTH # = 1,  # RAYS SUCCEDED =         61
AT WAVELENGTH # = 2,  # RAYS SUCCEDED =          0
AT WAVELENGTH # = 3,  # RAYS SUCCEDED =          0
AT WAVELENGTH # = 4,  # RAYS SUCCEDED =          0
AT WAVELENGTH # = 5,  # RAYS SUCCEDED =          0
AT WAVELENGTH # = 6,  # RAYS SUCCEDED =          0
AT WAVELENGTH # = 7,  # RAYS SUCCEDED =          0
AT WAVELENGTH # = 8,  # RAYS SUCCEDED =          0
AT WAVELENGTH # = 9,  # RAYS SUCCEDED =          0
AT WAVELENGTH # = 10, # RAYS SUCCEDED =          0
FOCUS SHIFT FOR BEST RMS SPOT DIAMETER   = -0.3288952283E-04
FOCUS SHIFT FOR BEST RMS SPOT LENGTH (X) = -0.3331775391E-04
FOCUS SHIFT FOR BEST RMS SPOT LENGTH (Y) = -0.3246129174E-04
TRACING      10000 RAYS AT WAVELENGTH 1
RAYENGINE CHECK (SPOT): rows 10000, mismatches 0
 SPOT DIAGRAM RAY TRACING COMPLETED
 CALCULATING SPOT DIAGRAM STATISTICS...
SPOT DIAGRAM SUMMARY
RMS SPOT DIAMETER   =  0.2276749450E-03 MILLIMETERS
RMS SPOT SIZE   (X) =  0.1409309486E-03 MILLIMETERS
RMS SPOT SIZE   (Y) =  0.1788137252E-03 MILLIMETERS
X-CENTROID POSITION =   0.000000000     MILLIMETERS
Y-CENTROID POSITION =  -9.769489681     MILLIMETERS
CHIEF RAY X-COORD.  =   0.000000000     MILLIMETERS
CHIEF RAY Y-COORD.  =  -9.769507415     MILLIMETERS
# RAYS ATTEMPTED    =      10000 AT EACH WAVELENGTH
% TRANSMISSION      =   24829.
# RAYS SUCCEDED     =       7666 AT ALL WAVELENGTHS
AT WAVELENGTH # = 1,  # RAYS SUCCEDED =       7666
AT WAVELENGTH # = 2,  # RAYS SUCCEDED =          0
AT WAVELENGTH # = 3,  # RAYS SUCCEDED =          0
AT WAVELENGTH # = 4,  # RAYS SUCCEDED =          0
AT WAVELENGTH # = 5,  # RAYS SUCCEDED =          0
AT WAVELENGTH # = 6,  # RAYS SUCCEDED =          0
AT WAVELENGTH # = 7,  # RAYS SUCCEDED =          0
AT WAVELENGTH # = 8,  # RAYS SUCCEDED =          0
AT WAVELENGTH # = 9,  # RAYS SUCCEDED =          0
AT WAVELENGTH # = 10, # RAYS SUCCEDED =          0
FOCUS SHIFT FOR BEST RMS SPOT DIAMETER   = -0.7056338958E-04
FOCUS SHIFT FOR BEST RMS SPOT LENGTH (X) = -0.5957514718E-04
FOCUS SHIFT FOR BEST RMS SPOT LENGTH (Y) = -0.8155163199E-04
THREADS 4
All constraints removed






Field Weights Command WTF     100     100     100 Not supported
TEMPORARY CIRCULAR CLEAR APERTURE =   3.912     X   3.912
 (X x Y), HAS BEEN ASSIGNED TO THE REFERENCE SURFACE
 FOR THE CURRENT SPOT DIAGRAM CALCULATIONS
TRACING         61 RAYS AT WAVELENGTH 1
TRACING         61 RAYS AT WAVELENGTH 2
TRACING         61 RAYS AT WAVELENGTH 3
TRACING         61 RAYS AT WAVELENGTH 4
TRACING         61 RAYS AT WAVELENGTH 5
RAYENGINE CHECK (SPOT): rows 305, mismatches 0
 SPOT DIAGRAM RAY TRACING COMPLETED
TEMPORARY CIRCULAR CLEAR APERTURE =   3.912     X   3.912
 HAS BEEN REMOVED FROM THE REFERENCE SURFACE
 FOR THE CURRENT SPOT DIAGRAM CALCULATIONS
 CALCULATING SPOT DIAGRAM STATISTICS...
SPOT DIAGRAM SUMMARY
RMS SPOT DIAMETER   =  0.2132372638E-01 MILLIMETERS
RMS SPOT SIZE   (X) =  0.1877806349E-01 MILLIMETERS
RMS SPOT SIZE   (Y) =  0.1010374380E-01 MILLIMETERS
X-CENTROID POSITION =   0.000000000     MILLIMETERS
Y-CENTROID POSITION =   8.826717068     MILLIMETERS
CHIEF RAY X-COORD.  =   0.000000000     MILLIMETERS
CHIEF RAY Y-COORD.  =   8.823115475     MILLIMETERS
# RAYS ATTEMPTED    =         61 AT EACH WAVELENGTH
% TRANSMISSION      =   9848.1
# RAYS SUCCEDED     =        305 AT ALL WAVELENGTHS
AT WAVELENGTH # = 1,  # RAYS SUCCEDED =         61
AT WAVELENGTH # = 2,  # RAYS SUCCEDED =         61
AT WAVELENGTH # = 3,  # RAYS SUCCEDED =         61
AT WAVELENGTH # = 4,  # RAYS SUCCEDED =         61
AT WAVELENGTH # = 5,  # RAYS SUCCEDED =         61
AT WAVELENGTH # = 6,  # RAYS SUCCEDED =          0
AT WAVELENGTH # = 7,  # RAYS SUCCEDED =          0
AT WAVELENGTH # = 8,  # RAYS SUCCEDED =          0
AT WAVELENGTH # = 9,  # RAYS SUCCEDED =          0
AT WAVELENGTH # = 10, # RAYS SUCCEDED =          0
FOCUS SHIFT FOR BEST RMS SPOT DIAMETER   = -0.1061305184
FOCUS SHIFT FOR BEST RMS SPOT LENGTH (X) = -0.1890427780
FOCUS SHIFT FOR BEST RMS SPOT LENGTH (Y) = -0.2321825870E-01
TEMPORARY CIRCULAR CLEAR APERTURE =   3.912     X   3.912
 (X x Y), HAS BEEN ASSIGNED TO THE REFERENCE SURFACE
 FOR THE CURRENT SPOT DIAGRAM CALCULATIONS
TRACING       1600 RAYS AT WAVELENGTH 1
TRACING       1600 RAYS AT WAVELENGTH 2
TRACING       1600 RAYS AT WAVELENGTH 3
TRACING       1600 RAYS AT WAVELENGTH 4
TRACING       1600 RAYS AT WAVELENGTH 5
RAYENGINE CHECK (SPOT): rows 8000, mismatches 0
 SPOT DIAGRAM RAY TRACING COMPLETED
TEMPORARY CIRCULAR CLEAR APERTURE =   3.912     X   3.912
 HAS BEEN REMOVED FROM THE REFERENCE SURFACE
 FOR THE CURRENT SPOT DIAGRAM CALCULATIONS
 CALCULATING SPOT DIAGRAM STATISTICS...
SPOT DIAGRAM SUMMARY
RMS SPOT DIAMETER   =  0.2214342433E-01 MILLIMETERS
RMS SPOT SIZE   (X) =  0.1950471857E-01 MILLIMETERS
RMS SPOT SIZE   (Y) =  0.1048318628E-01 MILLIMETERS
X-CENTROID POSITION =   0.000000000     MILLIMETERS
Y-CENTROID POSITION =   8.826813657     MILLIMETERS
CHIEF RAY X-COORD.  =   0.000000000     MILLIMETERS
CHIEF RAY Y-COORD.  =   8.823115475     MILLIMETERS
# RAYS ATTEMPTED    =       1600 AT EACH WAVELENGTH
% TRANSMISSION      =   9848.1
# RAYS SUCCEDED     =       5920 AT ALL WAVELENGTHS
AT WAVELENGTH # = 1,  # RAYS SUCCEDED =       1184
AT WAVELENGTH # = 2,  # RAYS SUCCEDED =       1184
AT WAVELENGTH # = 3,  # RAYS SUCCEDED =       1184
AT WAVELENGTH # = 4,  # RAYS SUCCEDED =       1184
AT WAVELENGTH # = 5,  # RAYS SUCCEDED =       1184
AT WAVELENGTH # = 6,  # RAYS SUCCEDED =          0
AT WAVELENGTH # = 7,  # RAYS SUCCEDED =          0
AT WAVELENGTH # = 8,  # RAYS SUCCEDED =          0
AT WAVELENGTH # = 9,  # RAYS SUCCEDED =          0
AT WAVELENGTH # = 10, # RAYS SUCCEDED =          0
FOCUS SHIFT FOR BEST RMS SPOT DIAMETER   = -0.1009560382
FOCUS SHIFT FOR BEST RMS SPOT LENGTH (X) = -0.1848927801
FOCUS SHIFT FOR BEST RMS SPOT LENGTH (Y) = -0.1701929621E-01
TEMPORARY CIRCULAR CLEAR APERTURE =   3.912     X   3.912
 (X x Y), HAS BEEN ASSIGNED TO THE REFERENCE SURFACE
 FOR THE CURRENT SPOT DIAGRAM CALCULATIONS
TRACING       1000 RAYS AT WAVELENGTH 1
TRACING       1000 RAYS AT WAVELENGTH 2
TRACING       1000 RAYS AT WAVELENGTH 3
TRACING       1000 RAYS AT WAVELENGTH 4
TRACING       1000 RAYS AT WAVELENGTH 5
RAYENGINE CHECK (SPOT): rows 5000, mismatches 0
 SPOT DIAGRAM RAY TRACING COMPLETED
TEMPORARY CIRCULAR CLEAR APERTURE =   3.912     X   3.912
 HAS BEEN REMOVED FROM THE REFERENCE SURFACE
 FOR THE CURRENT SPOT DIAGRAM CALCULATIONS
 CALCULATING SPOT DIAGRAM STATISTICS...
SPOT DIAGRAM SUMMARY
RMS SPOT DIAMETER   =  0.2219822554E-01 MILLIMETERS
RMS SPOT SIZE   (X) =  0.1956696268E-01 MILLIMETERS
RMS SPOT SIZE   (Y) =  0.1048309061E-01 MILLIMETERS
X-CENTROID POSITION =  0.6019223903E-04 MILLIMETERS
Y-CENTROID POSITION =   8.826724879     MILLIMETERS
CHIEF RAY X-COORD.  =   0.000000000     MILLIMETERS
CHIEF RAY Y-COORD.  =   8.823115475     MILLIMETERS
# RAYS ATTEMPTED    =       1000 AT EACH WAVELENGTH
% TRANSMISSION      =   9848.1
# RAYS SUCCEDED     =       3969 AT ALL WAVELENGTHS
AT WAVELENGTH # = 1,  # RAYS SUCCEDED =        788
AT WAVELENGTH # = 2,  # RAYS SUCCEDED =        783
AT WAVELENGTH # = 3,  # RAYS SUCCEDED =        789
AT WAVELENGTH # = 4,  # RAYS SUCCEDED =        800
AT WAVELENGTH # = 5,  # RAYS SUCCEDED =        809
AT WAVELENGTH # = 6,  # RAYS SUCCEDED =          0
AT WAVELENGTH # = 7,  # RAYS SUCCEDED =          0
AT WAVELENGTH # = 8,  # RAYS SUCCEDED =          0
AT WAVELENGTH # = 9,  # RAYS SUCCEDED =          0
AT WAVELENGTH # = 10, # RAYS SUCCEDED =          0
FOCUS SHIFT FOR BEST RMS SPOT DIAMETER   = -0.1002481972
FOCUS SHIFT FOR BEST RMS SPOT LENGTH (X) = -0.1832547755
FOCUS SHIFT FOR BEST RMS SPOT LENGTH (Y) = -0.1724161902E-01
All constraints removed



TRACING         61 RAYS AT WAVELENGTH 1
RAYENGINE CHECK (SPOT): rows 61, mismatches 0
 SPOT DIAGRAM RAY TRACING COMPLETED
 CALCULATING SPOT DIAGRAM STATISTICS...
SPOT DIAGRAM SUMMARY
RMS SPOT DIAMETER   =  0.6463805774E-04 MILLIMETERS
RMS SPOT SIZE   (X) =  0.4905248448E-04 MILLIMETERS
RMS SPOT SIZE   (Y) =  0.4209432592E-04 MILLIMETERS
X-CENTROID POSITION =   0.000000000     MILLIMETERS
Y-CENTROID POSITION =  -9.769508887     MILLIMETERS
CHIEF RAY X-COORD.  =   0.000000000     MILLIMETERS
CHIEF RAY Y-COORD.  =  -9.769507415     MILLIMETERS
# RAYS ATTEMPTED    =         61 AT EACH WAVELENGTH
% TRANSMISSION      =   24829.
# RAYS SUCCEDED     =         61 AT ALL WAVELENGTHS
AT WAVELENGTH # = 1,  # RAYS SUCCEDED =         61
AT WAVELENGTH # = 2,  # RAYS SUCCEDED =          0
AT WAVELENGTH # = 3,  # RAYS SUCCEDED =          0
AT WAVELENGTH # = 4,  # RAYS SUCCEDED =          0
AT WAVELENGTH # = 5,  # RAYS SUCCEDED =          0
AT WAVELENGTH # = 6,  # RAYS SUCCEDED =          0
AT WAVELENGTH # = 7,  # RAYS SUCCEDED =          0
AT WAVELENGTH # = 8,  # RAYS SUCCEDED =          0
AT WAVELENGTH # = 9,  # RAYS SUCCEDED =          0
AT WAVELENGTH # = 10, # RAYS SUCCEDED =          0
FOCUS SHIFT FOR BEST RMS SPOT DIAMETER   = -0.3288952283E-04
FOCUS SHIFT FOR BEST RMS SPOT LENGTH (X) = -0.3331775391E-04
FOCUS SHIFT FOR BEST RMS SPOT LENGTH (Y) = -0.3246129174E-04
TRACING      10000 RAYS AT WAVELENGTH 1
RAYENGINE CHECK (SPOT): rows 10000, mismatches 0
 SPOT DIAGRAM RAY TRACING COMPLETED
 CALCULATING SPOT DIAGRAM STATISTICS...
SPOT DIAGRAM SUMMARY
RMS SPOT DIAMETER   =  0.2276749450E-03 MILLIMETERS
RMS SPOT SIZE   (X) =  0.1409309486E-03 MILLIMETERS
RMS SPOT SIZE   (Y) =  0.1788137252E-03 MILLIMETERS
X-CENTROID POSITION =   0.000000000     MILLIMETERS
Y-CENTROID POSITION =  -9.769489681     MILLIMETERS
CHIEF RAY X-COORD.  =   0.000000000     MILLIMETERS
CHIEF RAY Y-COORD.  =  -9.769507415     MILLIMETERS
# RAYS ATTEMPTED    =      10000 AT EACH WAVELENGTH
% TRANSMISSION      =   24829.
# RAYS SUCCEDED     =       7666 AT ALL WAVELENGTHS
AT WAVELENGTH # = 1,  # RAYS SUCCEDED =       7666
AT WAVELENGTH # = 2,  # RAYS SUCCEDED =          0
AT WAVELENGTH # = 3,  # RAYS SUCCEDED =          0
AT WAVELENGTH # = 4,  # RAYS SUCCEDED =          0
AT WAVELENGTH # = 5,  # RAYS SUCCEDED =          0
AT WAVELENGTH # = 6,  # RAYS SUCCEDED =          0
AT WAVELENGTH # = 7,  # RAYS SUCCEDED =          0
AT WAVELENGTH # = 8,  # RAYS SUCCEDED =          0
AT WAVELENGTH # = 9,  # RAYS SUCCEDED =          0
AT WAVELENGTH # = 10, # RAYS SUCCEDED =          0
FOCUS SHIFT FOR BEST RMS SPOT DIAMETER   = -0.7056338958E-04
FOCUS SHIFT FOR BEST RMS SPOT LENGTH (X) = -0.5957514718E-04
FOCUS SHIFT FOR BEST RMS SPOT LENGTH (Y) = -0.8155163199E-04
THREADS 8
All constraints removed






Field Weights Command WTF     100     100     100 Not supported
TEMPORARY CIRCULAR CLEAR APERTURE =   3.912     X   3.912
 (X x Y), HAS BEEN ASSIGNED TO THE REFERENCE SURFACE
 FOR THE CURRENT SPOT DIAGRAM CALCULATIONS
TRACING         61 RAYS AT WAVELENGTH 1
TRACING         61 RAYS AT WAVELENGTH 2
TRACING         61 RAYS AT WAVELENGTH 3
TRACING         61 RAYS AT WAVELENGTH 4
TRACING         61 RAYS AT WAVELENGTH 5
RAYENGINE CHECK (SPOT): rows 305, mismatches 0
 SPOT DIAGRAM RAY TRACING COMPLETED
TEMPORARY CIRCULAR CLEAR APERTURE =   3.912     X   3.912
 HAS BEEN REMOVED FROM THE REFERENCE SURFACE
 FOR THE CURRENT SPOT DIAGRAM CALCULATIONS
 CALCULATING SPOT DIAGRAM STATISTICS...
SPOT DIAGRAM SUMMARY
RMS SPOT DIAMETER   =  0.2132372638E-01 MILLIMETERS
RMS SPOT SIZE   (X) =  0.1877806349E-01 MILLIMETERS
RMS SPOT SIZE   (Y) =  0.1010374380E-01 MILLIMETERS
X-CENTROID POSITION =   0.000000000     MILLIMETERS
Y-CENTROID POSITION =   8.826717068     MILLIMETERS
CHIEF RAY X-COORD.  =   0.000000000     MILLIMETERS
CHIEF RAY Y-COORD.  =   8.823115475     MILLIMETERS
# RAYS ATTEMPTED    =         61 AT EACH WAVELENGTH
% TRANSMISSION      =   9848.1
# RAYS SUCCEDED     =        305 AT ALL WAVELENGTHS
AT WAVELENGTH # = 1,  # RAYS SUCCEDED =         61
AT WAVELENGTH # = 2,  # RAYS SUCCEDED =         61
AT WAVELENGTH # = 3,  # RAYS SUCCEDED =         61
AT WAVELENGTH # = 4,  # RAYS SUCCEDED =         61
AT WAVELENGTH # = 5,  # RAYS SUCCEDED =         61
AT WAVELENGTH # = 6,  # RAYS SUCCEDED =          0
AT WAVELENGTH # = 7,  # RAYS SUCCEDED =          0
AT WAVELENGTH # = 8,  # RAYS SUCCEDED =          0
AT WAVELENGTH # = 9,  # RAYS SUCCEDED =          0
AT WAVELENGTH # = 10, # RAYS SUCCEDED =          0
FOCUS SHIFT FOR BEST RMS SPOT DIAMETER   = -0.1061305184
FOCUS SHIFT FOR BEST RMS SPOT LENGTH (X) = -0.1890427780
FOCUS SHIFT FOR BEST RMS SPOT LENGTH (Y) = -0.2321825870E-01
TEMPORARY CIRCULAR CLEAR APERTURE =   3.912     X   3.912
 (X x Y), HAS BEEN ASSIGNED TO THE REFERENCE SURFACE
 FOR THE CURRENT SPOT DIAGRAM CALCULATIONS
TRACING       1600 RAYS AT WAVELENGTH 1
TRACING       1600 RAYS AT WAVELENGTH 2
TRACING       1600 RAYS AT WAVELENGTH 3
TRACING       1600 RAYS AT WAVELENGTH 4
TRACING       1600 RAYS AT WAVELENGTH 5
RAYENGINE CHECK (SPOT): rows 8000, mismatches 0
 SPOT DIAGRAM RAY TRACING COMPLETED
TEMPORARY CIRCULAR CLEAR APERTURE =   3.912     X   3.912
 HAS BEEN REMOVED FROM THE REFERENCE SURFACE
 FOR THE CURRENT SPOT DIAGRAM CALCULATIONS
 CALCULATING SPOT DIAGRAM STATISTICS...
SPOT DIAGRAM SUMMARY
RMS SPOT DIAMETER   =  0.2214342433E-01 MILLIMETERS
RMS SPOT SIZE   (X) =  0.1950471857E-01 MILLIMETERS
RMS SPOT SIZE   (Y) =  0.1048318628E-01 MILLIMETERS
X-CENTROID POSITION =   0.000000000     MILLIMETERS
Y-CENTROID POSITION =   8.826813657     MILLIMETERS
CHIEF RAY X-COORD.  =   0.000000000     MILLIMETERS
CHIEF RAY Y-COORD.  =   8.823115475     MILLIMETERS
# RAYS ATTEMPTED    =       1600 AT EACH WAVELENGTH
% TRANSMISSION      =   9848.1
# RAYS SUCCEDED     =       5920 AT ALL WAVELENGTHS
AT WAVELENGTH # = 1,  # RAYS SUCCEDED =       1184
AT WAVELENGTH # = 2,  # RAYS SUCCEDED =       1184
AT WAVELENGTH # = 3,  # RAYS SUCCEDED =       1184
AT WAVELENGTH # = 4,  # RAYS SUCCEDED =       1184
AT WAVELENGTH # = 5,  # RAYS SUCCEDED =       1184
AT WAVELENGTH # = 6,  # RAYS SUCCEDED =          0
AT WAVELENGTH # = 7,  # RAYS SUCCEDED =          0
AT WAVELENGTH # = 8,  # RAYS SUCCEDED =          0
AT WAVELENGTH # = 9,  # RAYS SUCCEDED =          0
AT WAVELENGTH # = 10, # RAYS SUCCEDED =          0
FOCUS SHIFT FOR BEST RMS SPOT DIAMETER   = -0.1009560382
FOCUS SHIFT FOR BEST RMS SPOT LENGTH (X) = -0.1848927801
FOCUS SHIFT FOR BEST RMS SPOT LENGTH (Y) = -0.1701929621E-01
TEMPORARY CIRCULAR CLEAR APERTURE =   3.912     X   3.912
 (X x Y), HAS BEEN ASSIGNED TO THE REFERENCE SURFACE
 FOR THE CURRENT SPOT DIAGRAM CALCULATIONS
TRACING       1000 RAYS AT WAVELENGTH 1
TRACING       1000 RAYS AT WAVELENGTH 2
TRACING       1000 RAYS AT WAVELENGTH 3
TRACING       1000 RAYS AT WAVELENGTH 4
TRACING       1000 RAYS AT WAVELENGTH 5
RAYENGINE CHECK (SPOT): rows 5000, mismatches 0
 SPOT DIAGRAM RAY TRACING COMPLETED
TEMPORARY CIRCULAR CLEAR APERTURE =   3.912     X   3.912
 HAS BEEN REMOVED FROM THE REFERENCE SURFACE
 FOR THE CURRENT SPOT DIAGRAM CALCULATIONS
 CALCULATING SPOT DIAGRAM STATISTICS...
SPOT DIAGRAM SUMMARY
RMS SPOT DIAMETER   =  0.2217165512E-01 MILLIMETERS
RMS SPOT SIZE   (X) =  0.1949443681E-01 MILLIMETERS
RMS SPOT SIZE   (Y) =  0.1056168662E-01 MILLIMETERS
X-CENTROID POSITION =  0.3167907035E-03 MILLIMETERS
Y-CENTROID POSITION =   8.826805413     MILLIMETERS
CHIEF RAY X-COORD.  =   0.000000000     MILLIMETERS
CHIEF RAY Y-COORD.  =   8.823115475     MILLIMETERS
# RAYS ATTEMPTED    =       1000 AT EACH WAVELENGTH
% TRANSMISSION      =   9848.1
# RAYS SUCCEDED     =       3900 AT ALL WAVELENGTHS
AT WAVELENGTH # = 1,  # RAYS SUCCEDED =        767
AT WAVELENGTH # = 2,  # RAYS SUCCEDED =        784
AT WAVELENGTH # = 3,  # RAYS SUCCEDED =        790
AT WAVELENGTH # = 4,  # RAYS SUCCEDED =        773
AT WAVELENGTH # = 5,  # RAYS SUCCEDED =        786
AT WAVELENGTH # = 6,  # RAYS SUCCEDED =          0
AT WAVELENGTH # = 7,  # RAYS SUCCEDED =          0
AT WAVELENGTH # = 8,  # RAYS SUCCEDED =          0
AT WAVELENGTH # = 9,  # RAYS SUCCEDED =          0
AT WAVELENGTH # = 10, # RAYS SUCCEDED =          0
FOCUS SHIFT FOR BEST RMS SPOT DIAMETER   = -0.1004994142
FOCUS SHIFT FOR BEST RMS SPOT LENGTH (X) = -0.1846854319
FOCUS SHIFT FOR BEST RMS SPOT LENGTH (Y) = -0.1631339654E-01
All constraints removed



TRACING         61 RAYS AT WAVELENGTH 1
TRACING         61 RAYS AT WAVELENGTH 2
TRACING         61 RAYS AT WAVELENGTH 3
RAYENGINE CHECK (SPOT): rows 183, mismatches 0
 SPOT DIAGRAM RAY TRACING COMPLETED
 CALCULATING SPOT DIAGRAM STATISTICS...
SPOT DIAGRAM SUMMARY
RMS SPOT DIAMETER   =  0.1340528672E-01 MILLIMETERS
RMS SPOT SIZE   (X) =  0.6502728506E-02 MILLIMETERS
RMS SPOT SIZE   (Y) =  0.1172246706E-01 MILLIMETERS
X-CENTROID POSITION =   0.000000000     MILLIMETERS
Y-CENTROID POSITION =   17.09556561     MILLIMETERS
CHIEF RAY X-COORD.  =   0.000000000     MILLIMETERS
CHIEF RAY Y-COORD.  =   17.09245273     MILLIMETERS
# RAYS ATTEMPTED    =         61 AT EACH WAVELENGTH
% TRANSMISSION      =   56825.
# RAYS SUCCEDED     =        183 AT ALL WAVELENGTHS
AT WAVELENGTH # = 1,  # RAYS SUCCEDED =         61
AT WAVELENGTH # = 2,  # RAYS SUCCEDED =         61
AT WAVELENGTH # = 3,  # RAYS SUCCEDED =         61
AT WAVELENGTH # = 4,  # RAYS SUCCEDED =          0
AT WAVELENGTH # = 5,  # RAYS SUCCEDED =          0
AT WAVELENGTH # = 6,  # RAYS SUCCEDED =          0
AT WAVELENGTH # = 7,  # RAYS SUCCEDED =          0
AT WAVELENGTH # = 8,  # RAYS SUCCEDED =          0
AT WAVELENGTH # = 9,  # RAYS SUCCEDED =          0
AT WAVELENGTH # = 10, # RAYS SUCCEDED =          0
FOCUS SHIFT FOR BEST RMS SPOT DIAMETER   =  0.1558796662E-01
FOCUS SHIFT FOR BEST RMS SPOT LENGTH (X) = -0.2497975117E-01
FOCUS SHIFT FOR BEST RMS SPOT LENGTH (Y) =  0.5615568440E-01
All constraints removed



TRACING         61 RAYS AT WAVELENGTH 1
RAYENGINE CHECK (SPOT): rows 61, mismatches 0
 SPOT DIAGRAM RAY TRACING COMPLETED
 CALCULATING SPOT DIAGRAM STATISTICS...
SPOT DIAGRAM SUMMARY
RMS SPOT DIAMETER   =  0.6463805774E-04 MILLIMETERS
RMS SPOT SIZE   (X) =  0.4905248448E-04 MILLIMETERS
RMS SPOT SIZE   (Y) =  0.4209432592E-04 MILLIMETERS
X-CENTROID POSITION =   0.000000000     MILLIMETERS
Y-CENTROID POSITION =  -9.769508887     MILLIMETERS
CHIEF RAY X-COORD.  =   0.000000000     MILLIMETERS
CHIEF RAY Y-COORD.  =  -9.769507415     MILLIMETERS
# RAYS ATTEMPTED    =         61 AT EACH WAVELENGTH
% TRANSMISSION      =   24829.
# RAYS SUCCEDED     =         61 AT ALL WAVELENGTHS
AT WAVELENGTH # = 1,  # RAYS SUCCEDED =         61
AT WAVELENGTH # = 2,  # RAYS SUCCEDED =          0
AT WAVELENGTH # = 3,  # RAYS SUCCEDED =          0
AT WAVELENGTH # = 4,  # RAYS SUCCEDED =          0
AT WAVELENGTH # = 5,  # RAYS SUCCEDED =          0
AT WAVELENGTH # = 6,  # RAYS SUCCEDED =          0
AT WAVELENGTH # = 7,  # RAYS SUCCEDED =          0
AT WAVELENGTH # = 8,  # RAYS SUCCEDED =          0
AT WAVELENGTH # = 9,  # RAYS SUCCEDED =          0
AT WAVELENGTH # = 10, # RAYS SUCCEDED =          0
FOCUS SHIFT FOR BEST RMS SPOT DIAMETER   = -0.3288952283E-04
FOCUS SHIFT FOR BEST RMS SPOT LENGTH (X) = -0.3331775391E-04
FOCUS SHIFT FOR BEST RMS SPOT LENGTH (Y) = -0.3246129174E-04
TRACING      10000 RAYS AT WAVELENGTH 1
RAYENGINE CHECK (SPOT): rows 10000, mismatches 0
 SPOT DIAGRAM RAY TRACING COMPLETED
 CALCULATING SPOT DIAGRAM STATISTICS...
SPOT DIAGRAM SUMMARY
RMS SPOT DIAMETER   =  0.2276749450E-03 MILLIMETERS
RMS SPOT SIZE   (X) =  0.1409309486E-03 MILLIMETERS
RMS SPOT SIZE   (Y) =  0.1788137252E-03 MILLIMETERS
X-CENTROID POSITION =   0.000000000     MILLIMETERS
Y-CENTROID POSITION =  -9.769489681     MILLIMETERS
CHIEF RAY X-COORD.  =   0.000000000     MILLIMETERS
CHIEF RAY Y-COORD.  =  -9.769507415     MILLIMETERS
# RAYS ATTEMPTED    =      10000 AT EACH WAVELENGTH
% TRANSMISSION      =   24829.
# RAYS SUCCEDED     =       7666 AT ALL WAVELENGTHS
AT WAVELENGTH # = 1,  # RAYS SUCCEDED =       7666
AT WAVELENGTH # = 2,  # RAYS SUCCEDED =          0
AT WAVELENGTH # = 3,  # RAYS SUCCEDED =          0
AT WAVELENGTH # = 4,  # RAYS SUCCEDED =          0
AT WAVELENGTH # = 5,  # RAYS SUCCEDED =          0
AT WAVELENGTH # = 6,  # RAYS SUCCEDED =          0
AT WAVELENGTH # = 7,  # RAYS SUCCEDED =          0
AT WAVELENGTH # = 8,  # RAYS SUCCEDED =          0
AT WAVELENGTH # = 9,  # RAYS SUCCEDED =          0
AT WAVELENGTH # = 10, # RAYS SUCCEDED =          0
FOCUS SHIFT FOR BEST RMS SPOT DIAMETER   = -0.7056338958E-04
FOCUS SHIFT FOR BEST RMS SPOT LENGTH (X) = -0.5957514718E-04
FOCUS SHIFT FOR BEST RMS SPOT LENGTH (Y) = -0.8155163199E-04
TRACING      16384 RAYS AT WAVELENGTH 1
RAYENGINE CHECK (SPOT): rows 16384, mismatches 0
 SPOT DIAGRAM RAY TRACING COMPLETED
 CALCULATING SPOT DIAGRAM STATISTICS...
SPOT DIAGRAM SUMMARY
RMS SPOT DIAMETER   =  0.2352243182E-03 MILLIMETERS
RMS SPOT SIZE   (X) =  0.1460894096E-03 MILLIMETERS
RMS SPOT SIZE   (Y) =  0.1843593347E-03 MILLIMETERS
X-CENTROID POSITION =   0.000000000     MILLIMETERS
Y-CENTROID POSITION =  -9.769489059     MILLIMETERS
CHIEF RAY X-COORD.  =   0.000000000     MILLIMETERS
CHIEF RAY Y-COORD.  =  -9.769507415     MILLIMETERS
# RAYS ATTEMPTED    =      16384 AT EACH WAVELENGTH
% TRANSMISSION      =   24829.
# RAYS SUCCEDED     =      12644 AT ALL WAVELENGTHS
AT WAVELENGTH # = 1,  # RAYS SUCCEDED =      12644
AT WAVELENGTH # = 2,  # RAYS SUCCEDED =          0
AT WAVELENGTH # = 3,  # RAYS SUCCEDED =          0
AT WAVELENGTH # = 4,  # RAYS SUCCEDED =          0
AT WAVELENGTH # = 5,  # RAYS SUCCEDED =          0
AT WAVELENGTH # = 6,  # RAYS SUCCEDED =          0
AT WAVELENGTH # = 7,  # RAYS SUCCEDED =          0
AT WAVELENGTH # = 8,  # RAYS SUCCEDED =          0
AT WAVELENGTH # = 9,  # RAYS SUCCEDED =          0
AT WAVELENGTH # = 10, # RAYS SUCCEDED =          0
FOCUS SHIFT FOR BEST RMS SPOT DIAMETER   = -0.7241898585E-04
FOCUS SHIFT FOR BEST RMS SPOT LENGTH (X) = -0.6122459597E-04
FOCUS SHIFT FOR BEST RMS SPOT LENGTH (Y) = -0.8361337574E-04
RAYENGINE ON
All constraints removed






Field Weights Command WTF     100     100     100 Not supported
TEMPORARY CIRCULAR CLEAR APERTURE =   3.912     X   3.912
 (X x Y), HAS BEEN ASSIGNED TO THE REFERENCE SURFACE
 FOR THE CURRENT SPOT DIAGRAM CALCULATIONS
TRACING         61 RAYS AT WAVELENGTH 1
TRACING         61 RAYS AT WAVELENGTH 2
TRACING         61 RAYS AT WAVELENGTH 3
TRACING         61 RAYS AT WAVELENGTH 4
TRACING         61 RAYS AT WAVELENGTH 5
 SPOT DIAGRAM RAY TRACING COMPLETED
TEMPORARY CIRCULAR CLEAR APERTURE =   3.912     X   3.912
 HAS BEEN REMOVED FROM THE REFERENCE SURFACE
 FOR THE CURRENT SPOT DIAGRAM CALCULATIONS
 CALCULATING SPOT DIAGRAM STATISTICS...
SPOT DIAGRAM SUMMARY
RMS SPOT DIAMETER   =  0.2132372638E-01 MILLIMETERS
RMS SPOT SIZE   (X) =  0.1877806349E-01 MILLIMETERS
RMS SPOT SIZE   (Y) =  0.1010374380E-01 MILLIMETERS
X-CENTROID POSITION =   0.000000000     MILLIMETERS
Y-CENTROID POSITION =   8.826717068     MILLIMETERS
CHIEF RAY X-COORD.  =   0.000000000     MILLIMETERS
CHIEF RAY Y-COORD.  =   8.823115475     MILLIMETERS
# RAYS ATTEMPTED    =         61 AT EACH WAVELENGTH
% TRANSMISSION      =   9848.1
# RAYS SUCCEDED     =        305 AT ALL WAVELENGTHS
AT WAVELENGTH # = 1,  # RAYS SUCCEDED =         61
AT WAVELENGTH # = 2,  # RAYS SUCCEDED =         61
AT WAVELENGTH # = 3,  # RAYS SUCCEDED =         61
AT WAVELENGTH # = 4,  # RAYS SUCCEDED =         61
AT WAVELENGTH # = 5,  # RAYS SUCCEDED =         61
AT WAVELENGTH # = 6,  # RAYS SUCCEDED =          0
AT WAVELENGTH # = 7,  # RAYS SUCCEDED =          0
AT WAVELENGTH # = 8,  # RAYS SUCCEDED =          0
AT WAVELENGTH # = 9,  # RAYS SUCCEDED =          0
AT WAVELENGTH # = 10, # RAYS SUCCEDED =          0
FOCUS SHIFT FOR BEST RMS SPOT DIAMETER   = -0.1061305184
FOCUS SHIFT FOR BEST RMS SPOT LENGTH (X) = -0.1890427780
FOCUS SHIFT FOR BEST RMS SPOT LENGTH (Y) = -0.2321825870E-01
RAYENGINE OFF
TEMPORARY CIRCULAR CLEAR APERTURE =   3.912     X   3.912
 (X x Y), HAS BEEN ASSIGNED TO THE REFERENCE SURFACE
 FOR THE CURRENT SPOT DIAGRAM CALCULATIONS
TRACING         61 RAYS AT WAVELENGTH 1
TRACING         61 RAYS AT WAVELENGTH 2
TRACING         61 RAYS AT WAVELENGTH 3
TRACING         61 RAYS AT WAVELENGTH 4
TRACING         61 RAYS AT WAVELENGTH 5
 SPOT DIAGRAM RAY TRACING COMPLETED
TEMPORARY CIRCULAR CLEAR APERTURE =   3.912     X   3.912
 HAS BEEN REMOVED FROM THE REFERENCE SURFACE
 FOR THE CURRENT SPOT DIAGRAM CALCULATIONS
 CALCULATING SPOT DIAGRAM STATISTICS...
SPOT DIAGRAM SUMMARY
RMS SPOT DIAMETER   =  0.2132372638E-01 MILLIMETERS
RMS SPOT SIZE   (X) =  0.1877806349E-01 MILLIMETERS
RMS SPOT SIZE   (Y) =  0.1010374380E-01 MILLIMETERS
X-CENTROID POSITION =   0.000000000     MILLIMETERS
Y-CENTROID POSITION =   8.826717068     MILLIMETERS
CHIEF RAY X-COORD.  =   0.000000000     MILLIMETERS
CHIEF RAY Y-COORD.  =   8.823115475     MILLIMETERS
# RAYS ATTEMPTED    =         61 AT EACH WAVELENGTH
% TRANSMISSION      =   9848.1
# RAYS SUCCEDED     =        305 AT ALL WAVELENGTHS
AT WAVELENGTH # = 1,  # RAYS SUCCEDED =         61
AT WAVELENGTH # = 2,  # RAYS SUCCEDED =         61
AT WAVELENGTH # = 3,  # RAYS SUCCEDED =         61
AT WAVELENGTH # = 4,  # RAYS SUCCEDED =         61
AT WAVELENGTH # = 5,  # RAYS SUCCEDED =         61
AT WAVELENGTH # = 6,  # RAYS SUCCEDED =          0
AT WAVELENGTH # = 7,  # RAYS SUCCEDED =          0
AT WAVELENGTH # = 8,  # RAYS SUCCEDED =          0
AT WAVELENGTH # = 9,  # RAYS SUCCEDED =          0
AT WAVELENGTH # = 10, # RAYS SUCCEDED =          0
FOCUS SHIFT FOR BEST RMS SPOT DIAMETER   = -0.1061305184
FOCUS SHIFT FOR BEST RMS SPOT LENGTH (X) = -0.1890427780
FOCUS SHIFT FOR BEST RMS SPOT LENGTH (Y) = -0.2321825870E-01
RAYENGINE ON
